[started_at] 2026-06-01T08:54:23.066931+00:00
[cmd] /usr/local/miniconda3/envs/py310/bin/python -m src.infer --config /root/cej_isolated_runs/C/stage1_data_learning_curve_20260601_075445/experiments/pct060/config/best_theta_0.25.yaml
[2026-06-01 08:54:28,015] INFO - inferred case=ToothFairy3F_040 tooth=11
[2026-06-01 08:54:28,185] INFO - inferred case=ToothFairy3F_040 tooth=12
[2026-06-01 08:54:28,366] INFO - inferred case=ToothFairy3F_040 tooth=13
[2026-06-01 08:54:28,515] INFO - inferred case=ToothFairy3F_040 tooth=14
[2026-06-01 08:54:28,687] INFO - inferred case=ToothFairy3F_040 tooth=15
[2026-06-01 08:54:28,931] INFO - inferred case=ToothFairy3F_040 tooth=16
[2026-06-01 08:54:29,159] INFO - inferred case=ToothFairy3F_040 tooth=17
[2026-06-01 08:54:29,317] INFO - inferred case=ToothFairy3F_040 tooth=21
[2026-06-01 08:54:29,464] INFO - inferred case=ToothFairy3F_040 tooth=22
[2026-06-01 08:54:29,622] INFO - inferred case=ToothFairy3F_040 tooth=23
[2026-06-01 08:54:29,769] INFO - inferred case=ToothFairy3F_040 tooth=24
[2026-06-01 08:54:29,913] INFO - inferred case=ToothFairy3F_040 tooth=25
[2026-06-01 08:54:30,106] INFO - inferred case=ToothFairy3F_040 tooth=26
[2026-06-01 08:54:30,289] INFO - inferred case=ToothFairy3F_040 tooth=27
[2026-06-01 08:54:30,495] INFO - inferred case=ToothFairy3F_040 tooth=31
[2026-06-01 08:54:30,732] INFO - inferred case=ToothFairy3F_040 tooth=32
[2026-06-01 08:54:31,007] INFO - inferred case=ToothFairy3F_040 tooth=33
[2026-06-01 08:54:31,252] INFO - inferred case=ToothFairy3F_040 tooth=34
[2026-06-01 08:54:31,502] INFO - inferred case=ToothFairy3F_040 tooth=35
[2026-06-01 08:54:31,830] INFO - inferred case=ToothFairy3F_040 tooth=36
[2026-06-01 08:54:32,165] INFO - inferred case=ToothFairy3F_040 tooth=37
[2026-06-01 08:54:32,507] INFO - inferred case=ToothFairy3F_040 tooth=38
[2026-06-01 08:54:32,714] INFO - inferred case=ToothFairy3F_040 tooth=41
[2026-06-01 08:54:32,913] INFO - inferred case=ToothFairy3F_040 tooth=42
[2026-06-01 08:54:33,151] INFO - inferred case=ToothFairy3F_040 tooth=43
[2026-06-01 08:54:33,402] INFO - inferred case=ToothFairy3F_040 tooth=44
[2026-06-01 08:54:33,628] INFO - inferred case=ToothFairy3F_040 tooth=45
[2026-06-01 08:54:33,943] INFO - inferred case=ToothFairy3F_040 tooth=46
[2026-06-01 08:54:34,299] INFO - inferred case=ToothFairy3F_040 tooth=47
[2026-06-01 08:54:34,686] INFO - inferred case=ToothFairy3F_040 tooth=48
[2026-06-01 08:54:34,868] INFO - inferred case=ToothFairy3F_044 tooth=11
[2026-06-01 08:54:35,067] INFO - inferred case=ToothFairy3F_044 tooth=12
[2026-06-01 08:54:35,278] INFO - inferred case=ToothFairy3F_044 tooth=13
[2026-06-01 08:54:35,535] INFO - inferred case=ToothFairy3F_044 tooth=14
[2026-06-01 08:54:35,722] INFO - inferred case=ToothFairy3F_044 tooth=15
[2026-06-01 08:54:35,993] INFO - inferred case=ToothFairy3F_044 tooth=16
[2026-06-01 08:54:36,202] INFO - inferred case=ToothFairy3F_044 tooth=21
[2026-06-01 08:54:36,401] INFO - inferred case=ToothFairy3F_044 tooth=22
[2026-06-01 08:54:36,595] INFO - inferred case=ToothFairy3F_044 tooth=23
[2026-06-01 08:54:36,768] INFO - inferred case=ToothFairy3F_044 tooth=24
[2026-06-01 08:54:36,926] INFO - inferred case=ToothFairy3F_044 tooth=25
[2026-06-01 08:54:37,251] INFO - inferred case=ToothFairy3F_044 tooth=26
[2026-06-01 08:54:37,472] INFO - inferred case=ToothFairy3F_044 tooth=27
[2026-06-01 08:54:37,649] INFO - inferred case=ToothFairy3F_044 tooth=28
[2026-06-01 08:54:37,858] INFO - inferred case=ToothFairy3F_044 tooth=31
[2026-06-01 08:54:38,079] INFO - inferred case=ToothFairy3F_044 tooth=32
[2026-06-01 08:54:38,351] INFO - inferred case=ToothFairy3F_044 tooth=33
[2026-06-01 08:54:38,602] INFO - inferred case=ToothFairy3F_044 tooth=34
[2026-06-01 08:54:38,855] INFO - inferred case=ToothFairy3F_044 tooth=35
[2026-06-01 08:54:39,202] INFO - inferred case=ToothFairy3F_044 tooth=36
[2026-06-01 08:54:39,408] INFO - inferred case=ToothFairy3F_044 tooth=41
[2026-06-01 08:54:39,618] INFO - inferred case=ToothFairy3F_044 tooth=42
[2026-06-01 08:54:39,897] INFO - inferred case=ToothFairy3F_044 tooth=43
[2026-06-01 08:54:40,135] INFO - inferred case=ToothFairy3F_044 tooth=44
[2026-06-01 08:54:40,372] INFO - inferred case=ToothFairy3F_044 tooth=45
[2026-06-01 08:54:40,744] INFO - inferred case=ToothFairy3F_044 tooth=46
[2026-06-01 08:54:41,119] INFO - inferred case=ToothFairy3F_044 tooth=47
[2026-06-01 08:54:41,461] INFO - inferred case=ToothFairy3F_044 tooth=48
[2026-06-01 08:54:41,723] INFO - inferred case=ToothFairy3F_052 tooth=11
[2026-06-01 08:54:41,917] INFO - inferred case=ToothFairy3F_052 tooth=12
[2026-06-01 08:54:42,144] INFO - inferred case=ToothFairy3F_052 tooth=13
[2026-06-01 08:54:42,363] INFO - inferred case=ToothFairy3F_052 tooth=14
[2026-06-01 08:54:42,587] INFO - inferred case=ToothFairy3F_052 tooth=15
[2026-06-01 08:54:42,895] INFO - inferred case=ToothFairy3F_052 tooth=16
[2026-06-01 08:54:43,194] INFO - inferred case=ToothFairy3F_052 tooth=17
[2026-06-01 08:54:43,437] INFO - inferred case=ToothFairy3F_052 tooth=18
[2026-06-01 08:54:43,659] INFO - inferred case=ToothFairy3F_052 tooth=21
[2026-06-01 08:54:43,883] INFO - inferred case=ToothFairy3F_052 tooth=22
[2026-06-01 08:54:44,096] INFO - inferred case=ToothFairy3F_052 tooth=23
[2026-06-01 08:54:44,320] INFO - inferred case=ToothFairy3F_052 tooth=24
[2026-06-01 08:54:44,529] INFO - inferred case=ToothFairy3F_052 tooth=25
[2026-06-01 08:54:44,813] INFO - inferred case=ToothFairy3F_052 tooth=26
[2026-06-01 08:54:45,093] INFO - inferred case=ToothFairy3F_052 tooth=27
[2026-06-01 08:54:45,334] INFO - inferred case=ToothFairy3F_052 tooth=31
[2026-06-01 08:54:45,560] INFO - inferred case=ToothFairy3F_052 tooth=32
[2026-06-01 08:54:45,843] INFO - inferred case=ToothFairy3F_052 tooth=33
[2026-06-01 08:54:46,078] INFO - inferred case=ToothFairy3F_052 tooth=34
[2026-06-01 08:54:46,368] INFO - inferred case=ToothFairy3F_052 tooth=35
[2026-06-01 08:54:46,704] INFO - inferred case=ToothFairy3F_052 tooth=36
[2026-06-01 08:54:47,003] INFO - inferred case=ToothFairy3F_052 tooth=37
[2026-06-01 08:54:47,295] INFO - inferred case=ToothFairy3F_052 tooth=38
[2026-06-01 08:54:47,479] INFO - inferred case=ToothFairy3F_052 tooth=41
[2026-06-01 08:54:47,668] INFO - inferred case=ToothFairy3F_052 tooth=42
[2026-06-01 08:54:47,883] INFO - inferred case=ToothFairy3F_052 tooth=43
[2026-06-01 08:54:48,089] INFO - inferred case=ToothFairy3F_052 tooth=44
[2026-06-01 08:54:48,323] INFO - inferred case=ToothFairy3F_052 tooth=45
[2026-06-01 08:54:48,674] INFO - inferred case=ToothFairy3F_052 tooth=46
[2026-06-01 08:54:48,963] INFO - inferred case=ToothFairy3F_052 tooth=47
[2026-06-01 08:54:52,915] INFO - stitched case=ToothFairy3F_040
[2026-06-01 08:54:56,750] INFO - stitched case=ToothFairy3F_044
[2026-06-01 08:55:00,520] INFO - stitched case=ToothFairy3F_052
[finished_at] 2026-06-01T08:55:01.360660+00:00
[returncode] 0
