[started_at] 2026-06-01T08:55:05.653397+00:00
[cmd] /usr/local/miniconda3/envs/py310/bin/python -m src.infer --config /root/cej_isolated_runs/C/stage1_data_learning_curve_20260601_075445/experiments/pct060/config/best_theta_0.30.yaml
[2026-06-01 08:55:10,687] INFO - inferred case=ToothFairy3F_040 tooth=11
[2026-06-01 08:55:10,855] INFO - inferred case=ToothFairy3F_040 tooth=12
[2026-06-01 08:55:11,037] INFO - inferred case=ToothFairy3F_040 tooth=13
[2026-06-01 08:55:11,190] INFO - inferred case=ToothFairy3F_040 tooth=14
[2026-06-01 08:55:11,363] INFO - inferred case=ToothFairy3F_040 tooth=15
[2026-06-01 08:55:11,608] INFO - inferred case=ToothFairy3F_040 tooth=16
[2026-06-01 08:55:11,837] INFO - inferred case=ToothFairy3F_040 tooth=17
[2026-06-01 08:55:11,991] INFO - inferred case=ToothFairy3F_040 tooth=21
[2026-06-01 08:55:12,138] INFO - inferred case=ToothFairy3F_040 tooth=22
[2026-06-01 08:55:12,292] INFO - inferred case=ToothFairy3F_040 tooth=23
[2026-06-01 08:55:12,439] INFO - inferred case=ToothFairy3F_040 tooth=24
[2026-06-01 08:55:12,590] INFO - inferred case=ToothFairy3F_040 tooth=25
[2026-06-01 08:55:12,781] INFO - inferred case=ToothFairy3F_040 tooth=26
[2026-06-01 08:55:12,962] INFO - inferred case=ToothFairy3F_040 tooth=27
[2026-06-01 08:55:13,170] INFO - inferred case=ToothFairy3F_040 tooth=31
[2026-06-01 08:55:13,408] INFO - inferred case=ToothFairy3F_040 tooth=32
[2026-06-01 08:55:13,683] INFO - inferred case=ToothFairy3F_040 tooth=33
[2026-06-01 08:55:13,937] INFO - inferred case=ToothFairy3F_040 tooth=34
[2026-06-01 08:55:14,191] INFO - inferred case=ToothFairy3F_040 tooth=35
[2026-06-01 08:55:14,521] INFO - inferred case=ToothFairy3F_040 tooth=36
[2026-06-01 08:55:14,862] INFO - inferred case=ToothFairy3F_040 tooth=37
[2026-06-01 08:55:15,218] INFO - inferred case=ToothFairy3F_040 tooth=38
[2026-06-01 08:55:15,431] INFO - inferred case=ToothFairy3F_040 tooth=41
[2026-06-01 08:55:15,670] INFO - inferred case=ToothFairy3F_040 tooth=42
[2026-06-01 08:55:15,940] INFO - inferred case=ToothFairy3F_040 tooth=43
[2026-06-01 08:55:16,237] INFO - inferred case=ToothFairy3F_040 tooth=44
[2026-06-01 08:55:16,499] INFO - inferred case=ToothFairy3F_040 tooth=45
[2026-06-01 08:55:16,840] INFO - inferred case=ToothFairy3F_040 tooth=46
[2026-06-01 08:55:17,192] INFO - inferred case=ToothFairy3F_040 tooth=47
[2026-06-01 08:55:17,579] INFO - inferred case=ToothFairy3F_040 tooth=48
[2026-06-01 08:55:17,762] INFO - inferred case=ToothFairy3F_044 tooth=11
[2026-06-01 08:55:17,943] INFO - inferred case=ToothFairy3F_044 tooth=12
[2026-06-01 08:55:18,122] INFO - inferred case=ToothFairy3F_044 tooth=13
[2026-06-01 08:55:18,312] INFO - inferred case=ToothFairy3F_044 tooth=14
[2026-06-01 08:55:18,458] INFO - inferred case=ToothFairy3F_044 tooth=15
[2026-06-01 08:55:18,709] INFO - inferred case=ToothFairy3F_044 tooth=16
[2026-06-01 08:55:18,876] INFO - inferred case=ToothFairy3F_044 tooth=21
[2026-06-01 08:55:19,069] INFO - inferred case=ToothFairy3F_044 tooth=22
[2026-06-01 08:55:19,244] INFO - inferred case=ToothFairy3F_044 tooth=23
[2026-06-01 08:55:19,420] INFO - inferred case=ToothFairy3F_044 tooth=24
[2026-06-01 08:55:19,579] INFO - inferred case=ToothFairy3F_044 tooth=25
[2026-06-01 08:55:19,906] INFO - inferred case=ToothFairy3F_044 tooth=26
[2026-06-01 08:55:20,118] INFO - inferred case=ToothFairy3F_044 tooth=27
[2026-06-01 08:55:20,294] INFO - inferred case=ToothFairy3F_044 tooth=28
[2026-06-01 08:55:20,527] INFO - inferred case=ToothFairy3F_044 tooth=31
[2026-06-01 08:55:20,749] INFO - inferred case=ToothFairy3F_044 tooth=32
[2026-06-01 08:55:21,020] INFO - inferred case=ToothFairy3F_044 tooth=33
[2026-06-01 08:55:21,272] INFO - inferred case=ToothFairy3F_044 tooth=34
[2026-06-01 08:55:21,523] INFO - inferred case=ToothFairy3F_044 tooth=35
[2026-06-01 08:55:21,863] INFO - inferred case=ToothFairy3F_044 tooth=36
[2026-06-01 08:55:22,072] INFO - inferred case=ToothFairy3F_044 tooth=41
[2026-06-01 08:55:22,285] INFO - inferred case=ToothFairy3F_044 tooth=42
[2026-06-01 08:55:22,562] INFO - inferred case=ToothFairy3F_044 tooth=43
[2026-06-01 08:55:22,798] INFO - inferred case=ToothFairy3F_044 tooth=44
[2026-06-01 08:55:23,034] INFO - inferred case=ToothFairy3F_044 tooth=45
[2026-06-01 08:55:23,401] INFO - inferred case=ToothFairy3F_044 tooth=46
[2026-06-01 08:55:23,775] INFO - inferred case=ToothFairy3F_044 tooth=47
[2026-06-01 08:55:24,107] INFO - inferred case=ToothFairy3F_044 tooth=48
[2026-06-01 08:55:24,319] INFO - inferred case=ToothFairy3F_052 tooth=11
[2026-06-01 08:55:24,511] INFO - inferred case=ToothFairy3F_052 tooth=12
[2026-06-01 08:55:24,745] INFO - inferred case=ToothFairy3F_052 tooth=13
[2026-06-01 08:55:25,003] INFO - inferred case=ToothFairy3F_052 tooth=14
[2026-06-01 08:55:25,258] INFO - inferred case=ToothFairy3F_052 tooth=15
[2026-06-01 08:55:25,570] INFO - inferred case=ToothFairy3F_052 tooth=16
[2026-06-01 08:55:25,899] INFO - inferred case=ToothFairy3F_052 tooth=17
[2026-06-01 08:55:26,146] INFO - inferred case=ToothFairy3F_052 tooth=18
[2026-06-01 08:55:26,404] INFO - inferred case=ToothFairy3F_052 tooth=21
[2026-06-01 08:55:26,636] INFO - inferred case=ToothFairy3F_052 tooth=22
[2026-06-01 08:55:26,850] INFO - inferred case=ToothFairy3F_052 tooth=23
[2026-06-01 08:55:27,075] INFO - inferred case=ToothFairy3F_052 tooth=24
[2026-06-01 08:55:27,287] INFO - inferred case=ToothFairy3F_052 tooth=25
[2026-06-01 08:55:27,569] INFO - inferred case=ToothFairy3F_052 tooth=26
[2026-06-01 08:55:27,838] INFO - inferred case=ToothFairy3F_052 tooth=27
[2026-06-01 08:55:28,037] INFO - inferred case=ToothFairy3F_052 tooth=31
[2026-06-01 08:55:28,246] INFO - inferred case=ToothFairy3F_052 tooth=32
[2026-06-01 08:55:28,491] INFO - inferred case=ToothFairy3F_052 tooth=33
[2026-06-01 08:55:28,687] INFO - inferred case=ToothFairy3F_052 tooth=34
[2026-06-01 08:55:28,943] INFO - inferred case=ToothFairy3F_052 tooth=35
[2026-06-01 08:55:29,236] INFO - inferred case=ToothFairy3F_052 tooth=36
[2026-06-01 08:55:29,536] INFO - inferred case=ToothFairy3F_052 tooth=37
[2026-06-01 08:55:29,827] INFO - inferred case=ToothFairy3F_052 tooth=38
[2026-06-01 08:55:30,012] INFO - inferred case=ToothFairy3F_052 tooth=41
[2026-06-01 08:55:30,204] INFO - inferred case=ToothFairy3F_052 tooth=42
[2026-06-01 08:55:30,421] INFO - inferred case=ToothFairy3F_052 tooth=43
[2026-06-01 08:55:30,626] INFO - inferred case=ToothFairy3F_052 tooth=44
[2026-06-01 08:55:30,862] INFO - inferred case=ToothFairy3F_052 tooth=45
[2026-06-01 08:55:31,210] INFO - inferred case=ToothFairy3F_052 tooth=46
[2026-06-01 08:55:31,496] INFO - inferred case=ToothFairy3F_052 tooth=47
[2026-06-01 08:55:35,125] INFO - stitched case=ToothFairy3F_040
[2026-06-01 08:55:38,538] INFO - stitched case=ToothFairy3F_044
[2026-06-01 08:55:42,320] INFO - stitched case=ToothFairy3F_052
[finished_at] 2026-06-01T08:55:43.159723+00:00
[returncode] 0
