[started_at] 2026-06-01T08:53:39.019029+00:00
[cmd] /usr/local/miniconda3/envs/py310/bin/python -m src.infer --config /root/cej_isolated_runs/C/stage1_data_learning_curve_20260601_075445/experiments/pct060/config/best_theta_0.20.yaml
[2026-06-01 08:53:45,199] INFO - inferred case=ToothFairy3F_040 tooth=11
[2026-06-01 08:53:45,373] INFO - inferred case=ToothFairy3F_040 tooth=12
[2026-06-01 08:53:45,567] INFO - inferred case=ToothFairy3F_040 tooth=13
[2026-06-01 08:53:45,722] INFO - inferred case=ToothFairy3F_040 tooth=14
[2026-06-01 08:53:45,932] INFO - inferred case=ToothFairy3F_040 tooth=15
[2026-06-01 08:53:46,217] INFO - inferred case=ToothFairy3F_040 tooth=16
[2026-06-01 08:53:46,507] INFO - inferred case=ToothFairy3F_040 tooth=17
[2026-06-01 08:53:46,677] INFO - inferred case=ToothFairy3F_040 tooth=21
[2026-06-01 08:53:46,829] INFO - inferred case=ToothFairy3F_040 tooth=22
[2026-06-01 08:53:46,986] INFO - inferred case=ToothFairy3F_040 tooth=23
[2026-06-01 08:53:47,139] INFO - inferred case=ToothFairy3F_040 tooth=24
[2026-06-01 08:53:47,287] INFO - inferred case=ToothFairy3F_040 tooth=25
[2026-06-01 08:53:47,483] INFO - inferred case=ToothFairy3F_040 tooth=26
[2026-06-01 08:53:47,671] INFO - inferred case=ToothFairy3F_040 tooth=27
[2026-06-01 08:53:47,879] INFO - inferred case=ToothFairy3F_040 tooth=31
[2026-06-01 08:53:48,119] INFO - inferred case=ToothFairy3F_040 tooth=32
[2026-06-01 08:53:48,400] INFO - inferred case=ToothFairy3F_040 tooth=33
[2026-06-01 08:53:48,669] INFO - inferred case=ToothFairy3F_040 tooth=34
[2026-06-01 08:53:48,922] INFO - inferred case=ToothFairy3F_040 tooth=35
[2026-06-01 08:53:49,263] INFO - inferred case=ToothFairy3F_040 tooth=36
[2026-06-01 08:53:49,617] INFO - inferred case=ToothFairy3F_040 tooth=37
[2026-06-01 08:53:49,970] INFO - inferred case=ToothFairy3F_040 tooth=38
[2026-06-01 08:53:50,183] INFO - inferred case=ToothFairy3F_040 tooth=41
[2026-06-01 08:53:50,383] INFO - inferred case=ToothFairy3F_040 tooth=42
[2026-06-01 08:53:50,626] INFO - inferred case=ToothFairy3F_040 tooth=43
[2026-06-01 08:53:50,880] INFO - inferred case=ToothFairy3F_040 tooth=44
[2026-06-01 08:53:51,113] INFO - inferred case=ToothFairy3F_040 tooth=45
[2026-06-01 08:53:51,443] INFO - inferred case=ToothFairy3F_040 tooth=46
[2026-06-01 08:53:51,804] INFO - inferred case=ToothFairy3F_040 tooth=47
[2026-06-01 08:53:52,216] INFO - inferred case=ToothFairy3F_040 tooth=48
[2026-06-01 08:53:52,398] INFO - inferred case=ToothFairy3F_044 tooth=11
[2026-06-01 08:53:52,586] INFO - inferred case=ToothFairy3F_044 tooth=12
[2026-06-01 08:53:52,764] INFO - inferred case=ToothFairy3F_044 tooth=13
[2026-06-01 08:53:52,955] INFO - inferred case=ToothFairy3F_044 tooth=14
[2026-06-01 08:53:53,104] INFO - inferred case=ToothFairy3F_044 tooth=15
[2026-06-01 08:53:53,352] INFO - inferred case=ToothFairy3F_044 tooth=16
[2026-06-01 08:53:53,522] INFO - inferred case=ToothFairy3F_044 tooth=21
[2026-06-01 08:53:53,728] INFO - inferred case=ToothFairy3F_044 tooth=22
[2026-06-01 08:53:53,904] INFO - inferred case=ToothFairy3F_044 tooth=23
[2026-06-01 08:53:54,080] INFO - inferred case=ToothFairy3F_044 tooth=24
[2026-06-01 08:53:54,239] INFO - inferred case=ToothFairy3F_044 tooth=25
[2026-06-01 08:53:54,572] INFO - inferred case=ToothFairy3F_044 tooth=26
[2026-06-01 08:53:54,809] INFO - inferred case=ToothFairy3F_044 tooth=27
[2026-06-01 08:53:55,026] INFO - inferred case=ToothFairy3F_044 tooth=28
[2026-06-01 08:53:55,278] INFO - inferred case=ToothFairy3F_044 tooth=31
[2026-06-01 08:53:55,530] INFO - inferred case=ToothFairy3F_044 tooth=32
[2026-06-01 08:53:55,827] INFO - inferred case=ToothFairy3F_044 tooth=33
[2026-06-01 08:53:56,094] INFO - inferred case=ToothFairy3F_044 tooth=34
[2026-06-01 08:53:56,385] INFO - inferred case=ToothFairy3F_044 tooth=35
[2026-06-01 08:53:56,777] INFO - inferred case=ToothFairy3F_044 tooth=36
[2026-06-01 08:53:56,985] INFO - inferred case=ToothFairy3F_044 tooth=41
[2026-06-01 08:53:57,198] INFO - inferred case=ToothFairy3F_044 tooth=42
[2026-06-01 08:53:57,480] INFO - inferred case=ToothFairy3F_044 tooth=43
[2026-06-01 08:53:57,722] INFO - inferred case=ToothFairy3F_044 tooth=44
[2026-06-01 08:53:57,965] INFO - inferred case=ToothFairy3F_044 tooth=45
[2026-06-01 08:53:58,326] INFO - inferred case=ToothFairy3F_044 tooth=46
[2026-06-01 08:53:58,700] INFO - inferred case=ToothFairy3F_044 tooth=47
[2026-06-01 08:53:59,046] INFO - inferred case=ToothFairy3F_044 tooth=48
[2026-06-01 08:53:59,264] INFO - inferred case=ToothFairy3F_052 tooth=11
[2026-06-01 08:53:59,463] INFO - inferred case=ToothFairy3F_052 tooth=12
[2026-06-01 08:53:59,697] INFO - inferred case=ToothFairy3F_052 tooth=13
[2026-06-01 08:53:59,922] INFO - inferred case=ToothFairy3F_052 tooth=14
[2026-06-01 08:54:00,150] INFO - inferred case=ToothFairy3F_052 tooth=15
[2026-06-01 08:54:00,460] INFO - inferred case=ToothFairy3F_052 tooth=16
[2026-06-01 08:54:00,769] INFO - inferred case=ToothFairy3F_052 tooth=17
[2026-06-01 08:54:01,015] INFO - inferred case=ToothFairy3F_052 tooth=18
[2026-06-01 08:54:01,245] INFO - inferred case=ToothFairy3F_052 tooth=21
[2026-06-01 08:54:01,480] INFO - inferred case=ToothFairy3F_052 tooth=22
[2026-06-01 08:54:01,699] INFO - inferred case=ToothFairy3F_052 tooth=23
[2026-06-01 08:54:01,931] INFO - inferred case=ToothFairy3F_052 tooth=24
[2026-06-01 08:54:02,147] INFO - inferred case=ToothFairy3F_052 tooth=25
[2026-06-01 08:54:02,436] INFO - inferred case=ToothFairy3F_052 tooth=26
[2026-06-01 08:54:02,724] INFO - inferred case=ToothFairy3F_052 tooth=27
[2026-06-01 08:54:02,934] INFO - inferred case=ToothFairy3F_052 tooth=31
[2026-06-01 08:54:03,147] INFO - inferred case=ToothFairy3F_052 tooth=32
[2026-06-01 08:54:03,396] INFO - inferred case=ToothFairy3F_052 tooth=33
[2026-06-01 08:54:03,597] INFO - inferred case=ToothFairy3F_052 tooth=34
[2026-06-01 08:54:03,860] INFO - inferred case=ToothFairy3F_052 tooth=35
[2026-06-01 08:54:04,161] INFO - inferred case=ToothFairy3F_052 tooth=36
[2026-06-01 08:54:04,464] INFO - inferred case=ToothFairy3F_052 tooth=37
[2026-06-01 08:54:04,763] INFO - inferred case=ToothFairy3F_052 tooth=38
[2026-06-01 08:54:04,954] INFO - inferred case=ToothFairy3F_052 tooth=41
[2026-06-01 08:54:05,187] INFO - inferred case=ToothFairy3F_052 tooth=42
[2026-06-01 08:54:05,422] INFO - inferred case=ToothFairy3F_052 tooth=43
[2026-06-01 08:54:05,672] INFO - inferred case=ToothFairy3F_052 tooth=44
[2026-06-01 08:54:05,954] INFO - inferred case=ToothFairy3F_052 tooth=45
[2026-06-01 08:54:06,347] INFO - inferred case=ToothFairy3F_052 tooth=46
[2026-06-01 08:54:06,677] INFO - inferred case=ToothFairy3F_052 tooth=47
[2026-06-01 08:54:10,649] INFO - stitched case=ToothFairy3F_040
[2026-06-01 08:54:14,341] INFO - stitched case=ToothFairy3F_044
[2026-06-01 08:54:18,375] INFO - stitched case=ToothFairy3F_052
[finished_at] 2026-06-01T08:54:19.216830+00:00
[returncode] 0
