[started_at] 2026-05-07T18:32:22.746610+00:00
[cmd] /usr/local/miniconda3/envs/py310/bin/python -m src.train_loss_earlystop --config /root/cej_isolated_runs/C/cej_loss_earlystop_20260507_004/experiments/exp03_skeleton_aux_loss/config/train.yaml
[2026-05-07 18:32:35,534] INFO - loaded pretrained=/root/cej_isolated_runs/C/cej_loss_earlystop_20260507_004/input/checkpoints/unsup_last.pt strict=False missing=0 unexpected=0
[2026-05-07 18:33:13,977] INFO - epoch=0 train_loss=1.111744 holdout_loss=0.677009 score=2.500217 sym_p95=18.89444351196289 no_curve=3 bad_rate=0.6308 vox03=8355.584615384616 cc=3.8615384615384616 wrap=0.18039857228126627 best_score=None best_epoch=None patience=0/8 active=False
[2026-05-07 18:33:48,699] INFO - epoch=1 train_loss=0.479842 holdout_loss=0.614098 score=1.887581 sym_p95=12.041594505310059 no_curve=1 bad_rate=0.6000 vox03=8776.6 cc=1.6615384615384616 wrap=0.15670966289669705 best_score=None best_epoch=None patience=0/8 active=False
[2026-05-07 18:34:22,819] INFO - epoch=2 train_loss=0.449416 holdout_loss=0.637132 score=2.082478 sym_p95=14.016050767898456 no_curve=2 bad_rate=0.4923 vox03=6568.430769230769 cc=1.4 wrap=0.17701962506077107 best_score=None best_epoch=None patience=0/8 active=False
[2026-05-07 18:34:57,341] INFO - epoch=3 train_loss=0.439296 holdout_loss=0.591453 score=1.897248 sym_p95=11.465144157409542 no_curve=2 bad_rate=0.4308 vox03=7693.615384615385 cc=1.6 wrap=0.21621764649829134 best_score=None best_epoch=None patience=0/8 active=False
[2026-05-07 18:35:31,805] INFO - epoch=4 train_loss=0.431414 holdout_loss=0.559605 score=1.601906 sym_p95=8.306623458862305 no_curve=1 bad_rate=0.3692 vox03=8354.938461538462 cc=1.4153846153846155 wrap=0.24931874658728526 best_score=None best_epoch=None patience=0/8 active=False
[2026-05-07 18:36:06,434] INFO - epoch=5 train_loss=0.423233 holdout_loss=0.538167 score=1.131485 sym_p95=8.246211051940918 no_curve=0 bad_rate=0.3385 vox03=7975.830769230769 cc=1.8615384615384616 wrap=0.2691596019992781 best_score=None best_epoch=None patience=0/8 active=False
[2026-05-07 18:36:39,005] INFO - epoch=6 train_loss=0.419022 holdout_loss=0.554936 score=1.660715 sym_p95=9.273618698120117 no_curve=1 bad_rate=0.3846 vox03=7109.138461538461 cc=1.4307692307692308 wrap=0.26384470828576284 best_score=None best_epoch=None patience=0/8 active=False
[2026-05-07 18:37:13,847] INFO - epoch=7 train_loss=0.416402 holdout_loss=0.530296 score=1.649288 sym_p95=9.219544410705566 no_curve=1 bad_rate=0.4615 vox03=8156.076923076923 cc=1.6 wrap=0.26490704493440637 best_score=None best_epoch=None patience=0/8 active=False
[2026-05-07 18:37:47,558] INFO - epoch=8 train_loss=0.412094 holdout_loss=0.561131 score=1.115649 sym_p95=7.681145668029785 no_curve=0 bad_rate=0.3385 vox03=6508.615384615385 cc=1.2153846153846153 wrap=0.26774828977178905 best_score=None best_epoch=None patience=0/8 active=False
[2026-05-07 18:38:21,239] INFO - epoch=9 train_loss=0.409041 holdout_loss=0.544612 score=1.030441 sym_p95=6.78233003616333 no_curve=0 bad_rate=0.3077 vox03=6597.953846153846 cc=1.353846153846154 wrap=0.2906837231758673 best_score=None best_epoch=None patience=0/8 active=False
[2026-05-07 18:39:05,532] INFO - epoch=10 train_loss=0.407560 holdout_loss=0.531550 score=1.029054 sym_p95=6.4031243324279785 no_curve=0 bad_rate=0.3385 vox03=7023.8 cc=1.3076923076923077 wrap=0.2862310641878807 best_score=1.029053864747912 best_epoch=10 patience=0/8 active=True
[2026-05-07 18:39:50,391] INFO - epoch=11 train_loss=0.406974 holdout_loss=0.513713 score=0.994447 sym_p95=6.4031243324279785 no_curve=0 bad_rate=0.3692 vox03=7687.215384615384 cc=1.2307692307692308 wrap=0.26103601759398026 best_score=0.994446941121174 best_epoch=11 patience=0/8 active=True
[2026-05-07 18:40:23,480] INFO - epoch=12 train_loss=0.406455 holdout_loss=0.553534 score=1.593432 sym_p95=8.306623458862305 no_curve=1 bad_rate=0.2923 vox03=6214.892307692307 cc=1.1846153846153846 wrap=0.26615067924849967 best_score=0.994446941121174 best_epoch=11 patience=1/8 active=True
[2026-05-07 18:40:56,744] INFO - epoch=13 train_loss=0.404421 holdout_loss=0.523982 score=1.417889 sym_p95=5.74456262588501 no_curve=1 bad_rate=0.2615 vox03=6947.907692307693 cc=1.0923076923076922 wrap=0.29096632857534666 best_score=0.994446941121174 best_epoch=11 patience=2/8 active=True
[2026-05-07 18:41:29,323] INFO - epoch=14 train_loss=0.402471 holdout_loss=0.548872 score=1.679495 sym_p95=8.66025447845459 no_curve=2 bad_rate=0.2308 vox03=6054.123076923077 cc=1.0769230769230769 wrap=0.27348016217160626 best_score=0.994446941121174 best_epoch=11 patience=3/8 active=True
[2026-05-07 18:42:15,739] INFO - epoch=15 train_loss=0.400374 holdout_loss=0.489505 score=0.956207 sym_p95=6.7082037925720215 no_curve=0 bad_rate=0.4462 vox03=8774.892307692307 cc=1.2 wrap=0.2876031943445225 best_score=0.956207247457251 best_epoch=15 patience=0/8 active=True
[2026-05-07 18:42:47,326] INFO - epoch=16 train_loss=0.399940 holdout_loss=0.545688 score=1.448380 sym_p95=6.0 no_curve=1 bad_rate=0.2769 vox03=6059.569230769231 cc=1.1692307692307693 wrap=0.28122838778563636 best_score=0.956207247457251 best_epoch=15 patience=1/8 active=True
[2026-05-07 18:43:30,326] INFO - epoch=17 train_loss=0.399512 holdout_loss=0.509955 score=0.876353 sym_p95=5.4772257804870605 no_curve=0 bad_rate=0.2769 vox03=6786.0 cc=1.2307692307692308 wrap=0.27457266979700007 best_score=0.8763531931676651 best_epoch=17 patience=0/8 active=True
[2026-05-07 18:44:02,331] INFO - epoch=18 train_loss=0.398129 holdout_loss=0.509159 score=0.910025 sym_p95=5.385164737701416 no_curve=0 bad_rate=0.2615 vox03=6647.969230769231 cc=1.123076923076923 wrap=0.29866925408375444 best_score=0.8763531931676651 best_epoch=17 patience=1/8 active=True
[2026-05-07 18:44:35,502] INFO - epoch=19 train_loss=0.398087 holdout_loss=0.525221 score=1.401150 sym_p95=5.4772257804870605 no_curve=1 bad_rate=0.2308 vox03=6202.446153846154 cc=1.1692307692307693 wrap=0.28828171077209575 best_score=0.8763531931676651 best_epoch=17 patience=2/8 active=True
[2026-05-07 18:45:07,765] INFO - epoch=20 train_loss=0.398110 holdout_loss=0.504529 score=0.896371 sym_p95=5.099019527435303 no_curve=0 bad_rate=0.2615 vox03=7057.584615384615 cc=1.1846153846153846 wrap=0.26620264432750534 best_score=0.8763531931676651 best_epoch=17 patience=3/8 active=True
[2026-05-07 18:45:40,922] INFO - epoch=21 train_loss=0.397544 holdout_loss=0.498319 score=0.912488 sym_p95=5.099019527435303 no_curve=0 bad_rate=0.2615 vox03=7229.9384615384615 cc=1.1076923076923078 wrap=0.2945734971000122 best_score=0.8763531931676651 best_epoch=17 patience=4/8 active=True
[2026-05-07 18:46:25,736] INFO - epoch=22 train_loss=0.396575 holdout_loss=0.503271 score=0.814392 sym_p95=5.099019527435303 no_curve=0 bad_rate=0.2462 vox03=6863.461538461538 cc=1.2 wrap=0.281817291073379 best_score=0.8143920010183066 best_epoch=22 patience=0/8 active=True
[2026-05-07 18:46:57,753] INFO - epoch=23 train_loss=0.397023 holdout_loss=0.521646 score=1.408236 sym_p95=5.656854152679443 no_curve=1 bad_rate=0.2462 vox03=6634.476923076923 cc=1.1692307692307693 wrap=0.2782622179277892 best_score=0.8143920010183066 best_epoch=22 patience=1/8 active=True
[2026-05-07 18:47:31,969] INFO - epoch=24 train_loss=0.395859 holdout_loss=0.527477 score=1.488871 sym_p95=6.78233003616333 no_curve=1 bad_rate=0.2923 vox03=6265.384615384615 cc=1.0923076923076922 wrap=0.2641810474403485 best_score=0.8143920010183066 best_epoch=22 patience=2/8 active=True
[2026-05-07 18:48:05,823] INFO - epoch=25 train_loss=0.395323 holdout_loss=0.482913 score=0.861859 sym_p95=5.4772257804870605 no_curve=0 bad_rate=0.3385 vox03=7587.2 cc=1.2153846153846153 wrap=0.2783597389839783 best_score=0.8143920010183066 best_epoch=22 patience=3/8 active=True
[2026-05-07 18:48:39,435] INFO - epoch=26 train_loss=0.395506 holdout_loss=0.536595 score=0.995235 sym_p95=6.324555397033691 no_curve=0 bad_rate=0.2615 vox03=6171.153846153846 cc=1.2153846153846153 wrap=0.26861392169110676 best_score=0.8143920010183066 best_epoch=22 patience=4/8 active=True
[2026-05-07 18:49:12,871] INFO - epoch=27 train_loss=0.394550 holdout_loss=0.516597 score=0.968226 sym_p95=5.916079998016357 no_curve=0 bad_rate=0.2308 vox03=6584.861538461539 cc=1.1384615384615384 wrap=0.2718094498659245 best_score=0.8143920010183066 best_epoch=22 patience=5/8 active=True
[2026-05-07 18:49:45,690] INFO - epoch=28 train_loss=0.394441 holdout_loss=0.500310 score=1.387830 sym_p95=5.4772257804870605 no_curve=1 bad_rate=0.2462 vox03=6797.784615384616 cc=1.1692307692307693 wrap=0.27729845027338335 best_score=0.8143920010183066 best_epoch=22 patience=6/8 active=True
[2026-05-07 18:50:17,933] INFO - epoch=29 train_loss=0.394321 holdout_loss=0.552242 score=1.665879 sym_p95=8.333612918853586 no_curve=2 bad_rate=0.2769 vox03=5701.184615384615 cc=1.1384615384615384 wrap=0.26811967291430466 best_score=0.8143920010183066 best_epoch=22 patience=7/8 active=True
[2026-05-07 18:50:51,428] INFO - epoch=30 train_loss=0.393865 holdout_loss=0.521946 score=0.927180 sym_p95=5.196152210235596 no_curve=0 bad_rate=0.2154 vox03=6311.246153846154 cc=1.123076923076923 wrap=0.2754514190612369 best_score=0.8143920010183066 best_epoch=22 patience=8/8 active=True
[2026-05-07 18:50:51,428] INFO - early stopping at epoch=30 best_epoch=22 best_composite_score=0.814392
[finished_at] 2026-05-07T18:50:52.650467+00:00
[returncode] 0
