[started_at] 2026-06-01T10:56:11.934283+00:00
[cmd] /usr/local/miniconda3/envs/py310/bin/python -m src.infer --config /root/cej_isolated_runs/C/stage1_geometry_prior_loss_20260601_101405/config/best_theta_0.35.yaml
[2026-06-01 10:56:15,471] INFO - inferred case=ToothFairy3F_040 tooth=11
[2026-06-01 10:56:15,679] INFO - inferred case=ToothFairy3F_040 tooth=12
[2026-06-01 10:56:15,905] INFO - inferred case=ToothFairy3F_040 tooth=13
[2026-06-01 10:56:16,121] INFO - inferred case=ToothFairy3F_040 tooth=14
[2026-06-01 10:56:16,379] INFO - inferred case=ToothFairy3F_040 tooth=15
[2026-06-01 10:56:16,767] INFO - inferred case=ToothFairy3F_040 tooth=16
[2026-06-01 10:56:17,038] INFO - inferred case=ToothFairy3F_040 tooth=17
[2026-06-01 10:56:17,199] INFO - inferred case=ToothFairy3F_040 tooth=21
[2026-06-01 10:56:17,347] INFO - inferred case=ToothFairy3F_040 tooth=22
[2026-06-01 10:56:17,506] INFO - inferred case=ToothFairy3F_040 tooth=23
[2026-06-01 10:56:17,655] INFO - inferred case=ToothFairy3F_040 tooth=24
[2026-06-01 10:56:17,801] INFO - inferred case=ToothFairy3F_040 tooth=25
[2026-06-01 10:56:18,060] INFO - inferred case=ToothFairy3F_040 tooth=26
[2026-06-01 10:56:18,265] INFO - inferred case=ToothFairy3F_040 tooth=27
[2026-06-01 10:56:18,471] INFO - inferred case=ToothFairy3F_040 tooth=31
[2026-06-01 10:56:18,704] INFO - inferred case=ToothFairy3F_040 tooth=32
[2026-06-01 10:56:18,986] INFO - inferred case=ToothFairy3F_040 tooth=33
[2026-06-01 10:56:19,238] INFO - inferred case=ToothFairy3F_040 tooth=34
[2026-06-01 10:56:19,492] INFO - inferred case=ToothFairy3F_040 tooth=35
[2026-06-01 10:56:19,941] INFO - inferred case=ToothFairy3F_040 tooth=36
[2026-06-01 10:56:20,353] INFO - inferred case=ToothFairy3F_040 tooth=37
[2026-06-01 10:56:20,784] INFO - inferred case=ToothFairy3F_040 tooth=38
[2026-06-01 10:56:20,983] INFO - inferred case=ToothFairy3F_040 tooth=41
[2026-06-01 10:56:21,183] INFO - inferred case=ToothFairy3F_040 tooth=42
[2026-06-01 10:56:21,434] INFO - inferred case=ToothFairy3F_040 tooth=43
[2026-06-01 10:56:21,687] INFO - inferred case=ToothFairy3F_040 tooth=44
[2026-06-01 10:56:21,920] INFO - inferred case=ToothFairy3F_040 tooth=45
[2026-06-01 10:56:22,279] INFO - inferred case=ToothFairy3F_040 tooth=46
[2026-06-01 10:56:22,852] INFO - inferred case=ToothFairy3F_040 tooth=47
[2026-06-01 10:56:23,268] INFO - inferred case=ToothFairy3F_040 tooth=48
[2026-06-01 10:56:23,450] INFO - inferred case=ToothFairy3F_044 tooth=11
[2026-06-01 10:56:23,632] INFO - inferred case=ToothFairy3F_044 tooth=12
[2026-06-01 10:56:23,813] INFO - inferred case=ToothFairy3F_044 tooth=13
[2026-06-01 10:56:24,005] INFO - inferred case=ToothFairy3F_044 tooth=14
[2026-06-01 10:56:24,152] INFO - inferred case=ToothFairy3F_044 tooth=15
[2026-06-01 10:56:24,458] INFO - inferred case=ToothFairy3F_044 tooth=16
[2026-06-01 10:56:24,624] INFO - inferred case=ToothFairy3F_044 tooth=21
[2026-06-01 10:56:24,812] INFO - inferred case=ToothFairy3F_044 tooth=22
[2026-06-01 10:56:25,029] INFO - inferred case=ToothFairy3F_044 tooth=23
[2026-06-01 10:56:25,247] INFO - inferred case=ToothFairy3F_044 tooth=24
[2026-06-01 10:56:25,429] INFO - inferred case=ToothFairy3F_044 tooth=25
[2026-06-01 10:56:25,748] INFO - inferred case=ToothFairy3F_044 tooth=26
[2026-06-01 10:56:25,988] INFO - inferred case=ToothFairy3F_044 tooth=27
[2026-06-01 10:56:26,175] INFO - inferred case=ToothFairy3F_044 tooth=28
[2026-06-01 10:56:26,414] INFO - inferred case=ToothFairy3F_044 tooth=31
[2026-06-01 10:56:26,629] INFO - inferred case=ToothFairy3F_044 tooth=32
[2026-06-01 10:56:26,937] INFO - inferred case=ToothFairy3F_044 tooth=33
[2026-06-01 10:56:27,188] INFO - inferred case=ToothFairy3F_044 tooth=34
[2026-06-01 10:56:27,443] INFO - inferred case=ToothFairy3F_044 tooth=35
[2026-06-01 10:56:27,793] INFO - inferred case=ToothFairy3F_044 tooth=36
[2026-06-01 10:56:27,987] INFO - inferred case=ToothFairy3F_044 tooth=41
[2026-06-01 10:56:28,189] INFO - inferred case=ToothFairy3F_044 tooth=42
[2026-06-01 10:56:28,462] INFO - inferred case=ToothFairy3F_044 tooth=43
[2026-06-01 10:56:28,698] INFO - inferred case=ToothFairy3F_044 tooth=44
[2026-06-01 10:56:28,936] INFO - inferred case=ToothFairy3F_044 tooth=45
[2026-06-01 10:56:29,324] INFO - inferred case=ToothFairy3F_044 tooth=46
[2026-06-01 10:56:29,718] INFO - inferred case=ToothFairy3F_044 tooth=47
[2026-06-01 10:56:30,047] INFO - inferred case=ToothFairy3F_044 tooth=48
[2026-06-01 10:56:30,267] INFO - inferred case=ToothFairy3F_052 tooth=11
[2026-06-01 10:56:30,461] INFO - inferred case=ToothFairy3F_052 tooth=12
[2026-06-01 10:56:30,720] INFO - inferred case=ToothFairy3F_052 tooth=13
[2026-06-01 10:56:30,941] INFO - inferred case=ToothFairy3F_052 tooth=14
[2026-06-01 10:56:31,169] INFO - inferred case=ToothFairy3F_052 tooth=15
[2026-06-01 10:56:31,470] INFO - inferred case=ToothFairy3F_052 tooth=16
[2026-06-01 10:56:31,764] INFO - inferred case=ToothFairy3F_052 tooth=17
[2026-06-01 10:56:32,004] INFO - inferred case=ToothFairy3F_052 tooth=18
[2026-06-01 10:56:32,225] INFO - inferred case=ToothFairy3F_052 tooth=21
[2026-06-01 10:56:32,452] INFO - inferred case=ToothFairy3F_052 tooth=22
[2026-06-01 10:56:32,675] INFO - inferred case=ToothFairy3F_052 tooth=23
[2026-06-01 10:56:32,902] INFO - inferred case=ToothFairy3F_052 tooth=24
[2026-06-01 10:56:33,115] INFO - inferred case=ToothFairy3F_052 tooth=25
[2026-06-01 10:56:33,424] INFO - inferred case=ToothFairy3F_052 tooth=26
[2026-06-01 10:56:33,747] INFO - inferred case=ToothFairy3F_052 tooth=27
[2026-06-01 10:56:33,933] INFO - inferred case=ToothFairy3F_052 tooth=31
[2026-06-01 10:56:34,158] INFO - inferred case=ToothFairy3F_052 tooth=32
[2026-06-01 10:56:34,412] INFO - inferred case=ToothFairy3F_052 tooth=33
[2026-06-01 10:56:34,613] INFO - inferred case=ToothFairy3F_052 tooth=34
[2026-06-01 10:56:34,871] INFO - inferred case=ToothFairy3F_052 tooth=35
[2026-06-01 10:56:35,277] INFO - inferred case=ToothFairy3F_052 tooth=36
[2026-06-01 10:56:35,655] INFO - inferred case=ToothFairy3F_052 tooth=37
[2026-06-01 10:56:36,022] INFO - inferred case=ToothFairy3F_052 tooth=38
[2026-06-01 10:56:36,245] INFO - inferred case=ToothFairy3F_052 tooth=41
[2026-06-01 10:56:36,436] INFO - inferred case=ToothFairy3F_052 tooth=42
[2026-06-01 10:56:36,668] INFO - inferred case=ToothFairy3F_052 tooth=43
[2026-06-01 10:56:36,920] INFO - inferred case=ToothFairy3F_052 tooth=44
[2026-06-01 10:56:37,156] INFO - inferred case=ToothFairy3F_052 tooth=45
[2026-06-01 10:56:37,506] INFO - inferred case=ToothFairy3F_052 tooth=46
[2026-06-01 10:56:37,821] INFO - inferred case=ToothFairy3F_052 tooth=47
[2026-06-01 10:56:41,795] INFO - stitched case=ToothFairy3F_040
[2026-06-01 10:56:45,248] INFO - stitched case=ToothFairy3F_044
[2026-06-01 10:56:49,200] INFO - stitched case=ToothFairy3F_052
[finished_at] 2026-06-01T10:56:49.875767+00:00
[returncode] 0
