[started_at] 2026-06-01T10:55:28.959480+00:00
[cmd] /usr/local/miniconda3/envs/py310/bin/python -m src.infer --config /root/cej_isolated_runs/C/stage1_geometry_prior_loss_20260601_101405/config/best_theta_0.30.yaml
[2026-06-01 10:55:32,680] INFO - inferred case=ToothFairy3F_040 tooth=11
[2026-06-01 10:55:32,848] INFO - inferred case=ToothFairy3F_040 tooth=12
[2026-06-01 10:55:33,037] INFO - inferred case=ToothFairy3F_040 tooth=13
[2026-06-01 10:55:33,192] INFO - inferred case=ToothFairy3F_040 tooth=14
[2026-06-01 10:55:33,390] INFO - inferred case=ToothFairy3F_040 tooth=15
[2026-06-01 10:55:33,894] INFO - inferred case=ToothFairy3F_040 tooth=16
[2026-06-01 10:55:34,152] INFO - inferred case=ToothFairy3F_040 tooth=17
[2026-06-01 10:55:34,308] INFO - inferred case=ToothFairy3F_040 tooth=21
[2026-06-01 10:55:34,455] INFO - inferred case=ToothFairy3F_040 tooth=22
[2026-06-01 10:55:34,613] INFO - inferred case=ToothFairy3F_040 tooth=23
[2026-06-01 10:55:34,759] INFO - inferred case=ToothFairy3F_040 tooth=24
[2026-06-01 10:55:34,922] INFO - inferred case=ToothFairy3F_040 tooth=25
[2026-06-01 10:55:35,190] INFO - inferred case=ToothFairy3F_040 tooth=26
[2026-06-01 10:55:35,420] INFO - inferred case=ToothFairy3F_040 tooth=27
[2026-06-01 10:55:35,656] INFO - inferred case=ToothFairy3F_040 tooth=31
[2026-06-01 10:55:35,961] INFO - inferred case=ToothFairy3F_040 tooth=32
[2026-06-01 10:55:36,339] INFO - inferred case=ToothFairy3F_040 tooth=33
[2026-06-01 10:55:36,627] INFO - inferred case=ToothFairy3F_040 tooth=34
[2026-06-01 10:55:36,967] INFO - inferred case=ToothFairy3F_040 tooth=35
[2026-06-01 10:55:37,407] INFO - inferred case=ToothFairy3F_040 tooth=36
[2026-06-01 10:55:37,850] INFO - inferred case=ToothFairy3F_040 tooth=37
[2026-06-01 10:55:38,321] INFO - inferred case=ToothFairy3F_040 tooth=38
[2026-06-01 10:55:38,519] INFO - inferred case=ToothFairy3F_040 tooth=41
[2026-06-01 10:55:38,719] INFO - inferred case=ToothFairy3F_040 tooth=42
[2026-06-01 10:55:38,965] INFO - inferred case=ToothFairy3F_040 tooth=43
[2026-06-01 10:55:39,218] INFO - inferred case=ToothFairy3F_040 tooth=44
[2026-06-01 10:55:39,449] INFO - inferred case=ToothFairy3F_040 tooth=45
[2026-06-01 10:55:39,805] INFO - inferred case=ToothFairy3F_040 tooth=46
[2026-06-01 10:55:40,374] INFO - inferred case=ToothFairy3F_040 tooth=47
[2026-06-01 10:55:40,858] INFO - inferred case=ToothFairy3F_040 tooth=48
[2026-06-01 10:55:41,040] INFO - inferred case=ToothFairy3F_044 tooth=11
[2026-06-01 10:55:41,230] INFO - inferred case=ToothFairy3F_044 tooth=12
[2026-06-01 10:55:41,452] INFO - inferred case=ToothFairy3F_044 tooth=13
[2026-06-01 10:55:41,643] INFO - inferred case=ToothFairy3F_044 tooth=14
[2026-06-01 10:55:41,788] INFO - inferred case=ToothFairy3F_044 tooth=15
[2026-06-01 10:55:42,093] INFO - inferred case=ToothFairy3F_044 tooth=16
[2026-06-01 10:55:42,256] INFO - inferred case=ToothFairy3F_044 tooth=21
[2026-06-01 10:55:42,444] INFO - inferred case=ToothFairy3F_044 tooth=22
[2026-06-01 10:55:42,646] INFO - inferred case=ToothFairy3F_044 tooth=23
[2026-06-01 10:55:42,859] INFO - inferred case=ToothFairy3F_044 tooth=24
[2026-06-01 10:55:43,018] INFO - inferred case=ToothFairy3F_044 tooth=25
[2026-06-01 10:55:43,295] INFO - inferred case=ToothFairy3F_044 tooth=26
[2026-06-01 10:55:43,500] INFO - inferred case=ToothFairy3F_044 tooth=27
[2026-06-01 10:55:43,677] INFO - inferred case=ToothFairy3F_044 tooth=28
[2026-06-01 10:55:43,881] INFO - inferred case=ToothFairy3F_044 tooth=31
[2026-06-01 10:55:44,092] INFO - inferred case=ToothFairy3F_044 tooth=32
[2026-06-01 10:55:44,365] INFO - inferred case=ToothFairy3F_044 tooth=33
[2026-06-01 10:55:44,618] INFO - inferred case=ToothFairy3F_044 tooth=34
[2026-06-01 10:55:44,874] INFO - inferred case=ToothFairy3F_044 tooth=35
[2026-06-01 10:55:45,314] INFO - inferred case=ToothFairy3F_044 tooth=36
[2026-06-01 10:55:45,574] INFO - inferred case=ToothFairy3F_044 tooth=41
[2026-06-01 10:55:45,808] INFO - inferred case=ToothFairy3F_044 tooth=42
[2026-06-01 10:55:46,176] INFO - inferred case=ToothFairy3F_044 tooth=43
[2026-06-01 10:55:46,472] INFO - inferred case=ToothFairy3F_044 tooth=44
[2026-06-01 10:55:46,828] INFO - inferred case=ToothFairy3F_044 tooth=45
[2026-06-01 10:55:47,308] INFO - inferred case=ToothFairy3F_044 tooth=46
[2026-06-01 10:55:47,749] INFO - inferred case=ToothFairy3F_044 tooth=47
[2026-06-01 10:55:48,143] INFO - inferred case=ToothFairy3F_044 tooth=48
[2026-06-01 10:55:48,445] INFO - inferred case=ToothFairy3F_052 tooth=11
[2026-06-01 10:55:48,650] INFO - inferred case=ToothFairy3F_052 tooth=12
[2026-06-01 10:55:48,916] INFO - inferred case=ToothFairy3F_052 tooth=13
[2026-06-01 10:55:49,160] INFO - inferred case=ToothFairy3F_052 tooth=14
[2026-06-01 10:55:49,386] INFO - inferred case=ToothFairy3F_052 tooth=15
[2026-06-01 10:55:49,683] INFO - inferred case=ToothFairy3F_052 tooth=16
[2026-06-01 10:55:49,979] INFO - inferred case=ToothFairy3F_052 tooth=17
[2026-06-01 10:55:50,217] INFO - inferred case=ToothFairy3F_052 tooth=18
[2026-06-01 10:55:50,442] INFO - inferred case=ToothFairy3F_052 tooth=21
[2026-06-01 10:55:50,690] INFO - inferred case=ToothFairy3F_052 tooth=22
[2026-06-01 10:55:50,956] INFO - inferred case=ToothFairy3F_052 tooth=23
[2026-06-01 10:55:51,179] INFO - inferred case=ToothFairy3F_052 tooth=24
[2026-06-01 10:55:51,389] INFO - inferred case=ToothFairy3F_052 tooth=25
[2026-06-01 10:55:51,689] INFO - inferred case=ToothFairy3F_052 tooth=26
[2026-06-01 10:55:52,008] INFO - inferred case=ToothFairy3F_052 tooth=27
[2026-06-01 10:55:52,191] INFO - inferred case=ToothFairy3F_052 tooth=31
[2026-06-01 10:55:52,398] INFO - inferred case=ToothFairy3F_052 tooth=32
[2026-06-01 10:55:52,647] INFO - inferred case=ToothFairy3F_052 tooth=33
[2026-06-01 10:55:52,846] INFO - inferred case=ToothFairy3F_052 tooth=34
[2026-06-01 10:55:53,110] INFO - inferred case=ToothFairy3F_052 tooth=35
[2026-06-01 10:55:53,496] INFO - inferred case=ToothFairy3F_052 tooth=36
[2026-06-01 10:55:53,867] INFO - inferred case=ToothFairy3F_052 tooth=37
[2026-06-01 10:55:54,173] INFO - inferred case=ToothFairy3F_052 tooth=38
[2026-06-01 10:55:54,359] INFO - inferred case=ToothFairy3F_052 tooth=41
[2026-06-01 10:55:54,552] INFO - inferred case=ToothFairy3F_052 tooth=42
[2026-06-01 10:55:54,781] INFO - inferred case=ToothFairy3F_052 tooth=43
[2026-06-01 10:55:55,031] INFO - inferred case=ToothFairy3F_052 tooth=44
[2026-06-01 10:55:55,316] INFO - inferred case=ToothFairy3F_052 tooth=45
[2026-06-01 10:55:55,687] INFO - inferred case=ToothFairy3F_052 tooth=46
[2026-06-01 10:55:55,995] INFO - inferred case=ToothFairy3F_052 tooth=47
[2026-06-01 10:55:59,979] INFO - stitched case=ToothFairy3F_040
[2026-06-01 10:56:03,509] INFO - stitched case=ToothFairy3F_044
[2026-06-01 10:56:07,423] INFO - stitched case=ToothFairy3F_052
[finished_at] 2026-06-01T10:56:08.027758+00:00
[returncode] 0
