[started_at] 2026-06-01T10:37:13.479420+00:00
[cmd] /usr/local/miniconda3/envs/py310/bin/python -m src.train_loss_earlystop --config /root/cej_isolated_runs/C/stage1_geometry_prior_loss_20260601_101405/config/train.yaml
[2026-06-01 10:37:23,726] INFO - loaded pretrained=/root/cej_isolated_runs/C/stage1_geometry_prior_loss_20260601_101405/input/checkpoints/unsup_last.pt strict=False loaded_tensors=114 missing=0 unexpected=0 skipped_mismatch=0
[2026-06-01 10:38:12,598] INFO - epoch=0 train_loss=1.126688 holdout_loss=0.740010 score=2.658989 sym_p95=16.911535263061523 manual_p95=16.22031497955321 manual_sr1=0.09411764705882353 no_curve=3 bad_rate=0.9077 vox03=14602.876923076923 cc=8.830769230769231 wrap=0.145802588952549 best_score=None best_epoch=None patience=0/8 active=False
[2026-06-01 10:38:50,531] INFO - epoch=1 train_loss=0.498950 holdout_loss=0.716374 score=5.278633 sym_p95=165.56268310546875 manual_p95=171.77601623535156 manual_sr1=0.08705882352941176 no_curve=8 bad_rate=0.6615 vox03=9975.138461538461 cc=1.4153846153846155 wrap=0.12343824135969027 best_score=None best_epoch=None patience=0/8 active=False
[2026-06-01 10:39:27,817] INFO - epoch=2 train_loss=0.462140 holdout_loss=0.774747 score=5.970762 sym_p95=178.98324584960938 manual_p95=179.72897491455066 manual_sr1=0.09019607843137255 no_curve=16 bad_rate=0.7231 vox03=6321.846153846154 cc=1.2615384615384615 wrap=0.11703993364242235 best_score=None best_epoch=None patience=0/8 active=False
[2026-06-01 10:40:03,141] INFO - epoch=3 train_loss=0.450191 holdout_loss=0.747279 score=5.706834 sym_p95=171.77601623535156 manual_p95=176.35886535644514 manual_sr1=0.11058823529411765 no_curve=13 bad_rate=0.6769 vox03=6799.123076923077 cc=1.2769230769230768 wrap=0.13640430675640075 best_score=None best_epoch=None patience=0/8 active=False
[2026-06-01 10:40:39,743] INFO - epoch=4 train_loss=0.442526 holdout_loss=0.676740 score=5.399392 sym_p95=169.5258026123047 manual_p95=171.77601623535156 manual_sr1=0.13411764705882354 no_curve=10 bad_rate=0.5538 vox03=9459.569230769232 cc=1.1076923076923078 wrap=0.16183518560326166 best_score=None best_epoch=None patience=0/8 active=False
[2026-06-01 10:41:21,336] INFO - epoch=5 train_loss=0.432508 holdout_loss=0.694418 score=5.576214 sym_p95=168.00892639160156 manual_p95=173.02890014648438 manual_sr1=0.12862745098039216 no_curve=12 bad_rate=0.5538 vox03=8322.446153846155 cc=1.323076923076923 wrap=0.16528039613940462 best_score=None best_epoch=None patience=0/8 active=False
[2026-06-01 10:42:00,072] INFO - epoch=6 train_loss=0.427019 holdout_loss=0.687358 score=5.575738 sym_p95=169.5258026123047 manual_p95=173.02890014648438 manual_sr1=0.12941176470588237 no_curve=12 bad_rate=0.5846 vox03=7569.384615384615 cc=1.6 wrap=0.17803504075885354 best_score=None best_epoch=None patience=0/8 active=False
[2026-06-01 10:42:38,292] INFO - epoch=7 train_loss=0.423183 holdout_loss=0.675920 score=5.402600 sym_p95=168.00892639160156 manual_p95=171.77601623535156 manual_sr1=0.11137254901960784 no_curve=10 bad_rate=0.5692 vox03=8907.584615384616 cc=1.3076923076923077 wrap=0.15265316274107202 best_score=None best_epoch=None patience=0/8 active=False
[2026-06-01 10:43:15,348] INFO - epoch=8 train_loss=0.417295 holdout_loss=0.744946 score=5.864636 sym_p95=173.02890014648438 manual_p95=178.98324584960938 manual_sr1=0.13098039215686275 no_curve=15 bad_rate=0.6923 vox03=5821.569230769231 cc=1.1538461538461537 wrap=0.14582270932366753 best_score=None best_epoch=None patience=0/8 active=False
[2026-06-01 10:43:54,436] INFO - epoch=9 train_loss=0.413962 holdout_loss=0.672416 score=5.554001 sym_p95=171.54299926757812 manual_p95=173.02890014648438 manual_sr1=0.13725490196078433 no_curve=12 bad_rate=0.4923 vox03=7668.676923076923 cc=1.1692307692307693 wrap=0.17112847680707555 best_score=None best_epoch=None patience=0/8 active=False
[2026-06-01 10:44:49,631] INFO - epoch=10 train_loss=0.411904 holdout_loss=0.669691 score=5.391028 sym_p95=168.00892639160156 manual_p95=173.02890014648438 manual_sr1=0.16156862745098038 no_curve=10 bad_rate=0.5077 vox03=6954.615384615385 cc=1.2769230769230768 wrap=0.18567777234318197 best_score=5.391027996042416 best_epoch=10 patience=0/8 active=True
[2026-06-01 10:45:49,003] INFO - epoch=11 train_loss=0.409888 holdout_loss=0.641889 score=5.206215 sym_p95=162.44076538085938 manual_p95=171.77601623535156 manual_sr1=0.13725490196078433 no_curve=8 bad_rate=0.5077 vox03=8041.830769230769 cc=1.1692307692307693 wrap=0.17359398248464156 best_score=5.2062145722024855 best_epoch=11 patience=0/8 active=True
[2026-06-01 10:46:27,191] INFO - epoch=12 train_loss=0.409229 holdout_loss=0.668991 score=5.554522 sym_p95=171.54299926757812 manual_p95=173.02890014648438 manual_sr1=0.1388235294117647 no_curve=12 bad_rate=0.5385 vox03=6520.184615384615 cc=1.0923076923076922 wrap=0.1711953777725792 best_score=5.2062145722024855 best_epoch=11 patience=1/8 active=True
[2026-06-01 10:47:20,376] INFO - epoch=13 train_loss=0.405566 holdout_loss=0.630104 score=5.187019 sym_p95=168.00892639160156 manual_p95=171.77601623535156 manual_sr1=0.1450980392156863 no_curve=8 bad_rate=0.4615 vox03=7487.0615384615385 cc=1.0615384615384615 wrap=0.1932000664174437 best_score=5.1870192186030515 best_epoch=13 patience=0/8 active=True
[2026-06-01 10:47:57,713] INFO - epoch=14 train_loss=0.403698 holdout_loss=0.703635 score=5.659725 sym_p95=173.02890014648438 manual_p95=175.234130859375 manual_sr1=0.13411764705882354 no_curve=13 bad_rate=0.5538 vox03=5262.215384615384 cc=1.0153846153846153 wrap=0.1630171944410047 best_score=5.1870192186030515 best_epoch=13 patience=1/8 active=True
[2026-06-01 10:48:52,022] INFO - epoch=15 train_loss=0.402872 holdout_loss=0.606144 score=2.193267 sym_p95=13.190905570983887 manual_p95=62.90091361998845 manual_sr1=0.15137254901960784 no_curve=3 bad_rate=0.5077 vox03=9317.261538461538 cc=1.2 wrap=0.20021800975342388 best_score=2.1932665941465626 best_epoch=15 patience=0/8 active=True
[2026-06-01 10:49:29,891] INFO - epoch=16 train_loss=0.401715 holdout_loss=0.665658 score=5.467485 sym_p95=171.54299926757812 manual_p95=173.02890014648438 manual_sr1=0.156078431372549 no_curve=11 bad_rate=0.4923 vox03=6127.430769230769 cc=0.9846153846153847 wrap=0.1726672632703172 best_score=2.1932665941465626 best_epoch=15 patience=1/8 active=True
[2026-06-01 10:50:08,945] INFO - epoch=17 train_loss=0.400687 holdout_loss=0.645689 score=5.370167 sym_p95=169.5258026123047 manual_p95=171.77601623535156 manual_sr1=0.156078431372549 no_curve=10 bad_rate=0.4923 vox03=6440.015384615384 cc=0.9846153846153847 wrap=0.18666708431063198 best_score=2.1932665941465626 best_epoch=15 patience=2/8 active=True
[2026-06-01 10:50:47,750] INFO - epoch=18 train_loss=0.399049 holdout_loss=0.649719 score=5.208541 sym_p95=168.00892639160156 manual_p95=171.77601623535156 manual_sr1=0.1772549019607843 no_curve=8 bad_rate=0.4615 vox03=5926.461538461538 cc=1.1076923076923078 wrap=0.19603978296083954 best_score=2.1932665941465626 best_epoch=15 patience=3/8 active=True
[2026-06-01 10:51:27,235] INFO - epoch=19 train_loss=0.399642 holdout_loss=0.629257 score=5.189404 sym_p95=168.00892639160156 manual_p95=171.77601623535156 manual_sr1=0.1568627450980392 no_curve=8 bad_rate=0.4154 vox03=6356.123076923077 cc=1.0615384615384615 wrap=0.2070320848489847 best_score=2.1932665941465626 best_epoch=15 patience=4/8 active=True
[2026-06-01 10:52:06,514] INFO - epoch=20 train_loss=0.399064 holdout_loss=0.628824 score=5.027808 sym_p95=165.56268310546875 manual_p95=171.77601623535156 manual_sr1=0.16941176470588235 no_curve=6 bad_rate=0.4462 vox03=6944.446153846154 cc=1.1384615384615384 wrap=0.19909169100115398 best_score=2.1932665941465626 best_epoch=15 patience=5/8 active=True
[2026-06-01 10:52:43,826] INFO - epoch=21 train_loss=0.396949 holdout_loss=0.650724 score=5.531358 sym_p95=171.54299926757812 manual_p95=173.02890014648438 manual_sr1=0.16470588235294117 no_curve=12 bad_rate=0.4308 vox03=5806.0 cc=1.0153846153846153 wrap=0.18774287077070134 best_score=2.1932665941465626 best_epoch=15 patience=6/8 active=True
[2026-06-01 10:53:20,236] INFO - epoch=22 train_loss=0.397246 holdout_loss=0.612190 score=5.174138 sym_p95=168.00892639160156 manual_p95=171.54299926757812 manual_sr1=0.1796078431372549 no_curve=8 bad_rate=0.4154 vox03=6007.784615384616 cc=0.9538461538461539 wrap=0.2104255364167182 best_score=2.1932665941465626 best_epoch=15 patience=7/8 active=True
[2026-06-01 10:54:00,065] INFO - epoch=23 train_loss=0.397502 holdout_loss=0.609662 score=2.414467 sym_p95=15.231546401977539 manual_p95=165.56268310546875 manual_sr1=0.18352941176470589 no_curve=4 bad_rate=0.4154 vox03=7112.615384615385 cc=1.0615384615384615 wrap=0.20585914537693134 best_score=2.1932665941465626 best_epoch=15 patience=8/8 active=True
[2026-06-01 10:54:00,066] INFO - early stopping at epoch=23 best_epoch=15 best_composite_score=2.193267
[finished_at] 2026-06-01T10:54:01.108641+00:00
[returncode] 0
