[started_at] 2026-05-07T15:39:51.579542+00:00
[cmd] /usr/local/miniconda3/envs/py310/bin/python -m src.train --config /root/cej_isolated_runs/C/cej_improve_20260507_001/experiments/exp00_audit_baseline/config/train.yaml
[2026-05-07 15:39:57,607] INFO - supervised dataset audit total=244 used_labeled=188 skipped_unlabeled=56 invalid=0 audit=/root/cej_isolated_runs/C/cej_improve_20260507_001/experiments/exp00_audit_baseline/outputs/train/supervised_dataset_audit.json
[2026-05-07 15:39:59,353] INFO - loaded pretrained=/root/cej_isolated_runs/C/cej_improve_20260507_001/input/checkpoints/seed_last.pt strict=False missing=0 unexpected=0
[2026-05-07 15:40:11,075] INFO - epoch 0 loss 0.3882
[2026-05-07 15:40:18,106] INFO - epoch 1 loss 0.3879
[2026-05-07 15:40:25,267] INFO - epoch 2 loss 0.3877
[2026-05-07 15:40:32,291] INFO - epoch 3 loss 0.3871
[2026-05-07 15:40:39,235] INFO - epoch 4 loss 0.3867
[2026-05-07 15:40:46,232] INFO - epoch 5 loss 0.3863
[2026-05-07 15:40:53,269] INFO - epoch 6 loss 0.3861
[2026-05-07 15:41:00,345] INFO - epoch 7 loss 0.3861
[2026-05-07 15:41:07,625] INFO - epoch 8 loss 0.3858
[2026-05-07 15:41:14,962] INFO - epoch 9 loss 0.3855
[2026-05-07 15:41:22,216] INFO - epoch 10 loss 0.3854
[2026-05-07 15:41:29,478] INFO - epoch 11 loss 0.3850
[2026-05-07 15:41:36,762] INFO - epoch 12 loss 0.3847
[2026-05-07 15:41:44,384] INFO - epoch 13 loss 0.3847
[2026-05-07 15:41:51,216] INFO - epoch 14 loss 0.3851
[2026-05-07 15:41:58,370] INFO - epoch 15 loss 0.3853
[2026-05-07 15:42:05,271] INFO - epoch 16 loss 0.3847
[2026-05-07 15:42:12,361] INFO - epoch 17 loss 0.3845
[2026-05-07 15:42:19,396] INFO - epoch 18 loss 0.3844
[2026-05-07 15:42:26,464] INFO - epoch 19 loss 0.3845
[2026-05-07 15:42:26,478] INFO - saved checkpoint /root/cej_isolated_runs/C/cej_improve_20260507_001/experiments/exp00_audit_baseline/outputs/train/checkpoints/last.pt
[2026-05-07 15:42:26,478] INFO - saved train manifest /root/cej_isolated_runs/C/cej_improve_20260507_001/experiments/exp00_audit_baseline/outputs/train/train_manifest.json
[finished_at] 2026-05-07T15:42:27.547630+00:00
[returncode] 0
