[started_at] 2026-05-07T15:46:47.433969+00:00
[cmd] /usr/local/miniconda3/envs/py310/bin/python -m src.infer --config /root/cej_isolated_runs/C/cej_improve_20260507_001/experiments/exp01_clean_dicece/config/train.yaml
[2026-05-07 15:46:52,600] INFO - inferred case=ToothFairy3F_041 tooth=11
[2026-05-07 15:46:52,795] INFO - inferred case=ToothFairy3F_041 tooth=12
[2026-05-07 15:46:53,038] INFO - inferred case=ToothFairy3F_041 tooth=13
[2026-05-07 15:46:53,261] INFO - inferred case=ToothFairy3F_041 tooth=14
[2026-05-07 15:46:53,478] INFO - inferred case=ToothFairy3F_041 tooth=15
[2026-05-07 15:46:53,761] INFO - inferred case=ToothFairy3F_041 tooth=16
[2026-05-07 15:46:54,035] INFO - inferred case=ToothFairy3F_041 tooth=17
[2026-05-07 15:46:54,236] INFO - inferred case=ToothFairy3F_041 tooth=21
[2026-05-07 15:46:54,409] INFO - inferred case=ToothFairy3F_041 tooth=22
[2026-05-07 15:46:54,581] INFO - inferred case=ToothFairy3F_041 tooth=23
[2026-05-07 15:46:54,777] INFO - inferred case=ToothFairy3F_041 tooth=24
[2026-05-07 15:46:54,968] INFO - inferred case=ToothFairy3F_041 tooth=25
[2026-05-07 15:46:55,289] INFO - inferred case=ToothFairy3F_041 tooth=26
[2026-05-07 15:46:55,547] INFO - inferred case=ToothFairy3F_041 tooth=27
[2026-05-07 15:46:55,735] INFO - inferred case=ToothFairy3F_041 tooth=28
[2026-05-07 15:46:55,971] INFO - inferred case=ToothFairy3F_041 tooth=31
[2026-05-07 15:46:56,208] INFO - inferred case=ToothFairy3F_041 tooth=32
[2026-05-07 15:46:56,499] INFO - inferred case=ToothFairy3F_041 tooth=33
[2026-05-07 15:46:56,757] INFO - inferred case=ToothFairy3F_041 tooth=34
[2026-05-07 15:46:57,006] INFO - inferred case=ToothFairy3F_041 tooth=35
[2026-05-07 15:46:57,351] INFO - inferred case=ToothFairy3F_041 tooth=36
[2026-05-07 15:46:57,667] INFO - inferred case=ToothFairy3F_041 tooth=37
[2026-05-07 15:46:57,922] INFO - inferred case=ToothFairy3F_041 tooth=38
[2026-05-07 15:46:58,174] INFO - inferred case=ToothFairy3F_041 tooth=41
[2026-05-07 15:46:58,387] INFO - inferred case=ToothFairy3F_041 tooth=42
[2026-05-07 15:46:58,650] INFO - inferred case=ToothFairy3F_041 tooth=43
[2026-05-07 15:46:58,882] INFO - inferred case=ToothFairy3F_041 tooth=44
[2026-05-07 15:46:59,121] INFO - inferred case=ToothFairy3F_041 tooth=45
[2026-05-07 15:46:59,440] INFO - inferred case=ToothFairy3F_041 tooth=46
[2026-05-07 15:46:59,738] INFO - inferred case=ToothFairy3F_041 tooth=47
[2026-05-07 15:46:59,923] INFO - inferred case=ToothFairy3F_044 tooth=11
[2026-05-07 15:47:00,100] INFO - inferred case=ToothFairy3F_044 tooth=12
[2026-05-07 15:47:00,311] INFO - inferred case=ToothFairy3F_044 tooth=13
[2026-05-07 15:47:00,533] INFO - inferred case=ToothFairy3F_044 tooth=14
[2026-05-07 15:47:00,712] INFO - inferred case=ToothFairy3F_044 tooth=15
[2026-05-07 15:47:01,015] INFO - inferred case=ToothFairy3F_044 tooth=16
[2026-05-07 15:47:01,188] INFO - inferred case=ToothFairy3F_044 tooth=21
[2026-05-07 15:47:01,370] INFO - inferred case=ToothFairy3F_044 tooth=22
[2026-05-07 15:47:01,544] INFO - inferred case=ToothFairy3F_044 tooth=23
[2026-05-07 15:47:01,716] INFO - inferred case=ToothFairy3F_044 tooth=24
[2026-05-07 15:47:01,853] INFO - inferred case=ToothFairy3F_044 tooth=25
[2026-05-07 15:47:02,114] INFO - inferred case=ToothFairy3F_044 tooth=26
[2026-05-07 15:47:02,347] INFO - inferred case=ToothFairy3F_044 tooth=27
[2026-05-07 15:47:02,497] INFO - inferred case=ToothFairy3F_044 tooth=28
[2026-05-07 15:47:02,691] INFO - inferred case=ToothFairy3F_044 tooth=31
[2026-05-07 15:47:02,918] INFO - inferred case=ToothFairy3F_044 tooth=32
[2026-05-07 15:47:03,173] INFO - inferred case=ToothFairy3F_044 tooth=33
[2026-05-07 15:47:03,407] INFO - inferred case=ToothFairy3F_044 tooth=34
[2026-05-07 15:47:03,661] INFO - inferred case=ToothFairy3F_044 tooth=35
[2026-05-07 15:47:03,969] INFO - inferred case=ToothFairy3F_044 tooth=36
[2026-05-07 15:47:04,182] INFO - inferred case=ToothFairy3F_044 tooth=41
[2026-05-07 15:47:04,400] INFO - inferred case=ToothFairy3F_044 tooth=42
[2026-05-07 15:47:04,679] INFO - inferred case=ToothFairy3F_044 tooth=43
[2026-05-07 15:47:04,919] INFO - inferred case=ToothFairy3F_044 tooth=44
[2026-05-07 15:47:05,162] INFO - inferred case=ToothFairy3F_044 tooth=45
[2026-05-07 15:47:05,490] INFO - inferred case=ToothFairy3F_044 tooth=46
[2026-05-07 15:47:05,849] INFO - inferred case=ToothFairy3F_044 tooth=47
[2026-05-07 15:47:06,175] INFO - inferred case=ToothFairy3F_044 tooth=48
[2026-05-07 15:47:06,333] INFO - inferred case=ToothFairy3F_050 tooth=11
[2026-05-07 15:47:06,517] INFO - inferred case=ToothFairy3F_050 tooth=12
[2026-05-07 15:47:06,742] INFO - inferred case=ToothFairy3F_050 tooth=13
[2026-05-07 15:47:06,982] INFO - inferred case=ToothFairy3F_050 tooth=14
[2026-05-07 15:47:07,183] INFO - inferred case=ToothFairy3F_050 tooth=15
[2026-05-07 15:47:07,450] INFO - inferred case=ToothFairy3F_050 tooth=16
[2026-05-07 15:47:07,755] INFO - inferred case=ToothFairy3F_050 tooth=17
[2026-05-07 15:47:07,941] INFO - inferred case=ToothFairy3F_050 tooth=18
[2026-05-07 15:47:08,118] INFO - inferred case=ToothFairy3F_050 tooth=21
[2026-05-07 15:47:08,271] INFO - inferred case=ToothFairy3F_050 tooth=22
[2026-05-07 15:47:08,458] INFO - inferred case=ToothFairy3F_050 tooth=23
[2026-05-07 15:47:08,690] INFO - inferred case=ToothFairy3F_050 tooth=24
[2026-05-07 15:47:08,901] INFO - inferred case=ToothFairy3F_050 tooth=25
[2026-05-07 15:47:09,179] INFO - inferred case=ToothFairy3F_050 tooth=26
[2026-05-07 15:47:09,454] INFO - inferred case=ToothFairy3F_050 tooth=27
[2026-05-07 15:47:09,706] INFO - inferred case=ToothFairy3F_050 tooth=28
[2026-05-07 15:47:09,896] INFO - inferred case=ToothFairy3F_050 tooth=31
[2026-05-07 15:47:10,104] INFO - inferred case=ToothFairy3F_050 tooth=32
[2026-05-07 15:47:10,399] INFO - inferred case=ToothFairy3F_050 tooth=33
[2026-05-07 15:47:10,673] INFO - inferred case=ToothFairy3F_050 tooth=34
[2026-05-07 15:47:10,978] INFO - inferred case=ToothFairy3F_050 tooth=35
[2026-05-07 15:47:11,367] INFO - inferred case=ToothFairy3F_050 tooth=36
[2026-05-07 15:47:11,736] INFO - inferred case=ToothFairy3F_050 tooth=37
[2026-05-07 15:47:12,052] INFO - inferred case=ToothFairy3F_050 tooth=38
[2026-05-07 15:47:12,254] INFO - inferred case=ToothFairy3F_050 tooth=41
[2026-05-07 15:47:12,475] INFO - inferred case=ToothFairy3F_050 tooth=42
[2026-05-07 15:47:12,787] INFO - inferred case=ToothFairy3F_050 tooth=43
[2026-05-07 15:47:13,037] INFO - inferred case=ToothFairy3F_050 tooth=44
[2026-05-07 15:47:13,303] INFO - inferred case=ToothFairy3F_050 tooth=45
[2026-05-07 15:47:13,619] INFO - inferred case=ToothFairy3F_050 tooth=46
[2026-05-07 15:47:13,980] INFO - inferred case=ToothFairy3F_050 tooth=47
[2026-05-07 15:47:14,231] INFO - inferred case=ToothFairy3F_050 tooth=48
[2026-05-07 15:47:14,438] INFO - inferred case=ToothFairy3F_051 tooth=11
[2026-05-07 15:47:14,656] INFO - inferred case=ToothFairy3F_051 tooth=12
[2026-05-07 15:47:14,873] INFO - inferred case=ToothFairy3F_051 tooth=13
[2026-05-07 15:47:15,077] INFO - inferred case=ToothFairy3F_051 tooth=14
[2026-05-07 15:47:15,284] INFO - inferred case=ToothFairy3F_051 tooth=15
[2026-05-07 15:47:15,547] INFO - inferred case=ToothFairy3F_051 tooth=16
[2026-05-07 15:47:15,806] INFO - inferred case=ToothFairy3F_051 tooth=17
[2026-05-07 15:47:15,983] INFO - inferred case=ToothFairy3F_051 tooth=18
[2026-05-07 15:47:16,189] INFO - inferred case=ToothFairy3F_051 tooth=21
[2026-05-07 15:47:16,397] INFO - inferred case=ToothFairy3F_051 tooth=22
[2026-05-07 15:47:16,627] INFO - inferred case=ToothFairy3F_051 tooth=23
[2026-05-07 15:47:16,837] INFO - inferred case=ToothFairy3F_051 tooth=24
[2026-05-07 15:47:17,043] INFO - inferred case=ToothFairy3F_051 tooth=25
[2026-05-07 15:47:17,293] INFO - inferred case=ToothFairy3F_051 tooth=26
[2026-05-07 15:47:17,535] INFO - inferred case=ToothFairy3F_051 tooth=27
[2026-05-07 15:47:17,713] INFO - inferred case=ToothFairy3F_051 tooth=28
[2026-05-07 15:47:17,914] INFO - inferred case=ToothFairy3F_051 tooth=31
[2026-05-07 15:47:18,175] INFO - inferred case=ToothFairy3F_051 tooth=32
[2026-05-07 15:47:18,489] INFO - inferred case=ToothFairy3F_051 tooth=33
[2026-05-07 15:47:18,726] INFO - inferred case=ToothFairy3F_051 tooth=34
[2026-05-07 15:47:18,960] INFO - inferred case=ToothFairy3F_051 tooth=35
[2026-05-07 15:47:19,273] INFO - inferred case=ToothFairy3F_051 tooth=36
[2026-05-07 15:47:19,550] INFO - inferred case=ToothFairy3F_051 tooth=37
[2026-05-07 15:47:19,800] INFO - inferred case=ToothFairy3F_051 tooth=38
[2026-05-07 15:47:19,988] INFO - inferred case=ToothFairy3F_051 tooth=41
[2026-05-07 15:47:20,199] INFO - inferred case=ToothFairy3F_051 tooth=42
[2026-05-07 15:47:20,487] INFO - inferred case=ToothFairy3F_051 tooth=43
[2026-05-07 15:47:20,745] INFO - inferred case=ToothFairy3F_051 tooth=44
[2026-05-07 15:47:20,992] INFO - inferred case=ToothFairy3F_051 tooth=45
[2026-05-07 15:47:21,394] INFO - inferred case=ToothFairy3F_051 tooth=46
[2026-05-07 15:47:21,667] INFO - inferred case=ToothFairy3F_051 tooth=47
[2026-05-07 15:47:21,985] INFO - inferred case=ToothFairy3F_051 tooth=48
[2026-05-07 15:47:22,202] INFO - inferred case=ToothFairy3F_052 tooth=11
[2026-05-07 15:47:22,379] INFO - inferred case=ToothFairy3F_052 tooth=12
[2026-05-07 15:47:22,623] INFO - inferred case=ToothFairy3F_052 tooth=13
[2026-05-07 15:47:22,827] INFO - inferred case=ToothFairy3F_052 tooth=14
[2026-05-07 15:47:23,037] INFO - inferred case=ToothFairy3F_052 tooth=15
[2026-05-07 15:47:23,306] INFO - inferred case=ToothFairy3F_052 tooth=16
[2026-05-07 15:47:23,617] INFO - inferred case=ToothFairy3F_052 tooth=17
[2026-05-07 15:47:23,855] INFO - inferred case=ToothFairy3F_052 tooth=18
[2026-05-07 15:47:24,056] INFO - inferred case=ToothFairy3F_052 tooth=21
[2026-05-07 15:47:24,266] INFO - inferred case=ToothFairy3F_052 tooth=22
[2026-05-07 15:47:24,482] INFO - inferred case=ToothFairy3F_052 tooth=23
[2026-05-07 15:47:24,708] INFO - inferred case=ToothFairy3F_052 tooth=24
[2026-05-07 15:47:24,918] INFO - inferred case=ToothFairy3F_052 tooth=25
[2026-05-07 15:47:25,197] INFO - inferred case=ToothFairy3F_052 tooth=26
[2026-05-07 15:47:25,464] INFO - inferred case=ToothFairy3F_052 tooth=27
[2026-05-07 15:47:25,671] INFO - inferred case=ToothFairy3F_052 tooth=31
[2026-05-07 15:47:25,904] INFO - inferred case=ToothFairy3F_052 tooth=32
[2026-05-07 15:47:26,155] INFO - inferred case=ToothFairy3F_052 tooth=33
[2026-05-07 15:47:26,359] INFO - inferred case=ToothFairy3F_052 tooth=34
[2026-05-07 15:47:26,620] INFO - inferred case=ToothFairy3F_052 tooth=35
[2026-05-07 15:47:26,920] INFO - inferred case=ToothFairy3F_052 tooth=36
[2026-05-07 15:47:27,228] INFO - inferred case=ToothFairy3F_052 tooth=37
[2026-05-07 15:47:27,522] INFO - inferred case=ToothFairy3F_052 tooth=38
[2026-05-07 15:47:27,729] INFO - inferred case=ToothFairy3F_052 tooth=41
[2026-05-07 15:47:27,957] INFO - inferred case=ToothFairy3F_052 tooth=42
[2026-05-07 15:47:28,183] INFO - inferred case=ToothFairy3F_052 tooth=43
[2026-05-07 15:47:28,394] INFO - inferred case=ToothFairy3F_052 tooth=44
[2026-05-07 15:47:28,631] INFO - inferred case=ToothFairy3F_052 tooth=45
[2026-05-07 15:47:28,969] INFO - inferred case=ToothFairy3F_052 tooth=46
[2026-05-07 15:47:29,260] INFO - inferred case=ToothFairy3F_052 tooth=47
[2026-05-07 15:47:29,440] INFO - inferred case=ToothFairy3F_053 tooth=11
[2026-05-07 15:47:29,626] INFO - inferred case=ToothFairy3F_053 tooth=12
[2026-05-07 15:47:29,852] INFO - inferred case=ToothFairy3F_053 tooth=13
[2026-05-07 15:47:30,057] INFO - inferred case=ToothFairy3F_053 tooth=14
[2026-05-07 15:47:30,280] INFO - inferred case=ToothFairy3F_053 tooth=15
[2026-05-07 15:47:30,566] INFO - inferred case=ToothFairy3F_053 tooth=16
[2026-05-07 15:47:30,843] INFO - inferred case=ToothFairy3F_053 tooth=17
[2026-05-07 15:47:31,073] INFO - inferred case=ToothFairy3F_053 tooth=21
[2026-05-07 15:47:31,276] INFO - inferred case=ToothFairy3F_053 tooth=22
[2026-05-07 15:47:31,472] INFO - inferred case=ToothFairy3F_053 tooth=23
[2026-05-07 15:47:31,658] INFO - inferred case=ToothFairy3F_053 tooth=24
[2026-05-07 15:47:31,842] INFO - inferred case=ToothFairy3F_053 tooth=25
[2026-05-07 15:47:32,113] INFO - inferred case=ToothFairy3F_053 tooth=26
[2026-05-07 15:47:32,343] INFO - inferred case=ToothFairy3F_053 tooth=27
[2026-05-07 15:47:32,518] INFO - inferred case=ToothFairy3F_053 tooth=31
[2026-05-07 15:47:32,729] INFO - inferred case=ToothFairy3F_053 tooth=32
[2026-05-07 15:47:32,982] INFO - inferred case=ToothFairy3F_053 tooth=33
[2026-05-07 15:47:33,216] INFO - inferred case=ToothFairy3F_053 tooth=34
[2026-05-07 15:47:33,473] INFO - inferred case=ToothFairy3F_053 tooth=35
[2026-05-07 15:47:33,810] INFO - inferred case=ToothFairy3F_053 tooth=36
[2026-05-07 15:47:34,091] INFO - inferred case=ToothFairy3F_053 tooth=37
[2026-05-07 15:47:34,369] INFO - inferred case=ToothFairy3F_053 tooth=38
[2026-05-07 15:47:34,557] INFO - inferred case=ToothFairy3F_053 tooth=41
[2026-05-07 15:47:34,780] INFO - inferred case=ToothFairy3F_053 tooth=42
[2026-05-07 15:47:35,014] INFO - inferred case=ToothFairy3F_053 tooth=43
[2026-05-07 15:47:35,252] INFO - inferred case=ToothFairy3F_053 tooth=44
[2026-05-07 15:47:35,482] INFO - inferred case=ToothFairy3F_053 tooth=45
[2026-05-07 15:47:35,807] INFO - inferred case=ToothFairy3F_053 tooth=46
[2026-05-07 15:47:36,105] INFO - inferred case=ToothFairy3F_053 tooth=47
[2026-05-07 15:47:36,368] INFO - inferred case=ToothFairy3F_053 tooth=48
[2026-05-07 15:47:36,576] INFO - inferred case=ToothFairy3F_054 tooth=11
[2026-05-07 15:47:36,787] INFO - inferred case=ToothFairy3F_054 tooth=12
[2026-05-07 15:47:36,999] INFO - inferred case=ToothFairy3F_054 tooth=13
[2026-05-07 15:47:37,193] INFO - inferred case=ToothFairy3F_054 tooth=14
[2026-05-07 15:47:37,382] INFO - inferred case=ToothFairy3F_054 tooth=15
[2026-05-07 15:47:37,673] INFO - inferred case=ToothFairy3F_054 tooth=16
[2026-05-07 15:47:37,928] INFO - inferred case=ToothFairy3F_054 tooth=17
[2026-05-07 15:47:38,148] INFO - inferred case=ToothFairy3F_054 tooth=21
[2026-05-07 15:47:38,357] INFO - inferred case=ToothFairy3F_054 tooth=22
[2026-05-07 15:47:38,555] INFO - inferred case=ToothFairy3F_054 tooth=23
[2026-05-07 15:47:38,768] INFO - inferred case=ToothFairy3F_054 tooth=24
[2026-05-07 15:47:38,967] INFO - inferred case=ToothFairy3F_054 tooth=25
[2026-05-07 15:47:39,258] INFO - inferred case=ToothFairy3F_054 tooth=26
[2026-05-07 15:47:39,522] INFO - inferred case=ToothFairy3F_054 tooth=27
[2026-05-07 15:47:39,773] INFO - inferred case=ToothFairy3F_054 tooth=28
[2026-05-07 15:47:39,985] INFO - inferred case=ToothFairy3F_054 tooth=31
[2026-05-07 15:47:40,220] INFO - inferred case=ToothFairy3F_054 tooth=32
[2026-05-07 15:47:40,499] INFO - inferred case=ToothFairy3F_054 tooth=33
[2026-05-07 15:47:40,748] INFO - inferred case=ToothFairy3F_054 tooth=34
[2026-05-07 15:47:41,017] INFO - inferred case=ToothFairy3F_054 tooth=35
[2026-05-07 15:47:41,347] INFO - inferred case=ToothFairy3F_054 tooth=36
[2026-05-07 15:47:41,681] INFO - inferred case=ToothFairy3F_054 tooth=37
[2026-05-07 15:47:42,046] INFO - inferred case=ToothFairy3F_054 tooth=38
[2026-05-07 15:47:42,258] INFO - inferred case=ToothFairy3F_054 tooth=41
[2026-05-07 15:47:42,472] INFO - inferred case=ToothFairy3F_054 tooth=42
[2026-05-07 15:47:42,709] INFO - inferred case=ToothFairy3F_054 tooth=43
[2026-05-07 15:47:42,918] INFO - inferred case=ToothFairy3F_054 tooth=44
[2026-05-07 15:47:43,143] INFO - inferred case=ToothFairy3F_054 tooth=45
[2026-05-07 15:47:43,467] INFO - inferred case=ToothFairy3F_054 tooth=46
[2026-05-07 15:47:43,813] INFO - inferred case=ToothFairy3F_054 tooth=47
[2026-05-07 15:47:44,102] INFO - inferred case=ToothFairy3F_054 tooth=48
[2026-05-07 15:47:44,298] INFO - inferred case=ToothFairy3F_055 tooth=11
[2026-05-07 15:47:44,506] INFO - inferred case=ToothFairy3F_055 tooth=12
[2026-05-07 15:47:44,731] INFO - inferred case=ToothFairy3F_055 tooth=13
[2026-05-07 15:47:44,931] INFO - inferred case=ToothFairy3F_055 tooth=14
[2026-05-07 15:47:45,127] INFO - inferred case=ToothFairy3F_055 tooth=15
[2026-05-07 15:47:45,423] INFO - inferred case=ToothFairy3F_055 tooth=16
[2026-05-07 15:47:45,709] INFO - inferred case=ToothFairy3F_055 tooth=17
[2026-05-07 15:47:45,936] INFO - inferred case=ToothFairy3F_055 tooth=18
[2026-05-07 15:47:46,127] INFO - inferred case=ToothFairy3F_055 tooth=21
[2026-05-07 15:47:46,325] INFO - inferred case=ToothFairy3F_055 tooth=22
[2026-05-07 15:47:46,564] INFO - inferred case=ToothFairy3F_055 tooth=23
[2026-05-07 15:47:46,763] INFO - inferred case=ToothFairy3F_055 tooth=24
[2026-05-07 15:47:46,957] INFO - inferred case=ToothFairy3F_055 tooth=25
[2026-05-07 15:47:47,217] INFO - inferred case=ToothFairy3F_055 tooth=26
[2026-05-07 15:47:47,452] INFO - inferred case=ToothFairy3F_055 tooth=27
[2026-05-07 15:47:47,640] INFO - inferred case=ToothFairy3F_055 tooth=28
[2026-05-07 15:47:47,883] INFO - inferred case=ToothFairy3F_055 tooth=31
[2026-05-07 15:47:48,125] INFO - inferred case=ToothFairy3F_055 tooth=32
[2026-05-07 15:47:48,420] INFO - inferred case=ToothFairy3F_055 tooth=33
[2026-05-07 15:47:48,692] INFO - inferred case=ToothFairy3F_055 tooth=34
[2026-05-07 15:47:48,992] INFO - inferred case=ToothFairy3F_055 tooth=35
[2026-05-07 15:47:49,416] INFO - inferred case=ToothFairy3F_055 tooth=36
[2026-05-07 15:47:49,773] INFO - inferred case=ToothFairy3F_055 tooth=37
[2026-05-07 15:47:50,102] INFO - inferred case=ToothFairy3F_055 tooth=38
[2026-05-07 15:47:50,376] INFO - inferred case=ToothFairy3F_055 tooth=41
[2026-05-07 15:47:50,731] INFO - inferred case=ToothFairy3F_055 tooth=42
[2026-05-07 15:47:51,114] INFO - inferred case=ToothFairy3F_055 tooth=43
[2026-05-07 15:47:51,416] INFO - inferred case=ToothFairy3F_055 tooth=44
[2026-05-07 15:47:51,832] INFO - inferred case=ToothFairy3F_055 tooth=46
[2026-05-07 15:47:52,114] INFO - inferred case=ToothFairy3F_055 tooth=47
[2026-05-07 15:47:52,408] INFO - inferred case=ToothFairy3F_055 tooth=48
[2026-05-07 15:47:56,857] INFO - stitched case=ToothFairy3F_041
[2026-05-07 15:48:01,249] INFO - stitched case=ToothFairy3F_044
[2026-05-07 15:48:06,160] INFO - stitched case=ToothFairy3F_050
[2026-05-07 15:48:11,274] INFO - stitched case=ToothFairy3F_051
[2026-05-07 15:48:16,025] INFO - stitched case=ToothFairy3F_052
[2026-05-07 15:48:20,438] INFO - stitched case=ToothFairy3F_053
[2026-05-07 15:48:25,142] INFO - stitched case=ToothFairy3F_054
[2026-05-07 15:48:30,410] INFO - stitched case=ToothFairy3F_055
[finished_at] 2026-05-07T15:48:31.807570+00:00
[returncode] 0
