[started_at] 2026-05-07T16:48:42.078128+00:00
[cmd] /usr/local/miniconda3/envs/py310/bin/python -m src.train_loss_earlystop --config /root/cej_isolated_runs/C/cej_loss_earlystop_20260507_001/experiments/exp01_dice_focal_bce/config/train.yaml
[2026-05-07 16:48:54,049] INFO - loaded pretrained=/root/cej_isolated_runs/C/cej_loss_earlystop_20260507_001/input/checkpoints/unsup_last.pt strict=False missing=0 unexpected=0
[2026-05-07 16:49:18,816] INFO - epoch=0 train_loss=1.059389 holdout_loss=0.713855 best=0.713855 best_epoch=0 patience=0/8
[2026-05-07 16:49:39,332] INFO - epoch=1 train_loss=0.477839 holdout_loss=0.680960 best=0.680960 best_epoch=1 patience=0/8
[2026-05-07 16:50:00,047] INFO - epoch=2 train_loss=0.449973 holdout_loss=0.670356 best=0.670356 best_epoch=2 patience=0/8
[2026-05-07 16:50:20,727] INFO - epoch=3 train_loss=0.439316 holdout_loss=0.639960 best=0.639960 best_epoch=3 patience=0/8
[2026-05-07 16:50:42,259] INFO - epoch=4 train_loss=0.432127 holdout_loss=0.634445 best=0.634445 best_epoch=4 patience=0/8
[2026-05-07 16:51:03,558] INFO - epoch=5 train_loss=0.425510 holdout_loss=0.659208 best=0.634445 best_epoch=4 patience=1/8
[2026-05-07 16:51:24,948] INFO - epoch=6 train_loss=0.421768 holdout_loss=0.634316 best=0.634445 best_epoch=4 patience=2/8
[2026-05-07 16:51:46,975] INFO - epoch=7 train_loss=0.417681 holdout_loss=0.641140 best=0.634445 best_epoch=4 patience=3/8
[2026-05-07 16:52:08,753] INFO - epoch=8 train_loss=0.413294 holdout_loss=0.641972 best=0.634445 best_epoch=4 patience=4/8
[2026-05-07 16:52:29,943] INFO - epoch=9 train_loss=0.410569 holdout_loss=0.627988 best=0.627988 best_epoch=9 patience=0/8
[2026-05-07 16:52:50,492] INFO - epoch=10 train_loss=0.407776 holdout_loss=0.602771 best=0.602771 best_epoch=10 patience=0/8
[2026-05-07 16:53:10,899] INFO - epoch=11 train_loss=0.405201 holdout_loss=0.647115 best=0.602771 best_epoch=10 patience=1/8
[2026-05-07 16:53:31,777] INFO - epoch=12 train_loss=0.402341 holdout_loss=0.560153 best=0.560153 best_epoch=12 patience=0/8
[2026-05-07 16:53:52,414] INFO - epoch=13 train_loss=0.400936 holdout_loss=0.566381 best=0.560153 best_epoch=12 patience=1/8
[2026-05-07 16:54:14,030] INFO - epoch=14 train_loss=0.399669 holdout_loss=0.567037 best=0.560153 best_epoch=12 patience=2/8
[2026-05-07 16:54:34,887] INFO - epoch=15 train_loss=0.398458 holdout_loss=0.564647 best=0.560153 best_epoch=12 patience=3/8
[2026-05-07 16:54:55,274] INFO - epoch=16 train_loss=0.397089 holdout_loss=0.528414 best=0.528414 best_epoch=16 patience=0/8
[2026-05-07 16:55:15,828] INFO - epoch=17 train_loss=0.396014 holdout_loss=0.568388 best=0.528414 best_epoch=16 patience=1/8
[2026-05-07 16:55:36,400] INFO - epoch=18 train_loss=0.394761 holdout_loss=0.571451 best=0.528414 best_epoch=16 patience=2/8
[2026-05-07 16:55:57,728] INFO - epoch=19 train_loss=0.393948 holdout_loss=0.576712 best=0.528414 best_epoch=16 patience=3/8
[2026-05-07 16:56:18,254] INFO - epoch=20 train_loss=0.394551 holdout_loss=0.566880 best=0.528414 best_epoch=16 patience=4/8
[2026-05-07 16:56:38,840] INFO - epoch=21 train_loss=0.393534 holdout_loss=0.562841 best=0.528414 best_epoch=16 patience=5/8
[2026-05-07 16:57:00,229] INFO - epoch=22 train_loss=0.392203 holdout_loss=0.562021 best=0.528414 best_epoch=16 patience=6/8
[2026-05-07 16:57:21,345] INFO - epoch=23 train_loss=0.391744 holdout_loss=0.561249 best=0.528414 best_epoch=16 patience=7/8
[2026-05-07 16:57:42,352] INFO - epoch=24 train_loss=0.391505 holdout_loss=0.503572 best=0.503572 best_epoch=24 patience=0/8
[2026-05-07 16:58:02,814] INFO - epoch=25 train_loss=0.390857 holdout_loss=0.580778 best=0.503572 best_epoch=24 patience=1/8
[2026-05-07 16:58:23,680] INFO - epoch=26 train_loss=0.390696 holdout_loss=0.553503 best=0.503572 best_epoch=24 patience=2/8
[2026-05-07 16:58:44,001] INFO - epoch=27 train_loss=0.390046 holdout_loss=0.561965 best=0.503572 best_epoch=24 patience=3/8
[2026-05-07 16:59:04,759] INFO - epoch=28 train_loss=0.389842 holdout_loss=0.556976 best=0.503572 best_epoch=24 patience=4/8
[2026-05-07 16:59:25,244] INFO - epoch=29 train_loss=0.389307 holdout_loss=0.579381 best=0.503572 best_epoch=24 patience=5/8
[2026-05-07 16:59:45,773] INFO - epoch=30 train_loss=0.389229 holdout_loss=0.550101 best=0.503572 best_epoch=24 patience=6/8
[2026-05-07 17:00:06,305] INFO - epoch=31 train_loss=0.388945 holdout_loss=0.549562 best=0.503572 best_epoch=24 patience=7/8
[2026-05-07 17:00:26,849] INFO - epoch=32 train_loss=0.388897 holdout_loss=0.547795 best=0.503572 best_epoch=24 patience=8/8
[2026-05-07 17:00:26,850] INFO - early stopping at epoch=32 best_epoch=24 best_holdout_loss=0.503572
[finished_at] 2026-05-07T17:00:28.020934+00:00
[returncode] 0
