[started_at] 2026-06-01T09:11:59.517712+00:00
[cmd] /usr/local/miniconda3/envs/py310/bin/python -m src.infer --config /root/cej_isolated_runs/C/stage1_data_learning_curve_20260601_075445/experiments/pct080/config/best_theta_0.20.yaml
[2026-06-01 09:12:04,503] INFO - inferred case=ToothFairy3F_040 tooth=11
[2026-06-01 09:12:04,676] INFO - inferred case=ToothFairy3F_040 tooth=12
[2026-06-01 09:12:04,929] INFO - inferred case=ToothFairy3F_040 tooth=13
[2026-06-01 09:12:05,118] INFO - inferred case=ToothFairy3F_040 tooth=14
[2026-06-01 09:12:05,327] INFO - inferred case=ToothFairy3F_040 tooth=15
[2026-06-01 09:12:05,597] INFO - inferred case=ToothFairy3F_040 tooth=16
[2026-06-01 09:12:05,908] INFO - inferred case=ToothFairy3F_040 tooth=17
[2026-06-01 09:12:06,110] INFO - inferred case=ToothFairy3F_040 tooth=21
[2026-06-01 09:12:06,307] INFO - inferred case=ToothFairy3F_040 tooth=22
[2026-06-01 09:12:06,463] INFO - inferred case=ToothFairy3F_040 tooth=23
[2026-06-01 09:12:06,641] INFO - inferred case=ToothFairy3F_040 tooth=24
[2026-06-01 09:12:06,789] INFO - inferred case=ToothFairy3F_040 tooth=25
[2026-06-01 09:12:06,987] INFO - inferred case=ToothFairy3F_040 tooth=26
[2026-06-01 09:12:07,174] INFO - inferred case=ToothFairy3F_040 tooth=27
[2026-06-01 09:12:07,381] INFO - inferred case=ToothFairy3F_040 tooth=31
[2026-06-01 09:12:07,626] INFO - inferred case=ToothFairy3F_040 tooth=32
[2026-06-01 09:12:07,913] INFO - inferred case=ToothFairy3F_040 tooth=33
[2026-06-01 09:12:08,160] INFO - inferred case=ToothFairy3F_040 tooth=34
[2026-06-01 09:12:08,412] INFO - inferred case=ToothFairy3F_040 tooth=35
[2026-06-01 09:12:08,782] INFO - inferred case=ToothFairy3F_040 tooth=36
[2026-06-01 09:12:09,189] INFO - inferred case=ToothFairy3F_040 tooth=37
[2026-06-01 09:12:09,544] INFO - inferred case=ToothFairy3F_040 tooth=38
[2026-06-01 09:12:09,751] INFO - inferred case=ToothFairy3F_040 tooth=41
[2026-06-01 09:12:09,955] INFO - inferred case=ToothFairy3F_040 tooth=42
[2026-06-01 09:12:10,197] INFO - inferred case=ToothFairy3F_040 tooth=43
[2026-06-01 09:12:10,447] INFO - inferred case=ToothFairy3F_040 tooth=44
[2026-06-01 09:12:10,671] INFO - inferred case=ToothFairy3F_040 tooth=45
[2026-06-01 09:12:11,026] INFO - inferred case=ToothFairy3F_040 tooth=46
[2026-06-01 09:12:11,364] INFO - inferred case=ToothFairy3F_040 tooth=47
[2026-06-01 09:12:11,766] INFO - inferred case=ToothFairy3F_040 tooth=48
[2026-06-01 09:12:11,948] INFO - inferred case=ToothFairy3F_044 tooth=11
[2026-06-01 09:12:12,131] INFO - inferred case=ToothFairy3F_044 tooth=12
[2026-06-01 09:12:12,311] INFO - inferred case=ToothFairy3F_044 tooth=13
[2026-06-01 09:12:12,503] INFO - inferred case=ToothFairy3F_044 tooth=14
[2026-06-01 09:12:12,649] INFO - inferred case=ToothFairy3F_044 tooth=15
[2026-06-01 09:12:12,924] INFO - inferred case=ToothFairy3F_044 tooth=16
[2026-06-01 09:12:13,090] INFO - inferred case=ToothFairy3F_044 tooth=21
[2026-06-01 09:12:13,283] INFO - inferred case=ToothFairy3F_044 tooth=22
[2026-06-01 09:12:13,460] INFO - inferred case=ToothFairy3F_044 tooth=23
[2026-06-01 09:12:13,633] INFO - inferred case=ToothFairy3F_044 tooth=24
[2026-06-01 09:12:13,783] INFO - inferred case=ToothFairy3F_044 tooth=25
[2026-06-01 09:12:14,085] INFO - inferred case=ToothFairy3F_044 tooth=26
[2026-06-01 09:12:14,322] INFO - inferred case=ToothFairy3F_044 tooth=27
[2026-06-01 09:12:14,498] INFO - inferred case=ToothFairy3F_044 tooth=28
[2026-06-01 09:12:14,708] INFO - inferred case=ToothFairy3F_044 tooth=31
[2026-06-01 09:12:14,926] INFO - inferred case=ToothFairy3F_044 tooth=32
[2026-06-01 09:12:15,239] INFO - inferred case=ToothFairy3F_044 tooth=33
[2026-06-01 09:12:15,497] INFO - inferred case=ToothFairy3F_044 tooth=34
[2026-06-01 09:12:15,789] INFO - inferred case=ToothFairy3F_044 tooth=35
[2026-06-01 09:12:16,140] INFO - inferred case=ToothFairy3F_044 tooth=36
[2026-06-01 09:12:16,355] INFO - inferred case=ToothFairy3F_044 tooth=41
[2026-06-01 09:12:16,577] INFO - inferred case=ToothFairy3F_044 tooth=42
[2026-06-01 09:12:16,858] INFO - inferred case=ToothFairy3F_044 tooth=43
[2026-06-01 09:12:17,095] INFO - inferred case=ToothFairy3F_044 tooth=44
[2026-06-01 09:12:17,332] INFO - inferred case=ToothFairy3F_044 tooth=45
[2026-06-01 09:12:17,707] INFO - inferred case=ToothFairy3F_044 tooth=46
[2026-06-01 09:12:18,101] INFO - inferred case=ToothFairy3F_044 tooth=47
[2026-06-01 09:12:18,430] INFO - inferred case=ToothFairy3F_044 tooth=48
[2026-06-01 09:12:18,647] INFO - inferred case=ToothFairy3F_052 tooth=11
[2026-06-01 09:12:18,841] INFO - inferred case=ToothFairy3F_052 tooth=12
[2026-06-01 09:12:19,065] INFO - inferred case=ToothFairy3F_052 tooth=13
[2026-06-01 09:12:19,285] INFO - inferred case=ToothFairy3F_052 tooth=14
[2026-06-01 09:12:19,509] INFO - inferred case=ToothFairy3F_052 tooth=15
[2026-06-01 09:12:19,797] INFO - inferred case=ToothFairy3F_052 tooth=16
[2026-06-01 09:12:20,092] INFO - inferred case=ToothFairy3F_052 tooth=17
[2026-06-01 09:12:20,330] INFO - inferred case=ToothFairy3F_052 tooth=18
[2026-06-01 09:12:20,558] INFO - inferred case=ToothFairy3F_052 tooth=21
[2026-06-01 09:12:20,785] INFO - inferred case=ToothFairy3F_052 tooth=22
[2026-06-01 09:12:21,001] INFO - inferred case=ToothFairy3F_052 tooth=23
[2026-06-01 09:12:21,227] INFO - inferred case=ToothFairy3F_052 tooth=24
[2026-06-01 09:12:21,434] INFO - inferred case=ToothFairy3F_052 tooth=25
[2026-06-01 09:12:21,742] INFO - inferred case=ToothFairy3F_052 tooth=26
[2026-06-01 09:12:22,026] INFO - inferred case=ToothFairy3F_052 tooth=27
[2026-06-01 09:12:22,220] INFO - inferred case=ToothFairy3F_052 tooth=31
[2026-06-01 09:12:22,443] INFO - inferred case=ToothFairy3F_052 tooth=32
[2026-06-01 09:12:22,697] INFO - inferred case=ToothFairy3F_052 tooth=33
[2026-06-01 09:12:22,894] INFO - inferred case=ToothFairy3F_052 tooth=34
[2026-06-01 09:12:23,150] INFO - inferred case=ToothFairy3F_052 tooth=35
[2026-06-01 09:12:23,462] INFO - inferred case=ToothFairy3F_052 tooth=36
[2026-06-01 09:12:23,788] INFO - inferred case=ToothFairy3F_052 tooth=37
[2026-06-01 09:12:24,085] INFO - inferred case=ToothFairy3F_052 tooth=38
[2026-06-01 09:12:24,285] INFO - inferred case=ToothFairy3F_052 tooth=41
[2026-06-01 09:12:24,476] INFO - inferred case=ToothFairy3F_052 tooth=42
[2026-06-01 09:12:24,699] INFO - inferred case=ToothFairy3F_052 tooth=43
[2026-06-01 09:12:24,904] INFO - inferred case=ToothFairy3F_052 tooth=44
[2026-06-01 09:12:25,153] INFO - inferred case=ToothFairy3F_052 tooth=45
[2026-06-01 09:12:25,549] INFO - inferred case=ToothFairy3F_052 tooth=46
[2026-06-01 09:12:25,877] INFO - inferred case=ToothFairy3F_052 tooth=47
[2026-06-01 09:12:29,510] INFO - stitched case=ToothFairy3F_040
[2026-06-01 09:12:32,979] INFO - stitched case=ToothFairy3F_044
[2026-06-01 09:12:36,893] INFO - stitched case=ToothFairy3F_052
[finished_at] 2026-06-01T09:12:37.784983+00:00
[returncode] 0
