[started_at] 2026-06-01T09:14:13.605214+00:00
[cmd] /usr/local/miniconda3/envs/py310/bin/python -m src.infer --config /root/cej_isolated_runs/C/stage1_data_learning_curve_20260601_075445/experiments/pct080/config/best_theta_0.35.yaml
[2026-06-01 09:14:18,622] INFO - inferred case=ToothFairy3F_040 tooth=11
[2026-06-01 09:14:18,794] INFO - inferred case=ToothFairy3F_040 tooth=12
[2026-06-01 09:14:18,983] INFO - inferred case=ToothFairy3F_040 tooth=13
[2026-06-01 09:14:19,135] INFO - inferred case=ToothFairy3F_040 tooth=14
[2026-06-01 09:14:19,308] INFO - inferred case=ToothFairy3F_040 tooth=15
[2026-06-01 09:14:19,534] INFO - inferred case=ToothFairy3F_040 tooth=16
[2026-06-01 09:14:19,798] INFO - inferred case=ToothFairy3F_040 tooth=17
[2026-06-01 09:14:19,969] INFO - inferred case=ToothFairy3F_040 tooth=21
[2026-06-01 09:14:20,123] INFO - inferred case=ToothFairy3F_040 tooth=22
[2026-06-01 09:14:20,282] INFO - inferred case=ToothFairy3F_040 tooth=23
[2026-06-01 09:14:20,428] INFO - inferred case=ToothFairy3F_040 tooth=24
[2026-06-01 09:14:20,575] INFO - inferred case=ToothFairy3F_040 tooth=25
[2026-06-01 09:14:20,774] INFO - inferred case=ToothFairy3F_040 tooth=26
[2026-06-01 09:14:20,972] INFO - inferred case=ToothFairy3F_040 tooth=27
[2026-06-01 09:14:21,178] INFO - inferred case=ToothFairy3F_040 tooth=31
[2026-06-01 09:14:21,416] INFO - inferred case=ToothFairy3F_040 tooth=32
[2026-06-01 09:14:21,701] INFO - inferred case=ToothFairy3F_040 tooth=33
[2026-06-01 09:14:21,947] INFO - inferred case=ToothFairy3F_040 tooth=34
[2026-06-01 09:14:22,203] INFO - inferred case=ToothFairy3F_040 tooth=35
[2026-06-01 09:14:22,576] INFO - inferred case=ToothFairy3F_040 tooth=36
[2026-06-01 09:14:22,973] INFO - inferred case=ToothFairy3F_040 tooth=37
[2026-06-01 09:14:23,318] INFO - inferred case=ToothFairy3F_040 tooth=38
[2026-06-01 09:14:23,527] INFO - inferred case=ToothFairy3F_040 tooth=41
[2026-06-01 09:14:23,730] INFO - inferred case=ToothFairy3F_040 tooth=42
[2026-06-01 09:14:23,973] INFO - inferred case=ToothFairy3F_040 tooth=43
[2026-06-01 09:14:24,223] INFO - inferred case=ToothFairy3F_040 tooth=44
[2026-06-01 09:14:24,452] INFO - inferred case=ToothFairy3F_040 tooth=45
[2026-06-01 09:14:24,803] INFO - inferred case=ToothFairy3F_040 tooth=46
[2026-06-01 09:14:25,150] INFO - inferred case=ToothFairy3F_040 tooth=47
[2026-06-01 09:14:25,582] INFO - inferred case=ToothFairy3F_040 tooth=48
[2026-06-01 09:14:25,772] INFO - inferred case=ToothFairy3F_044 tooth=11
[2026-06-01 09:14:25,966] INFO - inferred case=ToothFairy3F_044 tooth=12
[2026-06-01 09:14:26,187] INFO - inferred case=ToothFairy3F_044 tooth=13
[2026-06-01 09:14:26,422] INFO - inferred case=ToothFairy3F_044 tooth=14
[2026-06-01 09:14:26,585] INFO - inferred case=ToothFairy3F_044 tooth=15
[2026-06-01 09:14:26,855] INFO - inferred case=ToothFairy3F_044 tooth=16
[2026-06-01 09:14:27,059] INFO - inferred case=ToothFairy3F_044 tooth=21
[2026-06-01 09:14:27,264] INFO - inferred case=ToothFairy3F_044 tooth=22
[2026-06-01 09:14:27,441] INFO - inferred case=ToothFairy3F_044 tooth=23
[2026-06-01 09:14:27,612] INFO - inferred case=ToothFairy3F_044 tooth=24
[2026-06-01 09:14:27,764] INFO - inferred case=ToothFairy3F_044 tooth=25
[2026-06-01 09:14:28,039] INFO - inferred case=ToothFairy3F_044 tooth=26
[2026-06-01 09:14:28,278] INFO - inferred case=ToothFairy3F_044 tooth=27
[2026-06-01 09:14:28,455] INFO - inferred case=ToothFairy3F_044 tooth=28
[2026-06-01 09:14:28,673] INFO - inferred case=ToothFairy3F_044 tooth=31
[2026-06-01 09:14:28,896] INFO - inferred case=ToothFairy3F_044 tooth=32
[2026-06-01 09:14:29,173] INFO - inferred case=ToothFairy3F_044 tooth=33
[2026-06-01 09:14:29,433] INFO - inferred case=ToothFairy3F_044 tooth=34
[2026-06-01 09:14:29,690] INFO - inferred case=ToothFairy3F_044 tooth=35
[2026-06-01 09:14:30,029] INFO - inferred case=ToothFairy3F_044 tooth=36
[2026-06-01 09:14:30,239] INFO - inferred case=ToothFairy3F_044 tooth=41
[2026-06-01 09:14:30,454] INFO - inferred case=ToothFairy3F_044 tooth=42
[2026-06-01 09:14:30,741] INFO - inferred case=ToothFairy3F_044 tooth=43
[2026-06-01 09:14:30,982] INFO - inferred case=ToothFairy3F_044 tooth=44
[2026-06-01 09:14:31,224] INFO - inferred case=ToothFairy3F_044 tooth=45
[2026-06-01 09:14:31,598] INFO - inferred case=ToothFairy3F_044 tooth=46
[2026-06-01 09:14:31,973] INFO - inferred case=ToothFairy3F_044 tooth=47
[2026-06-01 09:14:32,304] INFO - inferred case=ToothFairy3F_044 tooth=48
[2026-06-01 09:14:32,526] INFO - inferred case=ToothFairy3F_052 tooth=11
[2026-06-01 09:14:32,728] INFO - inferred case=ToothFairy3F_052 tooth=12
[2026-06-01 09:14:32,958] INFO - inferred case=ToothFairy3F_052 tooth=13
[2026-06-01 09:14:33,184] INFO - inferred case=ToothFairy3F_052 tooth=14
[2026-06-01 09:14:33,414] INFO - inferred case=ToothFairy3F_052 tooth=15
[2026-06-01 09:14:33,708] INFO - inferred case=ToothFairy3F_052 tooth=16
[2026-06-01 09:14:34,015] INFO - inferred case=ToothFairy3F_052 tooth=17
[2026-06-01 09:14:34,254] INFO - inferred case=ToothFairy3F_052 tooth=18
[2026-06-01 09:14:34,478] INFO - inferred case=ToothFairy3F_052 tooth=21
[2026-06-01 09:14:34,708] INFO - inferred case=ToothFairy3F_052 tooth=22
[2026-06-01 09:14:34,927] INFO - inferred case=ToothFairy3F_052 tooth=23
[2026-06-01 09:14:35,173] INFO - inferred case=ToothFairy3F_052 tooth=24
[2026-06-01 09:14:35,428] INFO - inferred case=ToothFairy3F_052 tooth=25
[2026-06-01 09:14:35,751] INFO - inferred case=ToothFairy3F_052 tooth=26
[2026-06-01 09:14:36,088] INFO - inferred case=ToothFairy3F_052 tooth=27
[2026-06-01 09:14:36,340] INFO - inferred case=ToothFairy3F_052 tooth=31
[2026-06-01 09:14:36,594] INFO - inferred case=ToothFairy3F_052 tooth=32
[2026-06-01 09:14:36,874] INFO - inferred case=ToothFairy3F_052 tooth=33
[2026-06-01 09:14:37,114] INFO - inferred case=ToothFairy3F_052 tooth=34
[2026-06-01 09:14:37,400] INFO - inferred case=ToothFairy3F_052 tooth=35
[2026-06-01 09:14:37,819] INFO - inferred case=ToothFairy3F_052 tooth=36
[2026-06-01 09:14:38,258] INFO - inferred case=ToothFairy3F_052 tooth=37
[2026-06-01 09:14:38,656] INFO - inferred case=ToothFairy3F_052 tooth=38
[2026-06-01 09:14:38,900] INFO - inferred case=ToothFairy3F_052 tooth=41
[2026-06-01 09:14:39,106] INFO - inferred case=ToothFairy3F_052 tooth=42
[2026-06-01 09:14:39,342] INFO - inferred case=ToothFairy3F_052 tooth=43
[2026-06-01 09:14:39,561] INFO - inferred case=ToothFairy3F_052 tooth=44
[2026-06-01 09:14:39,813] INFO - inferred case=ToothFairy3F_052 tooth=45
[2026-06-01 09:14:40,183] INFO - inferred case=ToothFairy3F_052 tooth=46
[2026-06-01 09:14:40,497] INFO - inferred case=ToothFairy3F_052 tooth=47
[2026-06-01 09:14:45,161] INFO - stitched case=ToothFairy3F_040
[2026-06-01 09:14:49,490] INFO - stitched case=ToothFairy3F_044
[2026-06-01 09:14:53,790] INFO - stitched case=ToothFairy3F_052
[finished_at] 2026-06-01T09:14:54.992345+00:00
[returncode] 0
