[started_at] 2026-06-01T09:12:42.091049+00:00
[cmd] /usr/local/miniconda3/envs/py310/bin/python -m src.infer --config /root/cej_isolated_runs/C/stage1_data_learning_curve_20260601_075445/experiments/pct080/config/best_theta_0.25.yaml
[2026-06-01 09:12:47,036] INFO - inferred case=ToothFairy3F_040 tooth=11
[2026-06-01 09:12:47,207] INFO - inferred case=ToothFairy3F_040 tooth=12
[2026-06-01 09:12:47,392] INFO - inferred case=ToothFairy3F_040 tooth=13
[2026-06-01 09:12:47,541] INFO - inferred case=ToothFairy3F_040 tooth=14
[2026-06-01 09:12:47,755] INFO - inferred case=ToothFairy3F_040 tooth=15
[2026-06-01 09:12:47,981] INFO - inferred case=ToothFairy3F_040 tooth=16
[2026-06-01 09:12:48,241] INFO - inferred case=ToothFairy3F_040 tooth=17
[2026-06-01 09:12:48,401] INFO - inferred case=ToothFairy3F_040 tooth=21
[2026-06-01 09:12:48,556] INFO - inferred case=ToothFairy3F_040 tooth=22
[2026-06-01 09:12:48,711] INFO - inferred case=ToothFairy3F_040 tooth=23
[2026-06-01 09:12:48,856] INFO - inferred case=ToothFairy3F_040 tooth=24
[2026-06-01 09:12:49,000] INFO - inferred case=ToothFairy3F_040 tooth=25
[2026-06-01 09:12:49,194] INFO - inferred case=ToothFairy3F_040 tooth=26
[2026-06-01 09:12:49,381] INFO - inferred case=ToothFairy3F_040 tooth=27
[2026-06-01 09:12:49,587] INFO - inferred case=ToothFairy3F_040 tooth=31
[2026-06-01 09:12:49,826] INFO - inferred case=ToothFairy3F_040 tooth=32
[2026-06-01 09:12:50,106] INFO - inferred case=ToothFairy3F_040 tooth=33
[2026-06-01 09:12:50,348] INFO - inferred case=ToothFairy3F_040 tooth=34
[2026-06-01 09:12:50,595] INFO - inferred case=ToothFairy3F_040 tooth=35
[2026-06-01 09:12:50,973] INFO - inferred case=ToothFairy3F_040 tooth=36
[2026-06-01 09:12:51,371] INFO - inferred case=ToothFairy3F_040 tooth=37
[2026-06-01 09:12:51,723] INFO - inferred case=ToothFairy3F_040 tooth=38
[2026-06-01 09:12:51,930] INFO - inferred case=ToothFairy3F_040 tooth=41
[2026-06-01 09:12:52,130] INFO - inferred case=ToothFairy3F_040 tooth=42
[2026-06-01 09:12:52,370] INFO - inferred case=ToothFairy3F_040 tooth=43
[2026-06-01 09:12:52,620] INFO - inferred case=ToothFairy3F_040 tooth=44
[2026-06-01 09:12:52,845] INFO - inferred case=ToothFairy3F_040 tooth=45
[2026-06-01 09:12:53,193] INFO - inferred case=ToothFairy3F_040 tooth=46
[2026-06-01 09:12:53,530] INFO - inferred case=ToothFairy3F_040 tooth=47
[2026-06-01 09:12:53,923] INFO - inferred case=ToothFairy3F_040 tooth=48
[2026-06-01 09:12:54,114] INFO - inferred case=ToothFairy3F_044 tooth=11
[2026-06-01 09:12:54,297] INFO - inferred case=ToothFairy3F_044 tooth=12
[2026-06-01 09:12:54,478] INFO - inferred case=ToothFairy3F_044 tooth=13
[2026-06-01 09:12:54,675] INFO - inferred case=ToothFairy3F_044 tooth=14
[2026-06-01 09:12:54,820] INFO - inferred case=ToothFairy3F_044 tooth=15
[2026-06-01 09:12:55,107] INFO - inferred case=ToothFairy3F_044 tooth=16
[2026-06-01 09:12:55,275] INFO - inferred case=ToothFairy3F_044 tooth=21
[2026-06-01 09:12:55,525] INFO - inferred case=ToothFairy3F_044 tooth=22
[2026-06-01 09:12:55,773] INFO - inferred case=ToothFairy3F_044 tooth=23
[2026-06-01 09:12:55,985] INFO - inferred case=ToothFairy3F_044 tooth=24
[2026-06-01 09:12:56,178] INFO - inferred case=ToothFairy3F_044 tooth=25
[2026-06-01 09:12:56,508] INFO - inferred case=ToothFairy3F_044 tooth=26
[2026-06-01 09:12:56,777] INFO - inferred case=ToothFairy3F_044 tooth=27
[2026-06-01 09:12:56,954] INFO - inferred case=ToothFairy3F_044 tooth=28
[2026-06-01 09:12:57,163] INFO - inferred case=ToothFairy3F_044 tooth=31
[2026-06-01 09:12:57,384] INFO - inferred case=ToothFairy3F_044 tooth=32
[2026-06-01 09:12:57,659] INFO - inferred case=ToothFairy3F_044 tooth=33
[2026-06-01 09:12:57,912] INFO - inferred case=ToothFairy3F_044 tooth=34
[2026-06-01 09:12:58,167] INFO - inferred case=ToothFairy3F_044 tooth=35
[2026-06-01 09:12:58,516] INFO - inferred case=ToothFairy3F_044 tooth=36
[2026-06-01 09:12:58,734] INFO - inferred case=ToothFairy3F_044 tooth=41
[2026-06-01 09:12:58,957] INFO - inferred case=ToothFairy3F_044 tooth=42
[2026-06-01 09:12:59,250] INFO - inferred case=ToothFairy3F_044 tooth=43
[2026-06-01 09:12:59,499] INFO - inferred case=ToothFairy3F_044 tooth=44
[2026-06-01 09:12:59,754] INFO - inferred case=ToothFairy3F_044 tooth=45
[2026-06-01 09:13:00,163] INFO - inferred case=ToothFairy3F_044 tooth=46
[2026-06-01 09:13:00,571] INFO - inferred case=ToothFairy3F_044 tooth=47
[2026-06-01 09:13:00,908] INFO - inferred case=ToothFairy3F_044 tooth=48
[2026-06-01 09:13:01,136] INFO - inferred case=ToothFairy3F_052 tooth=11
[2026-06-01 09:13:01,343] INFO - inferred case=ToothFairy3F_052 tooth=12
[2026-06-01 09:13:01,585] INFO - inferred case=ToothFairy3F_052 tooth=13
[2026-06-01 09:13:01,820] INFO - inferred case=ToothFairy3F_052 tooth=14
[2026-06-01 09:13:02,064] INFO - inferred case=ToothFairy3F_052 tooth=15
[2026-06-01 09:13:02,368] INFO - inferred case=ToothFairy3F_052 tooth=16
[2026-06-01 09:13:02,676] INFO - inferred case=ToothFairy3F_052 tooth=17
[2026-06-01 09:13:02,925] INFO - inferred case=ToothFairy3F_052 tooth=18
[2026-06-01 09:13:03,160] INFO - inferred case=ToothFairy3F_052 tooth=21
[2026-06-01 09:13:03,418] INFO - inferred case=ToothFairy3F_052 tooth=22
[2026-06-01 09:13:03,655] INFO - inferred case=ToothFairy3F_052 tooth=23
[2026-06-01 09:13:03,891] INFO - inferred case=ToothFairy3F_052 tooth=24
[2026-06-01 09:13:04,115] INFO - inferred case=ToothFairy3F_052 tooth=25
[2026-06-01 09:13:04,435] INFO - inferred case=ToothFairy3F_052 tooth=26
[2026-06-01 09:13:04,731] INFO - inferred case=ToothFairy3F_052 tooth=27
[2026-06-01 09:13:04,929] INFO - inferred case=ToothFairy3F_052 tooth=31
[2026-06-01 09:13:05,189] INFO - inferred case=ToothFairy3F_052 tooth=32
[2026-06-01 09:13:05,474] INFO - inferred case=ToothFairy3F_052 tooth=33
[2026-06-01 09:13:05,711] INFO - inferred case=ToothFairy3F_052 tooth=34
[2026-06-01 09:13:06,001] INFO - inferred case=ToothFairy3F_052 tooth=35
[2026-06-01 09:13:06,343] INFO - inferred case=ToothFairy3F_052 tooth=36
[2026-06-01 09:13:06,705] INFO - inferred case=ToothFairy3F_052 tooth=37
[2026-06-01 09:13:07,012] INFO - inferred case=ToothFairy3F_052 tooth=38
[2026-06-01 09:13:07,209] INFO - inferred case=ToothFairy3F_052 tooth=41
[2026-06-01 09:13:07,402] INFO - inferred case=ToothFairy3F_052 tooth=42
[2026-06-01 09:13:07,624] INFO - inferred case=ToothFairy3F_052 tooth=43
[2026-06-01 09:13:07,831] INFO - inferred case=ToothFairy3F_052 tooth=44
[2026-06-01 09:13:08,072] INFO - inferred case=ToothFairy3F_052 tooth=45
[2026-06-01 09:13:08,436] INFO - inferred case=ToothFairy3F_052 tooth=46
[2026-06-01 09:13:08,732] INFO - inferred case=ToothFairy3F_052 tooth=47
[2026-06-01 09:13:12,419] INFO - stitched case=ToothFairy3F_040
[2026-06-01 09:13:16,347] INFO - stitched case=ToothFairy3F_044
[2026-06-01 09:13:21,044] INFO - stitched case=ToothFairy3F_052
[finished_at] 2026-06-01T09:13:22.005857+00:00
[returncode] 0
