[started_at] 2026-06-01T09:13:26.964035+00:00
[cmd] /usr/local/miniconda3/envs/py310/bin/python -m src.infer --config /root/cej_isolated_runs/C/stage1_data_learning_curve_20260601_075445/experiments/pct080/config/best_theta_0.30.yaml
[2026-06-01 09:13:32,668] INFO - inferred case=ToothFairy3F_040 tooth=11
[2026-06-01 09:13:32,845] INFO - inferred case=ToothFairy3F_040 tooth=12
[2026-06-01 09:13:33,035] INFO - inferred case=ToothFairy3F_040 tooth=13
[2026-06-01 09:13:33,196] INFO - inferred case=ToothFairy3F_040 tooth=14
[2026-06-01 09:13:33,372] INFO - inferred case=ToothFairy3F_040 tooth=15
[2026-06-01 09:13:33,607] INFO - inferred case=ToothFairy3F_040 tooth=16
[2026-06-01 09:13:33,890] INFO - inferred case=ToothFairy3F_040 tooth=17
[2026-06-01 09:13:34,053] INFO - inferred case=ToothFairy3F_040 tooth=21
[2026-06-01 09:13:34,212] INFO - inferred case=ToothFairy3F_040 tooth=22
[2026-06-01 09:13:34,373] INFO - inferred case=ToothFairy3F_040 tooth=23
[2026-06-01 09:13:34,520] INFO - inferred case=ToothFairy3F_040 tooth=24
[2026-06-01 09:13:34,667] INFO - inferred case=ToothFairy3F_040 tooth=25
[2026-06-01 09:13:34,918] INFO - inferred case=ToothFairy3F_040 tooth=26
[2026-06-01 09:13:35,143] INFO - inferred case=ToothFairy3F_040 tooth=27
[2026-06-01 09:13:35,449] INFO - inferred case=ToothFairy3F_040 tooth=31
[2026-06-01 09:13:35,770] INFO - inferred case=ToothFairy3F_040 tooth=32
[2026-06-01 09:13:36,081] INFO - inferred case=ToothFairy3F_040 tooth=33
[2026-06-01 09:13:36,407] INFO - inferred case=ToothFairy3F_040 tooth=34
[2026-06-01 09:13:36,725] INFO - inferred case=ToothFairy3F_040 tooth=35
[2026-06-01 09:13:37,156] INFO - inferred case=ToothFairy3F_040 tooth=36
[2026-06-01 09:13:37,598] INFO - inferred case=ToothFairy3F_040 tooth=37
[2026-06-01 09:13:37,989] INFO - inferred case=ToothFairy3F_040 tooth=38
[2026-06-01 09:13:38,272] INFO - inferred case=ToothFairy3F_040 tooth=41
[2026-06-01 09:13:38,529] INFO - inferred case=ToothFairy3F_040 tooth=42
[2026-06-01 09:13:38,839] INFO - inferred case=ToothFairy3F_040 tooth=43
[2026-06-01 09:13:39,172] INFO - inferred case=ToothFairy3F_040 tooth=44
[2026-06-01 09:13:39,442] INFO - inferred case=ToothFairy3F_040 tooth=45
[2026-06-01 09:13:39,915] INFO - inferred case=ToothFairy3F_040 tooth=46
[2026-06-01 09:13:40,347] INFO - inferred case=ToothFairy3F_040 tooth=47
[2026-06-01 09:13:40,849] INFO - inferred case=ToothFairy3F_040 tooth=48
[2026-06-01 09:13:41,065] INFO - inferred case=ToothFairy3F_044 tooth=11
[2026-06-01 09:13:41,320] INFO - inferred case=ToothFairy3F_044 tooth=12
[2026-06-01 09:13:41,558] INFO - inferred case=ToothFairy3F_044 tooth=13
[2026-06-01 09:13:41,821] INFO - inferred case=ToothFairy3F_044 tooth=14
[2026-06-01 09:13:42,006] INFO - inferred case=ToothFairy3F_044 tooth=15
[2026-06-01 09:13:42,341] INFO - inferred case=ToothFairy3F_044 tooth=16
[2026-06-01 09:13:42,555] INFO - inferred case=ToothFairy3F_044 tooth=21
[2026-06-01 09:13:42,808] INFO - inferred case=ToothFairy3F_044 tooth=22
[2026-06-01 09:13:43,021] INFO - inferred case=ToothFairy3F_044 tooth=23
[2026-06-01 09:13:43,196] INFO - inferred case=ToothFairy3F_044 tooth=24
[2026-06-01 09:13:43,347] INFO - inferred case=ToothFairy3F_044 tooth=25
[2026-06-01 09:13:43,635] INFO - inferred case=ToothFairy3F_044 tooth=26
[2026-06-01 09:13:43,889] INFO - inferred case=ToothFairy3F_044 tooth=27
[2026-06-01 09:13:44,063] INFO - inferred case=ToothFairy3F_044 tooth=28
[2026-06-01 09:13:44,278] INFO - inferred case=ToothFairy3F_044 tooth=31
[2026-06-01 09:13:44,499] INFO - inferred case=ToothFairy3F_044 tooth=32
[2026-06-01 09:13:44,775] INFO - inferred case=ToothFairy3F_044 tooth=33
[2026-06-01 09:13:45,042] INFO - inferred case=ToothFairy3F_044 tooth=34
[2026-06-01 09:13:45,380] INFO - inferred case=ToothFairy3F_044 tooth=35
[2026-06-01 09:13:45,776] INFO - inferred case=ToothFairy3F_044 tooth=36
[2026-06-01 09:13:45,998] INFO - inferred case=ToothFairy3F_044 tooth=41
[2026-06-01 09:13:46,254] INFO - inferred case=ToothFairy3F_044 tooth=42
[2026-06-01 09:13:46,580] INFO - inferred case=ToothFairy3F_044 tooth=43
[2026-06-01 09:13:46,852] INFO - inferred case=ToothFairy3F_044 tooth=44
[2026-06-01 09:13:47,117] INFO - inferred case=ToothFairy3F_044 tooth=45
[2026-06-01 09:13:47,498] INFO - inferred case=ToothFairy3F_044 tooth=46
[2026-06-01 09:13:47,878] INFO - inferred case=ToothFairy3F_044 tooth=47
[2026-06-01 09:13:48,207] INFO - inferred case=ToothFairy3F_044 tooth=48
[2026-06-01 09:13:48,426] INFO - inferred case=ToothFairy3F_052 tooth=11
[2026-06-01 09:13:48,626] INFO - inferred case=ToothFairy3F_052 tooth=12
[2026-06-01 09:13:48,855] INFO - inferred case=ToothFairy3F_052 tooth=13
[2026-06-01 09:13:49,079] INFO - inferred case=ToothFairy3F_052 tooth=14
[2026-06-01 09:13:49,323] INFO - inferred case=ToothFairy3F_052 tooth=15
[2026-06-01 09:13:49,615] INFO - inferred case=ToothFairy3F_052 tooth=16
[2026-06-01 09:13:49,914] INFO - inferred case=ToothFairy3F_052 tooth=17
[2026-06-01 09:13:50,156] INFO - inferred case=ToothFairy3F_052 tooth=18
[2026-06-01 09:13:50,384] INFO - inferred case=ToothFairy3F_052 tooth=21
[2026-06-01 09:13:50,616] INFO - inferred case=ToothFairy3F_052 tooth=22
[2026-06-01 09:13:50,834] INFO - inferred case=ToothFairy3F_052 tooth=23
[2026-06-01 09:13:51,062] INFO - inferred case=ToothFairy3F_052 tooth=24
[2026-06-01 09:13:51,281] INFO - inferred case=ToothFairy3F_052 tooth=25
[2026-06-01 09:13:51,599] INFO - inferred case=ToothFairy3F_052 tooth=26
[2026-06-01 09:13:51,885] INFO - inferred case=ToothFairy3F_052 tooth=27
[2026-06-01 09:13:52,073] INFO - inferred case=ToothFairy3F_052 tooth=31
[2026-06-01 09:13:52,299] INFO - inferred case=ToothFairy3F_052 tooth=32
[2026-06-01 09:13:52,555] INFO - inferred case=ToothFairy3F_052 tooth=33
[2026-06-01 09:13:52,756] INFO - inferred case=ToothFairy3F_052 tooth=34
[2026-06-01 09:13:53,016] INFO - inferred case=ToothFairy3F_052 tooth=35
[2026-06-01 09:13:53,330] INFO - inferred case=ToothFairy3F_052 tooth=36
[2026-06-01 09:13:53,646] INFO - inferred case=ToothFairy3F_052 tooth=37
[2026-06-01 09:13:53,952] INFO - inferred case=ToothFairy3F_052 tooth=38
[2026-06-01 09:13:54,139] INFO - inferred case=ToothFairy3F_052 tooth=41
[2026-06-01 09:13:54,333] INFO - inferred case=ToothFairy3F_052 tooth=42
[2026-06-01 09:13:54,560] INFO - inferred case=ToothFairy3F_052 tooth=43
[2026-06-01 09:13:54,767] INFO - inferred case=ToothFairy3F_052 tooth=44
[2026-06-01 09:13:55,037] INFO - inferred case=ToothFairy3F_052 tooth=45
[2026-06-01 09:13:55,414] INFO - inferred case=ToothFairy3F_052 tooth=46
[2026-06-01 09:13:55,739] INFO - inferred case=ToothFairy3F_052 tooth=47
[2026-06-01 09:13:59,577] INFO - stitched case=ToothFairy3F_040
[2026-06-01 09:14:03,131] INFO - stitched case=ToothFairy3F_044
[2026-06-01 09:14:07,296] INFO - stitched case=ToothFairy3F_052
[finished_at] 2026-06-01T09:14:08.568472+00:00
[returncode] 0
