[started_at] 2026-05-07T18:51:01.037379+00:00
[cmd] /usr/local/miniconda3/envs/py310/bin/python -m src.train_loss_earlystop --config /root/cej_isolated_runs/C/cej_loss_earlystop_20260507_004/experiments/exp04_surface_soft_constraint/config/train.yaml
[2026-05-07 18:51:12,678] INFO - loaded pretrained=/root/cej_isolated_runs/C/cej_loss_earlystop_20260507_004/input/checkpoints/unsup_last.pt strict=False missing=0 unexpected=0
[2026-05-07 18:51:50,852] INFO - epoch=0 train_loss=1.116413 holdout_loss=0.610535 score=1.316239 sym_p95=10.049875259399414 no_curve=0 bad_rate=0.7077 vox03=9958.061538461538 cc=4.123076923076923 wrap=0.20981516524424806 best_score=None best_epoch=None patience=0/8 active=False
[2026-05-07 18:52:26,812] INFO - epoch=1 train_loss=0.477126 holdout_loss=0.582545 score=1.830122 sym_p95=11.401754379272461 no_curve=1 bad_rate=0.5846 vox03=10384.892307692307 cc=1.9692307692307693 wrap=0.184045857822719 best_score=None best_epoch=None patience=0/8 active=False
[2026-05-07 18:53:01,561] INFO - epoch=2 train_loss=0.448980 holdout_loss=0.605483 score=1.767570 sym_p95=9.219544410705566 no_curve=2 bad_rate=0.4154 vox03=6930.584615384615 cc=1.5846153846153845 wrap=0.19707458302871336 best_score=None best_epoch=None patience=0/8 active=False
[2026-05-07 18:53:35,213] INFO - epoch=3 train_loss=0.437745 holdout_loss=0.591804 score=1.682755 sym_p95=9.273618698120117 no_curve=1 bad_rate=0.3538 vox03=7000.661538461539 cc=1.4461538461538461 wrap=0.22470808040007978 best_score=None best_epoch=None patience=0/8 active=False
[2026-05-07 18:54:09,384] INFO - epoch=4 train_loss=0.430415 holdout_loss=0.531030 score=0.974645 sym_p95=6.082762718200684 no_curve=0 bad_rate=0.2923 vox03=8656.76923076923 cc=1.5846153846153845 wrap=0.2556034407720479 best_score=None best_epoch=None patience=0/8 active=False
[2026-05-07 18:54:43,377] INFO - epoch=5 train_loss=0.423608 holdout_loss=0.528153 score=1.615134 sym_p95=8.774964332580566 no_curve=1 bad_rate=0.3385 vox03=8484.6 cc=1.8923076923076922 wrap=0.26030541777918437 best_score=None best_epoch=None patience=0/8 active=False
[2026-05-07 18:55:15,688] INFO - epoch=6 train_loss=0.420858 holdout_loss=0.540528 score=1.610131 sym_p95=8.66025447845459 no_curve=1 bad_rate=0.3077 vox03=7196.169230769231 cc=1.4461538461538461 wrap=0.2612210775634904 best_score=None best_epoch=None patience=0/8 active=False
[2026-05-07 18:55:49,036] INFO - epoch=7 train_loss=0.416222 holdout_loss=0.530064 score=1.129431 sym_p95=8.124038696289062 no_curve=0 bad_rate=0.2923 vox03=7933.615384615385 cc=1.3692307692307693 wrap=0.26998112213886394 best_score=None best_epoch=None patience=0/8 active=False
[2026-05-07 18:56:23,213] INFO - epoch=8 train_loss=0.412826 holdout_loss=0.544154 score=1.259782 sym_p95=8.124038696289062 no_curve=0 bad_rate=0.3846 vox03=7187.446153846154 cc=1.2615384615384615 wrap=0.24381502478163228 best_score=None best_epoch=None patience=0/8 active=False
[2026-05-07 18:56:57,012] INFO - epoch=9 train_loss=0.410248 holdout_loss=0.576778 score=2.086293 sym_p95=12.547892761230353 no_curve=4 bad_rate=0.3231 vox03=5870.6461538461535 cc=1.1692307692307693 wrap=0.26813985589284756 best_score=None best_epoch=None patience=0/8 active=False
[2026-05-07 18:57:43,649] INFO - epoch=10 train_loss=0.407671 holdout_loss=0.532643 score=1.301576 sym_p95=9.69536018371582 no_curve=0 bad_rate=0.3231 vox03=7315.569230769231 cc=1.2461538461538462 wrap=0.2658157295714795 best_score=1.3015758387790644 best_epoch=10 patience=0/8 active=True
[2026-05-07 18:58:17,096] INFO - epoch=11 train_loss=0.407065 holdout_loss=0.539378 score=1.849755 sym_p95=10.254253005981516 no_curve=3 bad_rate=0.3231 vox03=6502.2 cc=1.1384615384615384 wrap=0.26812201814834474 best_score=1.3015758387790644 best_epoch=10 patience=1/8 active=True
[2026-05-07 18:58:50,267] INFO - epoch=12 train_loss=0.406564 holdout_loss=0.577569 score=1.847526 sym_p95=10.954451560974121 no_curve=2 bad_rate=0.3538 vox03=5630.569230769231 cc=1.1538461538461537 wrap=0.25661572456864035 best_score=1.3015758387790644 best_epoch=10 patience=2/8 active=True
[2026-05-07 18:59:23,383] INFO - epoch=13 train_loss=0.404749 holdout_loss=0.524791 score=1.786988 sym_p95=10.677078247070312 no_curve=2 bad_rate=0.2923 vox03=7437.246153846154 cc=1.1384615384615384 wrap=0.2877371039773209 best_score=1.3015758387790644 best_epoch=10 patience=3/8 active=True
[2026-05-07 18:59:56,152] INFO - epoch=14 train_loss=0.403441 holdout_loss=0.582287 score=4.400281 sym_p95=165.56268310546875 no_curve=5 bad_rate=0.2769 vox03=5474.030769230769 cc=1.123076923076923 wrap=0.2629681766435441 best_score=1.3015758387790644 best_epoch=10 patience=4/8 active=True
[2026-05-07 19:00:42,076] INFO - epoch=15 train_loss=0.400790 holdout_loss=0.494168 score=0.997717 sym_p95=6.4031243324279785 no_curve=0 bad_rate=0.3385 vox03=7892.107692307693 cc=1.2923076923076924 wrap=0.2726887193431732 best_score=0.9977171254507877 best_epoch=15 patience=0/8 active=True
[2026-05-07 19:01:14,662] INFO - epoch=16 train_loss=0.400515 holdout_loss=0.558542 score=1.574137 sym_p95=7.874007701873779 no_curve=1 bad_rate=0.2923 vox03=5986.953846153846 cc=1.1846153846153846 wrap=0.25550345970771376 best_score=0.9977171254507877 best_epoch=15 patience=1/8 active=True
[2026-05-07 19:02:00,471] INFO - epoch=17 train_loss=0.399664 holdout_loss=0.503624 score=0.993611 sym_p95=6.4031243324279785 no_curve=0 bad_rate=0.2923 vox03=7192.046153846154 cc=1.0923076923076922 wrap=0.28577752440312526 best_score=0.993610885944473 best_epoch=17 patience=0/8 active=True
[2026-05-07 19:02:33,342] INFO - epoch=18 train_loss=0.398657 holdout_loss=0.522479 score=1.120025 sym_p95=8.485280990600586 no_curve=0 bad_rate=0.2615 vox03=6797.092307692307 cc=1.2 wrap=0.28426088305708347 best_score=0.993610885944473 best_epoch=17 patience=1/8 active=True
[2026-05-07 19:03:06,038] INFO - epoch=19 train_loss=0.399142 holdout_loss=0.526922 score=0.996789 sym_p95=6.7082037925720215 no_curve=0 bad_rate=0.2615 vox03=6396.7692307692305 cc=1.2 wrap=0.3026984985984766 best_score=0.993610885944473 best_epoch=17 patience=2/8 active=True
[2026-05-07 19:03:50,474] INFO - epoch=20 train_loss=0.398877 holdout_loss=0.525440 score=0.925046 sym_p95=5.74456262588501 no_curve=0 bad_rate=0.2462 vox03=6486.076923076923 cc=1.1846153846153846 wrap=0.2724265846674503 best_score=0.9250456039180195 best_epoch=20 patience=0/8 active=True
[2026-05-07 19:04:24,303] INFO - epoch=21 train_loss=0.396915 holdout_loss=0.504777 score=1.038820 sym_p95=7.141428470611572 no_curve=0 bad_rate=0.2615 vox03=7245.123076923077 cc=1.2615384615384615 wrap=0.28488703830778617 best_score=0.9250456039180195 best_epoch=20 patience=1/8 active=True
[2026-05-07 19:04:57,417] INFO - epoch=22 train_loss=0.396511 holdout_loss=0.515297 score=0.939758 sym_p95=6.164413928985596 no_curve=0 bad_rate=0.3077 vox03=6891.430769230769 cc=1.2153846153846153 wrap=0.2687333105673903 best_score=0.9250456039180195 best_epoch=20 patience=2/8 active=True
[2026-05-07 19:05:31,889] INFO - epoch=23 train_loss=0.396814 holdout_loss=0.524208 score=1.130916 sym_p95=5.830951690673828 no_curve=0 bad_rate=0.2462 vox03=6632.246153846154 cc=1.1846153846153846 wrap=0.26685496711106277 best_score=0.9250456039180195 best_epoch=20 patience=3/8 active=True
[2026-05-07 19:06:05,582] INFO - epoch=24 train_loss=0.396557 holdout_loss=0.527387 score=1.483853 sym_p95=6.7082037925720215 no_curve=1 bad_rate=0.2769 vox03=6416.415384615385 cc=1.1846153846153846 wrap=0.26680073659678005 best_score=0.9250456039180195 best_epoch=20 patience=4/8 active=True
[2026-05-07 19:06:38,905] INFO - epoch=25 train_loss=0.395372 holdout_loss=0.511822 score=0.944379 sym_p95=6.78233003616333 no_curve=0 bad_rate=0.2923 vox03=6621.584615384615 cc=1.2461538461538462 wrap=0.2661665577385176 best_score=0.9250456039180195 best_epoch=20 patience=5/8 active=True
[2026-05-07 19:07:11,635] INFO - epoch=26 train_loss=0.395167 holdout_loss=0.532574 score=1.160987 sym_p95=9.0 no_curve=0 bad_rate=0.2923 vox03=6241.2 cc=1.2769230769230768 wrap=0.26770857145296945 best_score=0.9250456039180195 best_epoch=20 patience=6/8 active=True
[2026-05-07 19:07:57,522] INFO - epoch=27 train_loss=0.395309 holdout_loss=0.499813 score=0.888718 sym_p95=5.385164737701416 no_curve=0 bad_rate=0.2923 vox03=6862.138461538461 cc=1.2153846153846153 wrap=0.2793965823736185 best_score=0.8887180412554117 best_epoch=27 patience=0/8 active=True
[2026-05-07 19:08:31,562] INFO - epoch=28 train_loss=0.394434 holdout_loss=0.523421 score=1.031566 sym_p95=7.071067810058594 no_curve=0 bad_rate=0.2308 vox03=6280.476923076923 cc=1.1384615384615384 wrap=0.2806151254860818 best_score=0.8887180412554117 best_epoch=27 patience=1/8 active=True
[2026-05-07 19:09:05,729] INFO - epoch=29 train_loss=0.394722 holdout_loss=0.519815 score=0.948307 sym_p95=5.830951690673828 no_curve=0 bad_rate=0.2923 vox03=6451.107692307693 cc=1.2153846153846153 wrap=0.2716126465883756 best_score=0.8887180412554117 best_epoch=27 patience=2/8 active=True
[2026-05-07 19:09:39,032] INFO - epoch=30 train_loss=0.394210 holdout_loss=0.487116 score=0.943488 sym_p95=6.557438373565674 no_curve=0 bad_rate=0.2923 vox03=7446.046153846154 cc=1.2307692307692308 wrap=0.2921823113427003 best_score=0.8887180412554117 best_epoch=27 patience=3/8 active=True
[2026-05-07 19:10:11,620] INFO - epoch=31 train_loss=0.394304 holdout_loss=0.508070 score=0.921407 sym_p95=5.74456262588501 no_curve=0 bad_rate=0.2615 vox03=6436.0615384615385 cc=1.2307692307692308 wrap=0.2942913957785602 best_score=0.8887180412554117 best_epoch=27 patience=4/8 active=True
[2026-05-07 19:10:44,991] INFO - epoch=32 train_loss=0.393086 holdout_loss=0.526181 score=0.961455 sym_p95=6.082762718200684 no_curve=0 bad_rate=0.2769 vox03=6798.6 cc=1.2153846153846153 wrap=0.26336759761270107 best_score=0.8887180412554117 best_epoch=27 patience=5/8 active=True
[2026-05-07 19:11:16,895] INFO - epoch=33 train_loss=0.393202 holdout_loss=0.539331 score=1.026766 sym_p95=6.324555397033691 no_curve=0 bad_rate=0.2154 vox03=5941.584615384615 cc=1.1384615384615384 wrap=0.27647172380506335 best_score=0.8887180412554117 best_epoch=27 patience=6/8 active=True
[2026-05-07 19:12:00,509] INFO - epoch=34 train_loss=0.392959 holdout_loss=0.487526 score=0.841382 sym_p95=5.0 no_curve=0 bad_rate=0.2615 vox03=7392.8 cc=1.2615384615384615 wrap=0.2930611212682964 best_score=0.8413821871983627 best_epoch=34 patience=0/8 active=True
[2026-05-07 19:12:43,737] INFO - epoch=35 train_loss=0.393100 holdout_loss=0.496468 score=0.819574 sym_p95=5.0 no_curve=0 bad_rate=0.2308 vox03=6917.246153846154 cc=1.1384615384615384 wrap=0.2999643324874445 best_score=0.81957415098876 best_epoch=35 patience=0/8 active=True
[2026-05-07 19:13:15,495] INFO - epoch=36 train_loss=0.392843 holdout_loss=0.516097 score=0.847130 sym_p95=5.0 no_curve=0 bad_rate=0.2308 vox03=6372.184615384615 cc=1.1076923076923078 wrap=0.2934640250510776 best_score=0.81957415098876 best_epoch=35 patience=1/8 active=True
[2026-05-07 19:13:48,010] INFO - epoch=37 train_loss=0.392572 holdout_loss=0.494808 score=0.824272 sym_p95=5.099019527435303 no_curve=0 bad_rate=0.2154 vox03=7080.8 cc=1.1538461538461537 wrap=0.2876644841711996 best_score=0.81957415098876 best_epoch=35 patience=2/8 active=True
[2026-05-07 19:14:22,056] INFO - epoch=38 train_loss=0.392804 holdout_loss=0.504746 score=0.842929 sym_p95=5.099019527435303 no_curve=0 bad_rate=0.2000 vox03=6696.092307692307 cc=1.1846153846153846 wrap=0.28340279763898635 best_score=0.81957415098876 best_epoch=35 patience=3/8 active=True
[2026-05-07 19:14:53,948] INFO - epoch=39 train_loss=0.392865 holdout_loss=0.531819 score=1.453626 sym_p95=6.4031243324279785 no_curve=1 bad_rate=0.2154 vox03=6076.6 cc=1.1846153846153846 wrap=0.2847942122155637 best_score=0.81957415098876 best_epoch=35 patience=4/8 active=True
[2026-05-07 19:15:26,213] INFO - epoch=40 train_loss=0.392213 holdout_loss=0.507564 score=0.912271 sym_p95=5.385164737701416 no_curve=0 bad_rate=0.2462 vox03=6278.553846153846 cc=1.2461538461538462 wrap=0.30422076118612296 best_score=0.81957415098876 best_epoch=35 patience=5/8 active=True
[2026-05-07 19:15:59,477] INFO - epoch=41 train_loss=0.392330 holdout_loss=0.484936 score=0.822539 sym_p95=5.099019527435303 no_curve=0 bad_rate=0.2462 vox03=7312.338461538461 cc=1.2153846153846153 wrap=0.2888450285148787 best_score=0.81957415098876 best_epoch=35 patience=6/8 active=True
[2026-05-07 19:16:32,911] INFO - epoch=42 train_loss=0.391698 holdout_loss=0.496920 score=0.849059 sym_p95=5.099019527435303 no_curve=0 bad_rate=0.2615 vox03=6765.123076923077 cc=1.2307692307692308 wrap=0.28745104654938636 best_score=0.81957415098876 best_epoch=35 patience=7/8 active=True
[2026-05-07 19:17:05,327] INFO - epoch=43 train_loss=0.391500 holdout_loss=0.508623 score=0.918968 sym_p95=5.385164737701416 no_curve=0 bad_rate=0.2615 vox03=6694.953846153846 cc=1.2 wrap=0.2757940267474496 best_score=0.81957415098876 best_epoch=35 patience=8/8 active=True
[2026-05-07 19:17:05,328] INFO - early stopping at epoch=43 best_epoch=35 best_composite_score=0.819574
[finished_at] 2026-05-07T19:17:06.363704+00:00
[returncode] 0
