[started_at] 2026-05-07T17:42:03.018983+00:00
[cmd] /usr/local/miniconda3/envs/py310/bin/python -m src.train_loss_earlystop --config /root/cej_isolated_runs/C/cej_loss_earlystop_20260507_004/experiments/exp00_baseline_dicece/config/train.yaml
[2026-05-07 17:42:14,501] INFO - loaded pretrained=/root/cej_isolated_runs/C/cej_loss_earlystop_20260507_004/input/checkpoints/unsup_last.pt strict=False missing=0 unexpected=0
[2026-05-07 17:43:04,060] INFO - epoch=0 train_loss=1.051384 holdout_loss=0.699170 score=2.224650 sym_p95=14.560219764709473 no_curve=1 bad_rate=0.9385 vox03=14100.061538461538 cc=17.215384615384615 wrap=0.2029504916539909 best_score=None best_epoch=None patience=0/8 active=False
[2026-05-07 17:43:35,531] INFO - epoch=1 train_loss=0.478873 holdout_loss=0.692344 score=4.650135 sym_p95=169.5258026123047 no_curve=7 bad_rate=0.6000 vox03=8703.415384615384 cc=1.476923076923077 wrap=0.141956242184069 best_score=None best_epoch=None patience=0/8 active=False
[2026-05-07 17:44:09,602] INFO - epoch=2 train_loss=0.448476 holdout_loss=0.685135 score=4.855962 sym_p95=169.5258026123047 no_curve=10 bad_rate=0.5846 vox03=9045.953846153847 cc=1.2153846153846153 wrap=0.14065581203839655 best_score=None best_epoch=None patience=0/8 active=False
[2026-05-07 17:44:43,552] INFO - epoch=3 train_loss=0.438842 holdout_loss=0.674124 score=2.507552 sym_p95=18.138357162475586 no_curve=4 bad_rate=0.6154 vox03=9626.261538461538 cc=1.1846153846153846 wrap=0.13120264101093151 best_score=None best_epoch=None patience=0/8 active=False
[2026-05-07 17:45:16,038] INFO - epoch=4 train_loss=0.430860 holdout_loss=0.632480 score=2.284339 sym_p95=16.124515533447266 no_curve=3 bad_rate=0.5231 vox03=10261.953846153847 cc=1.7538461538461538 wrap=0.17279675027990676 best_score=None best_epoch=None patience=0/8 active=False
[2026-05-07 17:45:49,411] INFO - epoch=5 train_loss=0.425192 holdout_loss=0.644612 score=2.230979 sym_p95=15.165750503540039 no_curve=3 bad_rate=0.5385 vox03=8875.938461538462 cc=1.2461538461538462 wrap=0.18041901422098147 best_score=None best_epoch=None patience=0/8 active=False
[2026-05-07 17:46:23,036] INFO - epoch=6 train_loss=0.421132 holdout_loss=0.607735 score=2.034206 sym_p95=14.764822959899902 no_curve=1 bad_rate=0.4923 vox03=9910.738461538462 cc=1.2153846153846153 wrap=0.19802365201899547 best_score=None best_epoch=None patience=0/8 active=False
[2026-05-07 17:46:56,812] INFO - epoch=7 train_loss=0.416486 holdout_loss=0.652063 score=2.393939 sym_p95=16.5831241607666 no_curve=4 bad_rate=0.5538 vox03=7595.784615384616 cc=1.1538461538461537 wrap=0.181681460457419 best_score=None best_epoch=None patience=0/8 active=False
[2026-05-07 17:47:29,962] INFO - epoch=8 train_loss=0.412570 holdout_loss=0.628514 score=2.116600 sym_p95=14.696938514709473 no_curve=2 bad_rate=0.4923 vox03=8099.523076923077 cc=1.1846153846153846 wrap=0.1759138743744883 best_score=None best_epoch=None patience=0/8 active=False
[2026-05-07 17:48:02,317] INFO - epoch=9 train_loss=0.410300 holdout_loss=0.609172 score=2.154178 sym_p95=14.352700233459473 no_curve=3 bad_rate=0.4615 vox03=7653.092307692307 cc=1.3076923076923077 wrap=0.21703725365619445 best_score=None best_epoch=None patience=0/8 active=False
[2026-05-07 17:48:48,715] INFO - epoch=10 train_loss=0.406811 holdout_loss=0.594589 score=2.036474 sym_p95=13.747727394104004 no_curve=2 bad_rate=0.4769 vox03=8384.16923076923 cc=1.2153846153846153 wrap=0.2153621101541382 best_score=2.0364737089955964 best_epoch=10 patience=0/8 active=True
[2026-05-07 17:49:35,124] INFO - epoch=11 train_loss=0.404073 holdout_loss=0.630996 score=1.991248 sym_p95=12.727922439575195 no_curve=2 bad_rate=0.4462 vox03=5660.107692307693 cc=1.3076923076923077 wrap=0.24127136484447212 best_score=1.9912478654398513 best_epoch=11 patience=0/8 active=True
[2026-05-07 17:50:21,615] INFO - epoch=12 train_loss=0.402459 holdout_loss=0.559440 score=1.399487 sym_p95=12.206555366516113 no_curve=0 bad_rate=0.4462 vox03=8723.384615384615 cc=1.1846153846153846 wrap=0.23013935104860087 best_score=1.399486652439753 best_epoch=12 patience=0/8 active=True
[2026-05-07 17:50:54,501] INFO - epoch=13 train_loss=0.400286 holdout_loss=0.573500 score=1.469139 sym_p95=13.03840446472168 no_curve=0 bad_rate=0.4769 vox03=8024.461538461538 cc=1.1692307692307693 wrap=0.21390959645537386 best_score=1.399486652439753 best_epoch=12 patience=1/8 active=True
[2026-05-07 17:51:27,252] INFO - epoch=14 train_loss=0.399192 holdout_loss=0.583066 score=1.861484 sym_p95=12.247448921203613 no_curve=1 bad_rate=0.4308 vox03=6910.892307692307 cc=1.1076923076923078 wrap=0.23327812716910992 best_score=1.399486652439753 best_epoch=12 patience=2/8 active=True
[2026-05-07 17:52:15,751] INFO - epoch=15 train_loss=0.397663 holdout_loss=0.548013 score=1.293802 sym_p95=10.630146026611328 no_curve=0 bad_rate=0.4308 vox03=8932.676923076922 cc=1.2461538461538462 wrap=0.23048896758051654 best_score=1.2938015596840704 best_epoch=15 patience=0/8 active=True
[2026-05-07 17:52:50,163] INFO - epoch=16 train_loss=0.396477 holdout_loss=0.538754 score=1.897810 sym_p95=12.12435531616211 no_curve=2 bad_rate=0.4308 vox03=8509.553846153845 cc=1.123076923076923 wrap=0.22961157319315453 best_score=1.2938015596840704 best_epoch=15 patience=1/8 active=True
[2026-05-07 17:53:37,035] INFO - epoch=17 train_loss=0.395671 holdout_loss=0.550872 score=1.224708 sym_p95=9.110433578491211 no_curve=0 bad_rate=0.4462 vox03=7448.323076923077 cc=1.1076923076923078 wrap=0.24264887929876675 best_score=1.2247080058634296 best_epoch=17 patience=0/8 active=True
[2026-05-07 17:54:10,055] INFO - epoch=18 train_loss=0.394145 holdout_loss=0.549271 score=1.622067 sym_p95=8.602325439453125 no_curve=1 bad_rate=0.4308 vox03=7242.676923076923 cc=1.2461538461538462 wrap=0.2626955470802703 best_score=1.2247080058634296 best_epoch=17 patience=1/8 active=True
[2026-05-07 17:54:42,319] INFO - epoch=19 train_loss=0.393290 holdout_loss=0.568137 score=1.724343 sym_p95=10.099504470825195 no_curve=1 bad_rate=0.4462 vox03=6856.830769230769 cc=1.1538461538461537 wrap=0.2478731385416795 best_score=1.2247080058634296 best_epoch=17 patience=2/8 active=True
[2026-05-07 17:55:14,443] INFO - epoch=20 train_loss=0.393271 holdout_loss=0.565735 score=1.726325 sym_p95=10.198039054870605 no_curve=1 bad_rate=0.4154 vox03=6898.076923076923 cc=1.2 wrap=0.261511471016028 best_score=1.2247080058634296 best_epoch=17 patience=3/8 active=True
[2026-05-07 17:55:46,896] INFO - epoch=21 train_loss=0.392902 holdout_loss=0.551314 score=1.272030 sym_p95=9.899495124816895 no_curve=0 bad_rate=0.4769 vox03=7473.538461538462 cc=1.2153846153846153 wrap=0.2415598013981259 best_score=1.2247080058634296 best_epoch=17 patience=4/8 active=True
[2026-05-07 17:56:33,373] INFO - epoch=22 train_loss=0.392303 holdout_loss=0.520276 score=1.174968 sym_p95=9.0 no_curve=0 bad_rate=0.4308 vox03=8227.476923076923 cc=1.1384615384615384 wrap=0.26242619368993847 best_score=1.1749675546089684 best_epoch=22 patience=0/8 active=True
[2026-05-07 17:57:05,779] INFO - epoch=23 train_loss=0.391415 holdout_loss=0.567282 score=1.806235 sym_p95=10.440306663513184 no_curve=2 bad_rate=0.3538 vox03=6071.215384615384 cc=1.1076923076923078 wrap=0.2725920027147839 best_score=1.1749675546089684 best_epoch=22 patience=1/8 active=True
[2026-05-07 17:57:39,887] INFO - epoch=24 train_loss=0.391430 holdout_loss=0.528726 score=1.200771 sym_p95=9.05538558959961 no_curve=0 bad_rate=0.4462 vox03=8017.446153846154 cc=1.1538461538461537 wrap=0.2504194330769431 best_score=1.1749675546089684 best_epoch=22 patience=2/8 active=True
[2026-05-07 17:58:13,607] INFO - epoch=25 train_loss=0.390967 holdout_loss=0.559653 score=1.724841 sym_p95=9.0 no_curve=2 bad_rate=0.4308 vox03=6483.738461538462 cc=1.1538461538461537 wrap=0.25767014955897505 best_score=1.1749675546089684 best_epoch=22 patience=3/8 active=True
[2026-05-07 17:58:47,619] INFO - epoch=26 train_loss=0.389820 holdout_loss=0.544168 score=1.286300 sym_p95=10.392304420471191 no_curve=0 bad_rate=0.3846 vox03=7109.661538461539 cc=1.0923076923076922 wrap=0.2604536010309439 best_score=1.1749675546089684 best_epoch=22 patience=4/8 active=True
[2026-05-07 17:59:22,529] INFO - epoch=27 train_loss=0.389362 holdout_loss=0.540595 score=1.293041 sym_p95=10.440306663513184 no_curve=0 bad_rate=0.4308 vox03=7172.107692307693 cc=1.0923076923076922 wrap=0.26747122790385114 best_score=1.1749675546089684 best_epoch=22 patience=5/8 active=True
[2026-05-07 17:59:56,981] INFO - epoch=28 train_loss=0.389114 holdout_loss=0.533249 score=1.231823 sym_p95=10.0 no_curve=0 bad_rate=0.4615 vox03=8074.369230769231 cc=1.123076923076923 wrap=0.24459933634551947 best_score=1.1749675546089684 best_epoch=22 patience=6/8 active=True
[2026-05-07 18:00:31,459] INFO - epoch=29 train_loss=0.388873 holdout_loss=0.539181 score=1.710638 sym_p95=9.0 no_curve=2 bad_rate=0.4154 vox03=6720.307692307692 cc=1.1538461538461537 wrap=0.27451727095341544 best_score=1.1749675546089684 best_epoch=22 patience=7/8 active=True
[2026-05-07 18:01:05,050] INFO - epoch=30 train_loss=0.388758 holdout_loss=0.527149 score=1.194002 sym_p95=8.83176040649414 no_curve=0 bad_rate=0.4000 vox03=7313.123076923077 cc=1.1538461538461537 wrap=0.2887835081773065 best_score=1.1749675546089684 best_epoch=22 patience=8/8 active=True
[2026-05-07 18:01:05,050] INFO - early stopping at epoch=30 best_epoch=22 best_composite_score=1.174968
[finished_at] 2026-05-07T18:01:06.089031+00:00
[returncode] 0
