[started_at] 2026-05-07T15:51:12.730476+00:00
[cmd] /usr/local/miniconda3/envs/py310/bin/python -m src.infer --config /root/cej_isolated_runs/C/cej_improve_20260507_001/experiments/exp02_dice_focal_bce/config/train.yaml
[2026-05-07 15:51:18,019] INFO - inferred case=ToothFairy3F_041 tooth=11
[2026-05-07 15:51:18,212] INFO - inferred case=ToothFairy3F_041 tooth=12
[2026-05-07 15:51:18,459] INFO - inferred case=ToothFairy3F_041 tooth=13
[2026-05-07 15:51:18,683] INFO - inferred case=ToothFairy3F_041 tooth=14
[2026-05-07 15:51:18,906] INFO - inferred case=ToothFairy3F_041 tooth=15
[2026-05-07 15:51:19,190] INFO - inferred case=ToothFairy3F_041 tooth=16
[2026-05-07 15:51:19,467] INFO - inferred case=ToothFairy3F_041 tooth=17
[2026-05-07 15:51:19,627] INFO - inferred case=ToothFairy3F_041 tooth=21
[2026-05-07 15:51:19,800] INFO - inferred case=ToothFairy3F_041 tooth=22
[2026-05-07 15:51:19,973] INFO - inferred case=ToothFairy3F_041 tooth=23
[2026-05-07 15:51:20,168] INFO - inferred case=ToothFairy3F_041 tooth=24
[2026-05-07 15:51:20,376] INFO - inferred case=ToothFairy3F_041 tooth=25
[2026-05-07 15:51:20,664] INFO - inferred case=ToothFairy3F_041 tooth=26
[2026-05-07 15:51:20,946] INFO - inferred case=ToothFairy3F_041 tooth=27
[2026-05-07 15:51:21,162] INFO - inferred case=ToothFairy3F_041 tooth=28
[2026-05-07 15:51:21,451] INFO - inferred case=ToothFairy3F_041 tooth=31
[2026-05-07 15:51:21,690] INFO - inferred case=ToothFairy3F_041 tooth=32
[2026-05-07 15:51:21,984] INFO - inferred case=ToothFairy3F_041 tooth=33
[2026-05-07 15:51:22,244] INFO - inferred case=ToothFairy3F_041 tooth=34
[2026-05-07 15:51:22,490] INFO - inferred case=ToothFairy3F_041 tooth=35
[2026-05-07 15:51:22,834] INFO - inferred case=ToothFairy3F_041 tooth=36
[2026-05-07 15:51:23,144] INFO - inferred case=ToothFairy3F_041 tooth=37
[2026-05-07 15:51:23,403] INFO - inferred case=ToothFairy3F_041 tooth=38
[2026-05-07 15:51:23,663] INFO - inferred case=ToothFairy3F_041 tooth=41
[2026-05-07 15:51:23,876] INFO - inferred case=ToothFairy3F_041 tooth=42
[2026-05-07 15:51:24,144] INFO - inferred case=ToothFairy3F_041 tooth=43
[2026-05-07 15:51:24,378] INFO - inferred case=ToothFairy3F_041 tooth=44
[2026-05-07 15:51:24,622] INFO - inferred case=ToothFairy3F_041 tooth=45
[2026-05-07 15:51:24,955] INFO - inferred case=ToothFairy3F_041 tooth=46
[2026-05-07 15:51:25,263] INFO - inferred case=ToothFairy3F_041 tooth=47
[2026-05-07 15:51:25,445] INFO - inferred case=ToothFairy3F_044 tooth=11
[2026-05-07 15:51:25,620] INFO - inferred case=ToothFairy3F_044 tooth=12
[2026-05-07 15:51:25,802] INFO - inferred case=ToothFairy3F_044 tooth=13
[2026-05-07 15:51:25,998] INFO - inferred case=ToothFairy3F_044 tooth=14
[2026-05-07 15:51:26,148] INFO - inferred case=ToothFairy3F_044 tooth=15
[2026-05-07 15:51:26,408] INFO - inferred case=ToothFairy3F_044 tooth=16
[2026-05-07 15:51:26,577] INFO - inferred case=ToothFairy3F_044 tooth=21
[2026-05-07 15:51:26,759] INFO - inferred case=ToothFairy3F_044 tooth=22
[2026-05-07 15:51:26,944] INFO - inferred case=ToothFairy3F_044 tooth=23
[2026-05-07 15:51:27,123] INFO - inferred case=ToothFairy3F_044 tooth=24
[2026-05-07 15:51:27,267] INFO - inferred case=ToothFairy3F_044 tooth=25
[2026-05-07 15:51:27,533] INFO - inferred case=ToothFairy3F_044 tooth=26
[2026-05-07 15:51:27,754] INFO - inferred case=ToothFairy3F_044 tooth=27
[2026-05-07 15:51:27,909] INFO - inferred case=ToothFairy3F_044 tooth=28
[2026-05-07 15:51:28,109] INFO - inferred case=ToothFairy3F_044 tooth=31
[2026-05-07 15:51:28,337] INFO - inferred case=ToothFairy3F_044 tooth=32
[2026-05-07 15:51:28,594] INFO - inferred case=ToothFairy3F_044 tooth=33
[2026-05-07 15:51:28,832] INFO - inferred case=ToothFairy3F_044 tooth=34
[2026-05-07 15:51:29,090] INFO - inferred case=ToothFairy3F_044 tooth=35
[2026-05-07 15:51:29,407] INFO - inferred case=ToothFairy3F_044 tooth=36
[2026-05-07 15:51:29,621] INFO - inferred case=ToothFairy3F_044 tooth=41
[2026-05-07 15:51:29,835] INFO - inferred case=ToothFairy3F_044 tooth=42
[2026-05-07 15:51:30,117] INFO - inferred case=ToothFairy3F_044 tooth=43
[2026-05-07 15:51:30,368] INFO - inferred case=ToothFairy3F_044 tooth=44
[2026-05-07 15:51:30,651] INFO - inferred case=ToothFairy3F_044 tooth=45
[2026-05-07 15:51:30,998] INFO - inferred case=ToothFairy3F_044 tooth=46
[2026-05-07 15:51:31,396] INFO - inferred case=ToothFairy3F_044 tooth=47
[2026-05-07 15:51:31,733] INFO - inferred case=ToothFairy3F_044 tooth=48
[2026-05-07 15:51:31,894] INFO - inferred case=ToothFairy3F_050 tooth=11
[2026-05-07 15:51:32,074] INFO - inferred case=ToothFairy3F_050 tooth=12
[2026-05-07 15:51:32,302] INFO - inferred case=ToothFairy3F_050 tooth=13
[2026-05-07 15:51:32,549] INFO - inferred case=ToothFairy3F_050 tooth=14
[2026-05-07 15:51:32,753] INFO - inferred case=ToothFairy3F_050 tooth=15
[2026-05-07 15:51:33,027] INFO - inferred case=ToothFairy3F_050 tooth=16
[2026-05-07 15:51:33,337] INFO - inferred case=ToothFairy3F_050 tooth=17
[2026-05-07 15:51:33,522] INFO - inferred case=ToothFairy3F_050 tooth=18
[2026-05-07 15:51:33,702] INFO - inferred case=ToothFairy3F_050 tooth=21
[2026-05-07 15:51:33,862] INFO - inferred case=ToothFairy3F_050 tooth=22
[2026-05-07 15:51:34,055] INFO - inferred case=ToothFairy3F_050 tooth=23
[2026-05-07 15:51:34,289] INFO - inferred case=ToothFairy3F_050 tooth=24
[2026-05-07 15:51:34,507] INFO - inferred case=ToothFairy3F_050 tooth=25
[2026-05-07 15:51:34,793] INFO - inferred case=ToothFairy3F_050 tooth=26
[2026-05-07 15:51:35,070] INFO - inferred case=ToothFairy3F_050 tooth=27
[2026-05-07 15:51:35,322] INFO - inferred case=ToothFairy3F_050 tooth=28
[2026-05-07 15:51:35,516] INFO - inferred case=ToothFairy3F_050 tooth=31
[2026-05-07 15:51:35,725] INFO - inferred case=ToothFairy3F_050 tooth=32
[2026-05-07 15:51:35,999] INFO - inferred case=ToothFairy3F_050 tooth=33
[2026-05-07 15:51:36,258] INFO - inferred case=ToothFairy3F_050 tooth=34
[2026-05-07 15:51:36,545] INFO - inferred case=ToothFairy3F_050 tooth=35
[2026-05-07 15:51:36,915] INFO - inferred case=ToothFairy3F_050 tooth=36
[2026-05-07 15:51:37,300] INFO - inferred case=ToothFairy3F_050 tooth=37
[2026-05-07 15:51:37,630] INFO - inferred case=ToothFairy3F_050 tooth=38
[2026-05-07 15:51:37,835] INFO - inferred case=ToothFairy3F_050 tooth=41
[2026-05-07 15:51:38,060] INFO - inferred case=ToothFairy3F_050 tooth=42
[2026-05-07 15:51:38,369] INFO - inferred case=ToothFairy3F_050 tooth=43
[2026-05-07 15:51:38,623] INFO - inferred case=ToothFairy3F_050 tooth=44
[2026-05-07 15:51:38,896] INFO - inferred case=ToothFairy3F_050 tooth=45
[2026-05-07 15:51:39,215] INFO - inferred case=ToothFairy3F_050 tooth=46
[2026-05-07 15:51:39,581] INFO - inferred case=ToothFairy3F_050 tooth=47
[2026-05-07 15:51:39,832] INFO - inferred case=ToothFairy3F_050 tooth=48
[2026-05-07 15:51:40,045] INFO - inferred case=ToothFairy3F_051 tooth=11
[2026-05-07 15:51:40,298] INFO - inferred case=ToothFairy3F_051 tooth=12
[2026-05-07 15:51:40,552] INFO - inferred case=ToothFairy3F_051 tooth=13
[2026-05-07 15:51:40,760] INFO - inferred case=ToothFairy3F_051 tooth=14
[2026-05-07 15:51:40,985] INFO - inferred case=ToothFairy3F_051 tooth=15
[2026-05-07 15:51:41,274] INFO - inferred case=ToothFairy3F_051 tooth=16
[2026-05-07 15:51:41,531] INFO - inferred case=ToothFairy3F_051 tooth=17
[2026-05-07 15:51:41,706] INFO - inferred case=ToothFairy3F_051 tooth=18
[2026-05-07 15:51:41,914] INFO - inferred case=ToothFairy3F_051 tooth=21
[2026-05-07 15:51:42,124] INFO - inferred case=ToothFairy3F_051 tooth=22
[2026-05-07 15:51:42,355] INFO - inferred case=ToothFairy3F_051 tooth=23
[2026-05-07 15:51:42,568] INFO - inferred case=ToothFairy3F_051 tooth=24
[2026-05-07 15:51:42,772] INFO - inferred case=ToothFairy3F_051 tooth=25
[2026-05-07 15:51:43,019] INFO - inferred case=ToothFairy3F_051 tooth=26
[2026-05-07 15:51:43,262] INFO - inferred case=ToothFairy3F_051 tooth=27
[2026-05-07 15:51:43,430] INFO - inferred case=ToothFairy3F_051 tooth=28
[2026-05-07 15:51:43,631] INFO - inferred case=ToothFairy3F_051 tooth=31
[2026-05-07 15:51:43,883] INFO - inferred case=ToothFairy3F_051 tooth=32
[2026-05-07 15:51:44,198] INFO - inferred case=ToothFairy3F_051 tooth=33
[2026-05-07 15:51:44,438] INFO - inferred case=ToothFairy3F_051 tooth=34
[2026-05-07 15:51:44,675] INFO - inferred case=ToothFairy3F_051 tooth=35
[2026-05-07 15:51:44,994] INFO - inferred case=ToothFairy3F_051 tooth=36
[2026-05-07 15:51:45,275] INFO - inferred case=ToothFairy3F_051 tooth=37
[2026-05-07 15:51:45,530] INFO - inferred case=ToothFairy3F_051 tooth=38
[2026-05-07 15:51:45,718] INFO - inferred case=ToothFairy3F_051 tooth=41
[2026-05-07 15:51:45,932] INFO - inferred case=ToothFairy3F_051 tooth=42
[2026-05-07 15:51:46,212] INFO - inferred case=ToothFairy3F_051 tooth=43
[2026-05-07 15:51:46,439] INFO - inferred case=ToothFairy3F_051 tooth=44
[2026-05-07 15:51:46,647] INFO - inferred case=ToothFairy3F_051 tooth=45
[2026-05-07 15:51:46,999] INFO - inferred case=ToothFairy3F_051 tooth=46
[2026-05-07 15:51:47,270] INFO - inferred case=ToothFairy3F_051 tooth=47
[2026-05-07 15:51:47,589] INFO - inferred case=ToothFairy3F_051 tooth=48
[2026-05-07 15:51:47,804] INFO - inferred case=ToothFairy3F_052 tooth=11
[2026-05-07 15:51:47,977] INFO - inferred case=ToothFairy3F_052 tooth=12
[2026-05-07 15:51:48,242] INFO - inferred case=ToothFairy3F_052 tooth=13
[2026-05-07 15:51:48,445] INFO - inferred case=ToothFairy3F_052 tooth=14
[2026-05-07 15:51:48,651] INFO - inferred case=ToothFairy3F_052 tooth=15
[2026-05-07 15:51:48,915] INFO - inferred case=ToothFairy3F_052 tooth=16
[2026-05-07 15:51:49,222] INFO - inferred case=ToothFairy3F_052 tooth=17
[2026-05-07 15:51:49,454] INFO - inferred case=ToothFairy3F_052 tooth=18
[2026-05-07 15:51:49,652] INFO - inferred case=ToothFairy3F_052 tooth=21
[2026-05-07 15:51:49,858] INFO - inferred case=ToothFairy3F_052 tooth=22
[2026-05-07 15:51:50,073] INFO - inferred case=ToothFairy3F_052 tooth=23
[2026-05-07 15:51:50,341] INFO - inferred case=ToothFairy3F_052 tooth=24
[2026-05-07 15:51:50,594] INFO - inferred case=ToothFairy3F_052 tooth=25
[2026-05-07 15:51:50,900] INFO - inferred case=ToothFairy3F_052 tooth=26
[2026-05-07 15:51:51,231] INFO - inferred case=ToothFairy3F_052 tooth=27
[2026-05-07 15:51:51,450] INFO - inferred case=ToothFairy3F_052 tooth=31
[2026-05-07 15:51:51,694] INFO - inferred case=ToothFairy3F_052 tooth=32
[2026-05-07 15:51:51,963] INFO - inferred case=ToothFairy3F_052 tooth=33
[2026-05-07 15:51:52,174] INFO - inferred case=ToothFairy3F_052 tooth=34
[2026-05-07 15:51:52,447] INFO - inferred case=ToothFairy3F_052 tooth=35
[2026-05-07 15:51:52,765] INFO - inferred case=ToothFairy3F_052 tooth=36
[2026-05-07 15:51:53,078] INFO - inferred case=ToothFairy3F_052 tooth=37
[2026-05-07 15:51:53,374] INFO - inferred case=ToothFairy3F_052 tooth=38
[2026-05-07 15:51:53,591] INFO - inferred case=ToothFairy3F_052 tooth=41
[2026-05-07 15:51:53,835] INFO - inferred case=ToothFairy3F_052 tooth=42
[2026-05-07 15:51:54,058] INFO - inferred case=ToothFairy3F_052 tooth=43
[2026-05-07 15:51:54,267] INFO - inferred case=ToothFairy3F_052 tooth=44
[2026-05-07 15:51:54,502] INFO - inferred case=ToothFairy3F_052 tooth=45
[2026-05-07 15:51:54,836] INFO - inferred case=ToothFairy3F_052 tooth=46
[2026-05-07 15:51:55,124] INFO - inferred case=ToothFairy3F_052 tooth=47
[2026-05-07 15:51:55,325] INFO - inferred case=ToothFairy3F_053 tooth=11
[2026-05-07 15:51:55,509] INFO - inferred case=ToothFairy3F_053 tooth=12
[2026-05-07 15:51:55,732] INFO - inferred case=ToothFairy3F_053 tooth=13
[2026-05-07 15:51:55,937] INFO - inferred case=ToothFairy3F_053 tooth=14
[2026-05-07 15:51:56,136] INFO - inferred case=ToothFairy3F_053 tooth=15
[2026-05-07 15:51:56,389] INFO - inferred case=ToothFairy3F_053 tooth=16
[2026-05-07 15:51:56,620] INFO - inferred case=ToothFairy3F_053 tooth=17
[2026-05-07 15:51:56,807] INFO - inferred case=ToothFairy3F_053 tooth=21
[2026-05-07 15:51:57,004] INFO - inferred case=ToothFairy3F_053 tooth=22
[2026-05-07 15:51:57,199] INFO - inferred case=ToothFairy3F_053 tooth=23
[2026-05-07 15:51:57,384] INFO - inferred case=ToothFairy3F_053 tooth=24
[2026-05-07 15:51:57,574] INFO - inferred case=ToothFairy3F_053 tooth=25
[2026-05-07 15:51:57,842] INFO - inferred case=ToothFairy3F_053 tooth=26
[2026-05-07 15:51:58,068] INFO - inferred case=ToothFairy3F_053 tooth=27
[2026-05-07 15:51:58,239] INFO - inferred case=ToothFairy3F_053 tooth=31
[2026-05-07 15:51:58,450] INFO - inferred case=ToothFairy3F_053 tooth=32
[2026-05-07 15:51:58,701] INFO - inferred case=ToothFairy3F_053 tooth=33
[2026-05-07 15:51:58,936] INFO - inferred case=ToothFairy3F_053 tooth=34
[2026-05-07 15:51:59,190] INFO - inferred case=ToothFairy3F_053 tooth=35
[2026-05-07 15:51:59,522] INFO - inferred case=ToothFairy3F_053 tooth=36
[2026-05-07 15:51:59,799] INFO - inferred case=ToothFairy3F_053 tooth=37
[2026-05-07 15:52:00,077] INFO - inferred case=ToothFairy3F_053 tooth=38
[2026-05-07 15:52:00,273] INFO - inferred case=ToothFairy3F_053 tooth=41
[2026-05-07 15:52:00,513] INFO - inferred case=ToothFairy3F_053 tooth=42
[2026-05-07 15:52:00,753] INFO - inferred case=ToothFairy3F_053 tooth=43
[2026-05-07 15:52:01,027] INFO - inferred case=ToothFairy3F_053 tooth=44
[2026-05-07 15:52:01,268] INFO - inferred case=ToothFairy3F_053 tooth=45
[2026-05-07 15:52:01,595] INFO - inferred case=ToothFairy3F_053 tooth=46
[2026-05-07 15:52:01,889] INFO - inferred case=ToothFairy3F_053 tooth=47
[2026-05-07 15:52:02,153] INFO - inferred case=ToothFairy3F_053 tooth=48
[2026-05-07 15:52:02,347] INFO - inferred case=ToothFairy3F_054 tooth=11
[2026-05-07 15:52:02,555] INFO - inferred case=ToothFairy3F_054 tooth=12
[2026-05-07 15:52:02,759] INFO - inferred case=ToothFairy3F_054 tooth=13
[2026-05-07 15:52:02,943] INFO - inferred case=ToothFairy3F_054 tooth=14
[2026-05-07 15:52:03,125] INFO - inferred case=ToothFairy3F_054 tooth=15
[2026-05-07 15:52:03,403] INFO - inferred case=ToothFairy3F_054 tooth=16
[2026-05-07 15:52:03,649] INFO - inferred case=ToothFairy3F_054 tooth=17
[2026-05-07 15:52:03,862] INFO - inferred case=ToothFairy3F_054 tooth=21
[2026-05-07 15:52:04,063] INFO - inferred case=ToothFairy3F_054 tooth=22
[2026-05-07 15:52:04,250] INFO - inferred case=ToothFairy3F_054 tooth=23
[2026-05-07 15:52:04,452] INFO - inferred case=ToothFairy3F_054 tooth=24
[2026-05-07 15:52:04,643] INFO - inferred case=ToothFairy3F_054 tooth=25
[2026-05-07 15:52:04,911] INFO - inferred case=ToothFairy3F_054 tooth=26
[2026-05-07 15:52:05,158] INFO - inferred case=ToothFairy3F_054 tooth=27
[2026-05-07 15:52:05,399] INFO - inferred case=ToothFairy3F_054 tooth=28
[2026-05-07 15:52:05,600] INFO - inferred case=ToothFairy3F_054 tooth=31
[2026-05-07 15:52:05,826] INFO - inferred case=ToothFairy3F_054 tooth=32
[2026-05-07 15:52:06,082] INFO - inferred case=ToothFairy3F_054 tooth=33
[2026-05-07 15:52:06,284] INFO - inferred case=ToothFairy3F_054 tooth=34
[2026-05-07 15:52:06,508] INFO - inferred case=ToothFairy3F_054 tooth=35
[2026-05-07 15:52:06,802] INFO - inferred case=ToothFairy3F_054 tooth=36
[2026-05-07 15:52:07,105] INFO - inferred case=ToothFairy3F_054 tooth=37
[2026-05-07 15:52:07,373] INFO - inferred case=ToothFairy3F_054 tooth=38
[2026-05-07 15:52:07,574] INFO - inferred case=ToothFairy3F_054 tooth=41
[2026-05-07 15:52:07,773] INFO - inferred case=ToothFairy3F_054 tooth=42
[2026-05-07 15:52:07,996] INFO - inferred case=ToothFairy3F_054 tooth=43
[2026-05-07 15:52:08,195] INFO - inferred case=ToothFairy3F_054 tooth=44
[2026-05-07 15:52:08,411] INFO - inferred case=ToothFairy3F_054 tooth=45
[2026-05-07 15:52:08,711] INFO - inferred case=ToothFairy3F_054 tooth=46
[2026-05-07 15:52:09,023] INFO - inferred case=ToothFairy3F_054 tooth=47
[2026-05-07 15:52:09,301] INFO - inferred case=ToothFairy3F_054 tooth=48
[2026-05-07 15:52:09,488] INFO - inferred case=ToothFairy3F_055 tooth=11
[2026-05-07 15:52:09,689] INFO - inferred case=ToothFairy3F_055 tooth=12
[2026-05-07 15:52:09,897] INFO - inferred case=ToothFairy3F_055 tooth=13
[2026-05-07 15:52:10,090] INFO - inferred case=ToothFairy3F_055 tooth=14
[2026-05-07 15:52:10,285] INFO - inferred case=ToothFairy3F_055 tooth=15
[2026-05-07 15:52:10,608] INFO - inferred case=ToothFairy3F_055 tooth=16
[2026-05-07 15:52:10,892] INFO - inferred case=ToothFairy3F_055 tooth=17
[2026-05-07 15:52:11,140] INFO - inferred case=ToothFairy3F_055 tooth=18
[2026-05-07 15:52:11,327] INFO - inferred case=ToothFairy3F_055 tooth=21
[2026-05-07 15:52:11,520] INFO - inferred case=ToothFairy3F_055 tooth=22
[2026-05-07 15:52:11,721] INFO - inferred case=ToothFairy3F_055 tooth=23
[2026-05-07 15:52:11,911] INFO - inferred case=ToothFairy3F_055 tooth=24
[2026-05-07 15:52:12,090] INFO - inferred case=ToothFairy3F_055 tooth=25
[2026-05-07 15:52:12,330] INFO - inferred case=ToothFairy3F_055 tooth=26
[2026-05-07 15:52:12,543] INFO - inferred case=ToothFairy3F_055 tooth=27
[2026-05-07 15:52:12,718] INFO - inferred case=ToothFairy3F_055 tooth=28
[2026-05-07 15:52:12,948] INFO - inferred case=ToothFairy3F_055 tooth=31
[2026-05-07 15:52:13,175] INFO - inferred case=ToothFairy3F_055 tooth=32
[2026-05-07 15:52:13,455] INFO - inferred case=ToothFairy3F_055 tooth=33
[2026-05-07 15:52:13,717] INFO - inferred case=ToothFairy3F_055 tooth=34
[2026-05-07 15:52:13,993] INFO - inferred case=ToothFairy3F_055 tooth=35
[2026-05-07 15:52:14,359] INFO - inferred case=ToothFairy3F_055 tooth=36
[2026-05-07 15:52:14,669] INFO - inferred case=ToothFairy3F_055 tooth=37
[2026-05-07 15:52:14,944] INFO - inferred case=ToothFairy3F_055 tooth=38
[2026-05-07 15:52:15,139] INFO - inferred case=ToothFairy3F_055 tooth=41
[2026-05-07 15:52:15,417] INFO - inferred case=ToothFairy3F_055 tooth=42
[2026-05-07 15:52:15,719] INFO - inferred case=ToothFairy3F_055 tooth=43
[2026-05-07 15:52:15,951] INFO - inferred case=ToothFairy3F_055 tooth=44
[2026-05-07 15:52:16,346] INFO - inferred case=ToothFairy3F_055 tooth=46
[2026-05-07 15:52:16,626] INFO - inferred case=ToothFairy3F_055 tooth=47
[2026-05-07 15:52:16,916] INFO - inferred case=ToothFairy3F_055 tooth=48
[2026-05-07 15:52:20,529] INFO - stitched case=ToothFairy3F_041
[2026-05-07 15:52:24,125] INFO - stitched case=ToothFairy3F_044
[2026-05-07 15:52:27,900] INFO - stitched case=ToothFairy3F_050
[2026-05-07 15:52:32,072] INFO - stitched case=ToothFairy3F_051
[2026-05-07 15:52:35,917] INFO - stitched case=ToothFairy3F_052
[2026-05-07 15:52:39,568] INFO - stitched case=ToothFairy3F_053
[2026-05-07 15:52:44,426] INFO - stitched case=ToothFairy3F_054
[2026-05-07 15:52:49,333] INFO - stitched case=ToothFairy3F_055
[finished_at] 2026-05-07T15:52:50.831908+00:00
[returncode] 0
