[started_at] 2026-05-07T17:07:13.946084+00:00
[cmd] /usr/local/miniconda3/envs/py310/bin/python -m src.train_loss_earlystop --config /root/cej_isolated_runs/C/cej_loss_earlystop_20260507_003/experiments/exp00_baseline_dicece/config/train.yaml
[2026-05-07 17:07:24,416] INFO - loaded pretrained=/root/cej_isolated_runs/C/cej_loss_earlystop_20260507_003/input/checkpoints/unsup_last.pt strict=False missing=0 unexpected=0
[2026-05-07 17:08:15,049] INFO - epoch=0 train_loss=1.051384 holdout_loss=0.699170 score=1.873688 sym_p95=14.560219764709473 no_curve=1 bad_rate=0.9385 vox03=14100.061538461538 cc=17.215384615384615 wrap=0.2029504916539909 best_score=None best_epoch=None patience=0/8 active=False
[2026-05-07 17:08:47,271] INFO - epoch=1 train_loss=0.478873 holdout_loss=0.692344 score=4.648892 sym_p95=169.5258026123047 no_curve=7 bad_rate=0.6000 vox03=8703.415384615384 cc=1.476923076923077 wrap=0.141956242184069 best_score=None best_epoch=None patience=0/8 active=False
[2026-05-07 17:09:21,858] INFO - epoch=2 train_loss=0.448476 holdout_loss=0.685135 score=4.880078 sym_p95=169.5258026123047 no_curve=10 bad_rate=0.5846 vox03=9045.953846153847 cc=1.2153846153846153 wrap=0.14065581203839655 best_score=None best_epoch=None patience=0/8 active=False
[2026-05-07 17:09:55,227] INFO - epoch=3 train_loss=0.438842 holdout_loss=0.674124 score=2.164776 sym_p95=18.138357162475586 no_curve=4 bad_rate=0.6154 vox03=9626.261538461538 cc=1.1846153846153846 wrap=0.13120264101093151 best_score=None best_epoch=None patience=0/8 active=False
[2026-05-07 17:10:28,988] INFO - epoch=4 train_loss=0.430860 holdout_loss=0.632480 score=1.910469 sym_p95=16.124515533447266 no_curve=3 bad_rate=0.5231 vox03=10261.953846153847 cc=1.7538461538461538 wrap=0.17279675027990676 best_score=None best_epoch=None patience=0/8 active=False
[2026-05-07 17:11:03,896] INFO - epoch=5 train_loss=0.425192 holdout_loss=0.644612 score=1.847544 sym_p95=15.165750503540039 no_curve=3 bad_rate=0.5385 vox03=8875.938461538462 cc=1.2461538461538462 wrap=0.18041901422098147 best_score=None best_epoch=None patience=0/8 active=False
[2026-05-07 17:11:39,716] INFO - epoch=6 train_loss=0.421132 holdout_loss=0.607735 score=1.628609 sym_p95=14.764822959899902 no_curve=1 bad_rate=0.4923 vox03=9910.738461538462 cc=1.2153846153846153 wrap=0.19802365201899547 best_score=None best_epoch=None patience=0/8 active=False
[2026-05-07 17:12:14,485] INFO - epoch=7 train_loss=0.416486 holdout_loss=0.652063 score=2.032208 sym_p95=16.5831241607666 no_curve=4 bad_rate=0.5538 vox03=7595.784615384616 cc=1.1538461538461537 wrap=0.181681460457419 best_score=None best_epoch=None patience=0/8 active=False
[2026-05-07 17:12:47,722] INFO - epoch=8 train_loss=0.412570 holdout_loss=0.628514 score=1.719421 sym_p95=14.696938514709473 no_curve=2 bad_rate=0.4923 vox03=8099.523076923077 cc=1.1846153846153846 wrap=0.1759138743744883 best_score=None best_epoch=None patience=0/8 active=False
[2026-05-07 17:13:21,549] INFO - epoch=9 train_loss=0.410300 holdout_loss=0.609172 score=1.758087 sym_p95=14.352700233459473 no_curve=3 bad_rate=0.4615 vox03=7653.092307692307 cc=1.3076923076923077 wrap=0.21703725365619445 best_score=None best_epoch=None patience=0/8 active=False
[2026-05-07 17:14:10,102] INFO - epoch=10 train_loss=0.406811 holdout_loss=0.594589 score=1.625939 sym_p95=13.747727394104004 no_curve=2 bad_rate=0.4769 vox03=8384.16923076923 cc=1.2153846153846153 wrap=0.2153621101541382 best_score=1.6259389159522974 best_epoch=10 patience=0/8 active=True
[2026-05-07 17:14:56,328] INFO - epoch=11 train_loss=0.404073 holdout_loss=0.630996 score=1.576945 sym_p95=12.727922439575195 no_curve=2 bad_rate=0.4462 vox03=5660.107692307693 cc=1.3076923076923077 wrap=0.24127136484447212 best_score=1.5769447497127778 best_epoch=11 patience=0/8 active=True
[2026-05-07 17:15:45,224] INFO - epoch=12 train_loss=0.402459 holdout_loss=0.559440 score=1.329797 sym_p95=12.206555366516113 no_curve=0 bad_rate=0.4462 vox03=8723.384615384615 cc=1.1846153846153846 wrap=0.23013935104860087 best_score=1.3297967336633532 best_epoch=12 patience=0/8 active=True
[2026-05-07 17:16:19,445] INFO - epoch=13 train_loss=0.400286 holdout_loss=0.573500 score=1.401150 sym_p95=13.03840446472168 no_curve=0 bad_rate=0.4769 vox03=8024.461538461538 cc=1.1692307692307693 wrap=0.21390959645537386 best_score=1.3297967336633532 best_epoch=12 patience=1/8 active=True
[2026-05-07 17:16:52,788] INFO - epoch=14 train_loss=0.399192 holdout_loss=0.583066 score=1.427009 sym_p95=12.247448921203613 no_curve=1 bad_rate=0.4308 vox03=6910.892307692307 cc=1.1076923076923078 wrap=0.23327812716910992 best_score=1.3297967336633532 best_epoch=12 patience=2/8 active=True
[2026-05-07 17:17:40,170] INFO - epoch=15 train_loss=0.397663 holdout_loss=0.548013 score=1.210813 sym_p95=10.630146026611328 no_curve=0 bad_rate=0.4308 vox03=8932.676923076922 cc=1.2461538461538462 wrap=0.23048896758051654 best_score=1.2108129678695114 best_epoch=15 patience=0/8 active=True
[2026-05-07 17:18:14,377] INFO - epoch=16 train_loss=0.396477 holdout_loss=0.538754 score=1.467748 sym_p95=12.12435531616211 no_curve=2 bad_rate=0.4308 vox03=8509.553846153845 cc=1.123076923076923 wrap=0.22961157319315453 best_score=1.2108129678695114 best_epoch=15 patience=1/8 active=True
[2026-05-07 17:18:59,030] INFO - epoch=17 train_loss=0.395671 holdout_loss=0.550872 score=1.105551 sym_p95=9.110433578491211 no_curve=0 bad_rate=0.4462 vox03=7448.323076923077 cc=1.1076923076923078 wrap=0.24264887929876675 best_score=1.1055512384409187 best_epoch=17 patience=0/8 active=True
[2026-05-07 17:19:32,797] INFO - epoch=18 train_loss=0.394145 holdout_loss=0.549271 score=1.147814 sym_p95=8.602325439453125 no_curve=1 bad_rate=0.4308 vox03=7242.676923076923 cc=1.2461538461538462 wrap=0.2626955470802703 best_score=1.1055512384409187 best_epoch=17 patience=1/8 active=True
[2026-05-07 17:20:06,379] INFO - epoch=19 train_loss=0.393290 holdout_loss=0.568137 score=1.267019 sym_p95=10.099504470825195 no_curve=1 bad_rate=0.4462 vox03=6856.830769230769 cc=1.1538461538461537 wrap=0.2478731385416795 best_score=1.1055512384409187 best_epoch=17 patience=2/8 active=True
[2026-05-07 17:20:39,517] INFO - epoch=20 train_loss=0.393271 holdout_loss=0.565735 score=1.269418 sym_p95=10.198039054870605 no_curve=1 bad_rate=0.4154 vox03=6898.076923076923 cc=1.2 wrap=0.261511471016028 best_score=1.1055512384409187 best_epoch=17 patience=3/8 active=True
[2026-05-07 17:21:12,394] INFO - epoch=21 train_loss=0.392902 holdout_loss=0.551314 score=1.164699 sym_p95=9.899495124816895 no_curve=0 bad_rate=0.4769 vox03=7473.538461538462 cc=1.2153846153846153 wrap=0.2415598013981259 best_score=1.1055512384409187 best_epoch=17 patience=4/8 active=True
[2026-05-07 17:21:57,760] INFO - epoch=22 train_loss=0.392303 holdout_loss=0.520276 score=1.074294 sym_p95=9.0 no_curve=0 bad_rate=0.4308 vox03=8227.476923076923 cc=1.1384615384615384 wrap=0.26242619368993847 best_score=1.0742936464283865 best_epoch=22 patience=0/8 active=True
[2026-05-07 17:22:30,124] INFO - epoch=23 train_loss=0.391415 holdout_loss=0.567282 score=1.360948 sym_p95=10.440306663513184 no_curve=2 bad_rate=0.3538 vox03=6071.215384615384 cc=1.1076923076923078 wrap=0.2725920027147839 best_score=1.0742936464283865 best_epoch=22 patience=1/8 active=True
[2026-05-07 17:23:03,371] INFO - epoch=24 train_loss=0.391430 holdout_loss=0.528726 score=1.086191 sym_p95=9.05538558959961 no_curve=0 bad_rate=0.4462 vox03=8017.446153846154 cc=1.1538461538461537 wrap=0.2504194330769431 best_score=1.0742936464283865 best_epoch=22 patience=2/8 active=True
[2026-05-07 17:23:36,680] INFO - epoch=25 train_loss=0.390967 holdout_loss=0.559653 score=1.262297 sym_p95=9.0 no_curve=2 bad_rate=0.4308 vox03=6483.738461538462 cc=1.1538461538461537 wrap=0.25767014955897505 best_score=1.0742936464283865 best_epoch=22 patience=3/8 active=True
[2026-05-07 17:24:12,582] INFO - epoch=26 train_loss=0.389820 holdout_loss=0.544168 score=1.184444 sym_p95=10.392304420471191 no_curve=0 bad_rate=0.3846 vox03=7109.661538461539 cc=1.0923076923076922 wrap=0.2604536010309439 best_score=1.0742936464283865 best_epoch=22 patience=4/8 active=True
[2026-05-07 17:24:46,371] INFO - epoch=27 train_loss=0.389362 holdout_loss=0.540595 score=1.188574 sym_p95=10.440306663513184 no_curve=0 bad_rate=0.4308 vox03=7172.107692307693 cc=1.0923076923076922 wrap=0.26747122790385114 best_score=1.0742936464283865 best_epoch=22 patience=5/8 active=True
[2026-05-07 17:25:19,262] INFO - epoch=28 train_loss=0.389114 holdout_loss=0.533249 score=1.156752 sym_p95=10.0 no_curve=0 bad_rate=0.4615 vox03=8074.369230769231 cc=1.123076923076923 wrap=0.24459933634551947 best_score=1.0742936464283865 best_epoch=22 patience=6/8 active=True
[2026-05-07 17:25:52,977] INFO - epoch=29 train_loss=0.388873 holdout_loss=0.539181 score=1.245725 sym_p95=9.0 no_curve=2 bad_rate=0.4154 vox03=6720.307692307692 cc=1.1538461538461537 wrap=0.27451727095341544 best_score=1.0742936464283865 best_epoch=22 patience=7/8 active=True
[2026-05-07 17:26:39,998] INFO - epoch=30 train_loss=0.388758 holdout_loss=0.527149 score=1.063439 sym_p95=8.83176040649414 no_curve=0 bad_rate=0.4000 vox03=7313.123076923077 cc=1.1538461538461537 wrap=0.2887835081773065 best_score=1.0634389952821721 best_epoch=30 patience=0/8 active=True
[2026-05-07 17:27:25,354] INFO - epoch=31 train_loss=0.388726 holdout_loss=0.531008 score=1.041319 sym_p95=8.485280990600586 no_curve=0 bad_rate=0.3846 vox03=6697.8 cc=1.1538461538461537 wrap=0.2777255262770437 best_score=1.0413191676066946 best_epoch=31 patience=0/8 active=True
[2026-05-07 17:27:59,319] INFO - epoch=32 train_loss=0.388476 holdout_loss=0.568458 score=1.144736 sym_p95=9.539392471313477 no_curve=0 bad_rate=0.4000 vox03=5993.738461538462 cc=1.2769230769230768 wrap=0.2618500814538988 best_score=1.0413191676066946 best_epoch=31 patience=1/8 active=True
[2026-05-07 17:28:34,060] INFO - epoch=33 train_loss=0.388190 holdout_loss=0.511457 score=1.116216 sym_p95=8.535195112228308 no_curve=1 bad_rate=0.4462 vox03=7694.430769230769 cc=1.2 wrap=0.28265786526575276 best_score=1.0413191676066946 best_epoch=31 patience=2/8 active=True
[2026-05-07 17:29:08,373] INFO - epoch=34 train_loss=0.387670 holdout_loss=0.539523 score=1.091419 sym_p95=8.124038696289062 no_curve=1 bad_rate=0.2615 vox03=6434.969230769231 cc=1.123076923076923 wrap=0.28472077485277775 best_score=1.0413191676066946 best_epoch=31 patience=3/8 active=True
[2026-05-07 17:29:43,394] INFO - epoch=35 train_loss=0.387350 holdout_loss=0.540203 score=1.220435 sym_p95=9.848857879638672 no_curve=1 bad_rate=0.3538 vox03=6484.7692307692305 cc=1.0923076923076922 wrap=0.2726282538860472 best_score=1.0413191676066946 best_epoch=31 patience=4/8 active=True
[2026-05-07 17:30:18,212] INFO - epoch=36 train_loss=0.386974 holdout_loss=0.521189 score=1.079631 sym_p95=9.110433578491211 no_curve=0 bad_rate=0.4000 vox03=7543.784615384616 cc=1.1076923076923078 wrap=0.2668068545433654 best_score=1.0413191676066946 best_epoch=31 patience=5/8 active=True
[2026-05-07 17:31:05,970] INFO - epoch=37 train_loss=0.386734 holdout_loss=0.503959 score=0.998247 sym_p95=8.062257766723633 no_curve=0 bad_rate=0.4462 vox03=7909.338461538461 cc=1.2307692307692308 wrap=0.28136556055201417 best_score=0.9982471883398434 best_epoch=37 patience=0/8 active=True
[2026-05-07 17:31:39,047] INFO - epoch=38 train_loss=0.386999 holdout_loss=0.529848 score=1.023764 sym_p95=8.246211051940918 no_curve=0 bad_rate=0.3846 vox03=6932.507692307692 cc=1.1692307692307693 wrap=0.28043050403858566 best_score=0.9982471883398434 best_epoch=37 patience=1/8 active=True
[2026-05-07 17:32:12,816] INFO - epoch=39 train_loss=0.386993 holdout_loss=0.521506 score=1.118543 sym_p95=8.5440034866333 no_curve=1 bad_rate=0.3846 vox03=6810.292307692308 cc=1.1538461538461537 wrap=0.28165359921993766 best_score=0.9982471883398434 best_epoch=37 patience=2/8 active=True
[2026-05-07 17:32:46,709] INFO - epoch=40 train_loss=0.386563 holdout_loss=0.530436 score=1.152670 sym_p95=8.820401191711177 no_curve=1 bad_rate=0.4615 vox03=6838.707692307692 cc=1.2307692307692308 wrap=0.25491060084991785 best_score=0.9982471883398434 best_epoch=37 patience=3/8 active=True
[2026-05-07 17:33:19,488] INFO - epoch=41 train_loss=0.386171 holdout_loss=0.547608 score=1.278942 sym_p95=9.433980941772461 no_curve=2 bad_rate=0.3692 vox03=6153.153846153846 cc=1.1538461538461537 wrap=0.26398070567819065 best_score=0.9982471883398434 best_epoch=37 patience=4/8 active=True
[2026-05-07 17:33:52,351] INFO - epoch=42 train_loss=0.386295 holdout_loss=0.543222 score=1.316360 sym_p95=10.029925155639576 no_curve=2 bad_rate=0.3538 vox03=6454.492307692308 cc=1.1384615384615384 wrap=0.26137629783933 best_score=0.9982471883398434 best_epoch=37 patience=5/8 active=True
[2026-05-07 17:34:36,587] INFO - epoch=43 train_loss=0.386262 holdout_loss=0.531014 score=0.961266 sym_p95=7.348469257354736 no_curve=0 bad_rate=0.3846 vox03=6889.2307692307695 cc=1.0923076923076922 wrap=0.2754914054549423 best_score=0.9612656434038066 best_epoch=43 patience=0/8 active=True
[2026-05-07 17:35:08,620] INFO - epoch=44 train_loss=0.386026 holdout_loss=0.539423 score=1.469111 sym_p95=10.099504470825195 no_curve=4 bad_rate=0.2615 vox03=6305.907692307693 cc=1.0923076923076922 wrap=0.2882838227742846 best_score=0.9612656434038066 best_epoch=43 patience=1/8 active=True
[2026-05-07 17:35:42,047] INFO - epoch=45 train_loss=0.386019 holdout_loss=0.548435 score=1.184257 sym_p95=9.219544410705566 no_curve=1 bad_rate=0.3538 vox03=6188.723076923077 cc=1.2153846153846153 wrap=0.25795410266720364 best_score=0.9612656434038066 best_epoch=43 patience=2/8 active=True
[2026-05-07 17:36:15,672] INFO - epoch=46 train_loss=0.385791 holdout_loss=0.504967 score=0.971766 sym_p95=7.790884184837154 no_curve=0 bad_rate=0.3538 vox03=7194.2307692307695 cc=1.1692307692307693 wrap=0.28454591118925804 best_score=0.9612656434038066 best_epoch=43 patience=3/8 active=True
[2026-05-07 17:37:01,226] INFO - epoch=47 train_loss=0.385368 holdout_loss=0.506054 score=0.942819 sym_p95=7.348469257354736 no_curve=0 bad_rate=0.3692 vox03=7475.430769230769 cc=1.1538461538461537 wrap=0.2814742540785547 best_score=0.9428193326358173 best_epoch=47 patience=0/8 active=True
[2026-05-07 17:37:33,591] INFO - epoch=48 train_loss=0.385270 holdout_loss=0.539925 score=1.204742 sym_p95=8.5440034866333 no_curve=2 bad_rate=0.2923 vox03=6421.661538461539 cc=1.1538461538461537 wrap=0.27014793230822 best_score=0.9428193326358173 best_epoch=47 patience=1/8 active=True
[2026-05-07 17:38:18,804] INFO - epoch=49 train_loss=0.385202 holdout_loss=0.509519 score=0.920478 sym_p95=7.071067810058594 no_curve=0 bad_rate=0.2923 vox03=6956.138461538461 cc=1.2307692307692308 wrap=0.2808703982668754 best_score=0.9204778341101273 best_epoch=49 patience=0/8 active=True
[finished_at] 2026-05-07T17:38:20.229758+00:00
[returncode] 0
