[started_at] 2026-06-01T08:30:55.515081+00:00
[cmd] /usr/local/miniconda3/envs/py310/bin/python -m src.infer --config /root/cej_isolated_runs/C/stage1_data_learning_curve_20260601_075445/experiments/pct040/config/best_theta_0.20.yaml
[2026-06-01 08:31:01,416] INFO - inferred case=ToothFairy3F_040 tooth=11
[2026-06-01 08:31:01,636] INFO - inferred case=ToothFairy3F_040 tooth=12
[2026-06-01 08:31:01,900] INFO - inferred case=ToothFairy3F_040 tooth=13
[2026-06-01 08:31:02,075] INFO - inferred case=ToothFairy3F_040 tooth=14
[2026-06-01 08:31:02,314] INFO - inferred case=ToothFairy3F_040 tooth=15
[2026-06-01 08:31:02,621] INFO - inferred case=ToothFairy3F_040 tooth=16
[2026-06-01 08:31:02,974] INFO - inferred case=ToothFairy3F_040 tooth=17
[2026-06-01 08:31:03,150] INFO - inferred case=ToothFairy3F_040 tooth=21
[2026-06-01 08:31:03,316] INFO - inferred case=ToothFairy3F_040 tooth=22
[2026-06-01 08:31:03,534] INFO - inferred case=ToothFairy3F_040 tooth=23
[2026-06-01 08:31:03,709] INFO - inferred case=ToothFairy3F_040 tooth=24
[2026-06-01 08:31:03,911] INFO - inferred case=ToothFairy3F_040 tooth=25
[2026-06-01 08:31:04,172] INFO - inferred case=ToothFairy3F_040 tooth=26
[2026-06-01 08:31:04,393] INFO - inferred case=ToothFairy3F_040 tooth=27
[2026-06-01 08:31:04,618] INFO - inferred case=ToothFairy3F_040 tooth=31
[2026-06-01 08:31:04,852] INFO - inferred case=ToothFairy3F_040 tooth=32
[2026-06-01 08:31:05,152] INFO - inferred case=ToothFairy3F_040 tooth=33
[2026-06-01 08:31:05,456] INFO - inferred case=ToothFairy3F_040 tooth=34
[2026-06-01 08:31:05,812] INFO - inferred case=ToothFairy3F_040 tooth=35
[2026-06-01 08:31:06,389] INFO - inferred case=ToothFairy3F_040 tooth=36
[2026-06-01 08:31:07,101] INFO - inferred case=ToothFairy3F_040 tooth=37
[2026-06-01 08:31:07,495] INFO - inferred case=ToothFairy3F_040 tooth=38
[2026-06-01 08:31:07,701] INFO - inferred case=ToothFairy3F_040 tooth=41
[2026-06-01 08:31:07,908] INFO - inferred case=ToothFairy3F_040 tooth=42
[2026-06-01 08:31:08,155] INFO - inferred case=ToothFairy3F_040 tooth=43
[2026-06-01 08:31:08,407] INFO - inferred case=ToothFairy3F_040 tooth=44
[2026-06-01 08:31:08,649] INFO - inferred case=ToothFairy3F_040 tooth=45
[2026-06-01 08:31:09,125] INFO - inferred case=ToothFairy3F_040 tooth=46
[2026-06-01 08:31:09,643] INFO - inferred case=ToothFairy3F_040 tooth=47
[2026-06-01 08:31:10,113] INFO - inferred case=ToothFairy3F_040 tooth=48
[2026-06-01 08:31:10,307] INFO - inferred case=ToothFairy3F_044 tooth=11
[2026-06-01 08:31:10,552] INFO - inferred case=ToothFairy3F_044 tooth=12
[2026-06-01 08:31:10,746] INFO - inferred case=ToothFairy3F_044 tooth=13
[2026-06-01 08:31:10,946] INFO - inferred case=ToothFairy3F_044 tooth=14
[2026-06-01 08:31:11,101] INFO - inferred case=ToothFairy3F_044 tooth=15
[2026-06-01 08:31:11,370] INFO - inferred case=ToothFairy3F_044 tooth=16
[2026-06-01 08:31:11,540] INFO - inferred case=ToothFairy3F_044 tooth=21
[2026-06-01 08:31:11,733] INFO - inferred case=ToothFairy3F_044 tooth=22
[2026-06-01 08:31:11,921] INFO - inferred case=ToothFairy3F_044 tooth=23
[2026-06-01 08:31:12,097] INFO - inferred case=ToothFairy3F_044 tooth=24
[2026-06-01 08:31:12,253] INFO - inferred case=ToothFairy3F_044 tooth=25
[2026-06-01 08:31:12,620] INFO - inferred case=ToothFairy3F_044 tooth=26
[2026-06-01 08:31:12,894] INFO - inferred case=ToothFairy3F_044 tooth=27
[2026-06-01 08:31:13,092] INFO - inferred case=ToothFairy3F_044 tooth=28
[2026-06-01 08:31:13,300] INFO - inferred case=ToothFairy3F_044 tooth=31
[2026-06-01 08:31:13,525] INFO - inferred case=ToothFairy3F_044 tooth=32
[2026-06-01 08:31:13,802] INFO - inferred case=ToothFairy3F_044 tooth=33
[2026-06-01 08:31:14,059] INFO - inferred case=ToothFairy3F_044 tooth=34
[2026-06-01 08:31:14,313] INFO - inferred case=ToothFairy3F_044 tooth=35
[2026-06-01 08:31:14,694] INFO - inferred case=ToothFairy3F_044 tooth=36
[2026-06-01 08:31:14,911] INFO - inferred case=ToothFairy3F_044 tooth=41
[2026-06-01 08:31:15,162] INFO - inferred case=ToothFairy3F_044 tooth=42
[2026-06-01 08:31:15,483] INFO - inferred case=ToothFairy3F_044 tooth=43
[2026-06-01 08:31:15,764] INFO - inferred case=ToothFairy3F_044 tooth=44
[2026-06-01 08:31:16,030] INFO - inferred case=ToothFairy3F_044 tooth=45
[2026-06-01 08:31:16,717] INFO - inferred case=ToothFairy3F_044 tooth=46
[2026-06-01 08:31:17,360] INFO - inferred case=ToothFairy3F_044 tooth=47
[2026-06-01 08:31:17,884] INFO - inferred case=ToothFairy3F_044 tooth=48
[2026-06-01 08:31:18,165] INFO - inferred case=ToothFairy3F_052 tooth=11
[2026-06-01 08:31:18,373] INFO - inferred case=ToothFairy3F_052 tooth=12
[2026-06-01 08:31:18,608] INFO - inferred case=ToothFairy3F_052 tooth=13
[2026-06-01 08:31:18,838] INFO - inferred case=ToothFairy3F_052 tooth=14
[2026-06-01 08:31:19,073] INFO - inferred case=ToothFairy3F_052 tooth=15
[2026-06-01 08:31:19,381] INFO - inferred case=ToothFairy3F_052 tooth=16
[2026-06-01 08:31:19,692] INFO - inferred case=ToothFairy3F_052 tooth=17
[2026-06-01 08:31:19,944] INFO - inferred case=ToothFairy3F_052 tooth=18
[2026-06-01 08:31:20,194] INFO - inferred case=ToothFairy3F_052 tooth=21
[2026-06-01 08:31:20,429] INFO - inferred case=ToothFairy3F_052 tooth=22
[2026-06-01 08:31:20,663] INFO - inferred case=ToothFairy3F_052 tooth=23
[2026-06-01 08:31:20,907] INFO - inferred case=ToothFairy3F_052 tooth=24
[2026-06-01 08:31:21,137] INFO - inferred case=ToothFairy3F_052 tooth=25
[2026-06-01 08:31:21,451] INFO - inferred case=ToothFairy3F_052 tooth=26
[2026-06-01 08:31:21,746] INFO - inferred case=ToothFairy3F_052 tooth=27
[2026-06-01 08:31:21,953] INFO - inferred case=ToothFairy3F_052 tooth=31
[2026-06-01 08:31:22,175] INFO - inferred case=ToothFairy3F_052 tooth=32
[2026-06-01 08:31:22,439] INFO - inferred case=ToothFairy3F_052 tooth=33
[2026-06-01 08:31:22,645] INFO - inferred case=ToothFairy3F_052 tooth=34
[2026-06-01 08:31:22,918] INFO - inferred case=ToothFairy3F_052 tooth=35
[2026-06-01 08:31:23,276] INFO - inferred case=ToothFairy3F_052 tooth=36
[2026-06-01 08:31:23,624] INFO - inferred case=ToothFairy3F_052 tooth=37
[2026-06-01 08:31:23,963] INFO - inferred case=ToothFairy3F_052 tooth=38
[2026-06-01 08:31:24,153] INFO - inferred case=ToothFairy3F_052 tooth=41
[2026-06-01 08:31:24,359] INFO - inferred case=ToothFairy3F_052 tooth=42
[2026-06-01 08:31:24,593] INFO - inferred case=ToothFairy3F_052 tooth=43
[2026-06-01 08:31:24,822] INFO - inferred case=ToothFairy3F_052 tooth=44
[2026-06-01 08:31:25,121] INFO - inferred case=ToothFairy3F_052 tooth=45
[2026-06-01 08:31:25,513] INFO - inferred case=ToothFairy3F_052 tooth=46
[2026-06-01 08:31:25,917] INFO - inferred case=ToothFairy3F_052 tooth=47
[2026-06-01 08:31:31,176] INFO - stitched case=ToothFairy3F_040
[2026-06-01 08:31:35,270] INFO - stitched case=ToothFairy3F_044
[2026-06-01 08:31:40,125] INFO - stitched case=ToothFairy3F_052
[finished_at] 2026-06-01T08:31:41.307334+00:00
[returncode] 0
