[started_at] 2026-06-01T08:13:37.334585+00:00
[cmd] /usr/local/miniconda3/envs/py310/bin/python -m src.infer --config /root/cej_isolated_runs/C/stage1_data_learning_curve_20260601_075445/experiments/pct020/config/best_theta_0.30.yaml
[2026-06-01 08:13:42,762] INFO - inferred case=ToothFairy3F_040 tooth=11
[2026-06-01 08:13:42,954] INFO - inferred case=ToothFairy3F_040 tooth=12
[2026-06-01 08:13:43,149] INFO - inferred case=ToothFairy3F_040 tooth=13
[2026-06-01 08:13:43,303] INFO - inferred case=ToothFairy3F_040 tooth=14
[2026-06-01 08:13:43,478] INFO - inferred case=ToothFairy3F_040 tooth=15
[2026-06-01 08:13:43,707] INFO - inferred case=ToothFairy3F_040 tooth=16
[2026-06-01 08:13:43,949] INFO - inferred case=ToothFairy3F_040 tooth=17
[2026-06-01 08:13:44,113] INFO - inferred case=ToothFairy3F_040 tooth=21
[2026-06-01 08:13:44,274] INFO - inferred case=ToothFairy3F_040 tooth=22
[2026-06-01 08:13:44,450] INFO - inferred case=ToothFairy3F_040 tooth=23
[2026-06-01 08:13:44,602] INFO - inferred case=ToothFairy3F_040 tooth=24
[2026-06-01 08:13:44,753] INFO - inferred case=ToothFairy3F_040 tooth=25
[2026-06-01 08:13:44,977] INFO - inferred case=ToothFairy3F_040 tooth=26
[2026-06-01 08:13:45,198] INFO - inferred case=ToothFairy3F_040 tooth=27
[2026-06-01 08:13:45,439] INFO - inferred case=ToothFairy3F_040 tooth=31
[2026-06-01 08:13:45,703] INFO - inferred case=ToothFairy3F_040 tooth=32
[2026-06-01 08:13:46,018] INFO - inferred case=ToothFairy3F_040 tooth=33
[2026-06-01 08:13:46,308] INFO - inferred case=ToothFairy3F_040 tooth=34
[2026-06-01 08:13:46,651] INFO - inferred case=ToothFairy3F_040 tooth=35
[2026-06-01 08:13:47,157] INFO - inferred case=ToothFairy3F_040 tooth=36
[2026-06-01 08:13:47,655] INFO - inferred case=ToothFairy3F_040 tooth=37
[2026-06-01 08:13:48,033] INFO - inferred case=ToothFairy3F_040 tooth=38
[2026-06-01 08:13:48,247] INFO - inferred case=ToothFairy3F_040 tooth=41
[2026-06-01 08:13:48,453] INFO - inferred case=ToothFairy3F_040 tooth=42
[2026-06-01 08:13:48,714] INFO - inferred case=ToothFairy3F_040 tooth=43
[2026-06-01 08:13:48,970] INFO - inferred case=ToothFairy3F_040 tooth=44
[2026-06-01 08:13:49,206] INFO - inferred case=ToothFairy3F_040 tooth=45
[2026-06-01 08:13:49,675] INFO - inferred case=ToothFairy3F_040 tooth=46
[2026-06-01 08:13:50,141] INFO - inferred case=ToothFairy3F_040 tooth=47
[2026-06-01 08:13:50,544] INFO - inferred case=ToothFairy3F_040 tooth=48
[2026-06-01 08:13:50,746] INFO - inferred case=ToothFairy3F_044 tooth=11
[2026-06-01 08:13:50,937] INFO - inferred case=ToothFairy3F_044 tooth=12
[2026-06-01 08:13:51,138] INFO - inferred case=ToothFairy3F_044 tooth=13
[2026-06-01 08:13:51,338] INFO - inferred case=ToothFairy3F_044 tooth=14
[2026-06-01 08:13:51,490] INFO - inferred case=ToothFairy3F_044 tooth=15
[2026-06-01 08:13:51,758] INFO - inferred case=ToothFairy3F_044 tooth=16
[2026-06-01 08:13:51,943] INFO - inferred case=ToothFairy3F_044 tooth=21
[2026-06-01 08:13:52,137] INFO - inferred case=ToothFairy3F_044 tooth=22
[2026-06-01 08:13:52,336] INFO - inferred case=ToothFairy3F_044 tooth=23
[2026-06-01 08:13:52,518] INFO - inferred case=ToothFairy3F_044 tooth=24
[2026-06-01 08:13:52,678] INFO - inferred case=ToothFairy3F_044 tooth=25
[2026-06-01 08:13:53,124] INFO - inferred case=ToothFairy3F_044 tooth=26
[2026-06-01 08:13:53,473] INFO - inferred case=ToothFairy3F_044 tooth=27
[2026-06-01 08:13:53,658] INFO - inferred case=ToothFairy3F_044 tooth=28
[2026-06-01 08:13:53,874] INFO - inferred case=ToothFairy3F_044 tooth=31
[2026-06-01 08:13:54,107] INFO - inferred case=ToothFairy3F_044 tooth=32
[2026-06-01 08:13:54,390] INFO - inferred case=ToothFairy3F_044 tooth=33
[2026-06-01 08:13:54,655] INFO - inferred case=ToothFairy3F_044 tooth=34
[2026-06-01 08:13:54,942] INFO - inferred case=ToothFairy3F_044 tooth=35
[2026-06-01 08:13:55,331] INFO - inferred case=ToothFairy3F_044 tooth=36
[2026-06-01 08:13:55,643] INFO - inferred case=ToothFairy3F_044 tooth=41
[2026-06-01 08:13:55,952] INFO - inferred case=ToothFairy3F_044 tooth=42
[2026-06-01 08:13:56,233] INFO - inferred case=ToothFairy3F_044 tooth=43
[2026-06-01 08:13:56,468] INFO - inferred case=ToothFairy3F_044 tooth=44
[2026-06-01 08:13:56,737] INFO - inferred case=ToothFairy3F_044 tooth=45
[2026-06-01 08:13:57,170] INFO - inferred case=ToothFairy3F_044 tooth=46
[2026-06-01 08:13:57,545] INFO - inferred case=ToothFairy3F_044 tooth=47
[2026-06-01 08:13:57,880] INFO - inferred case=ToothFairy3F_044 tooth=48
[2026-06-01 08:13:58,102] INFO - inferred case=ToothFairy3F_052 tooth=11
[2026-06-01 08:13:58,297] INFO - inferred case=ToothFairy3F_052 tooth=12
[2026-06-01 08:13:58,526] INFO - inferred case=ToothFairy3F_052 tooth=13
[2026-06-01 08:13:58,747] INFO - inferred case=ToothFairy3F_052 tooth=14
[2026-06-01 08:13:58,971] INFO - inferred case=ToothFairy3F_052 tooth=15
[2026-06-01 08:13:59,266] INFO - inferred case=ToothFairy3F_052 tooth=16
[2026-06-01 08:13:59,564] INFO - inferred case=ToothFairy3F_052 tooth=17
[2026-06-01 08:13:59,804] INFO - inferred case=ToothFairy3F_052 tooth=18
[2026-06-01 08:14:00,025] INFO - inferred case=ToothFairy3F_052 tooth=21
[2026-06-01 08:14:00,260] INFO - inferred case=ToothFairy3F_052 tooth=22
[2026-06-01 08:14:00,486] INFO - inferred case=ToothFairy3F_052 tooth=23
[2026-06-01 08:14:00,714] INFO - inferred case=ToothFairy3F_052 tooth=24
[2026-06-01 08:14:00,926] INFO - inferred case=ToothFairy3F_052 tooth=25
[2026-06-01 08:14:01,217] INFO - inferred case=ToothFairy3F_052 tooth=26
[2026-06-01 08:14:01,503] INFO - inferred case=ToothFairy3F_052 tooth=27
[2026-06-01 08:14:01,689] INFO - inferred case=ToothFairy3F_052 tooth=31
[2026-06-01 08:14:01,912] INFO - inferred case=ToothFairy3F_052 tooth=32
[2026-06-01 08:14:02,158] INFO - inferred case=ToothFairy3F_052 tooth=33
[2026-06-01 08:14:02,356] INFO - inferred case=ToothFairy3F_052 tooth=34
[2026-06-01 08:14:02,614] INFO - inferred case=ToothFairy3F_052 tooth=35
[2026-06-01 08:14:02,918] INFO - inferred case=ToothFairy3F_052 tooth=36
[2026-06-01 08:14:03,268] INFO - inferred case=ToothFairy3F_052 tooth=37
[2026-06-01 08:14:03,581] INFO - inferred case=ToothFairy3F_052 tooth=38
[2026-06-01 08:14:03,766] INFO - inferred case=ToothFairy3F_052 tooth=41
[2026-06-01 08:14:03,945] INFO - inferred case=ToothFairy3F_052 tooth=42
[2026-06-01 08:14:04,161] INFO - inferred case=ToothFairy3F_052 tooth=43
[2026-06-01 08:14:04,367] INFO - inferred case=ToothFairy3F_052 tooth=44
[2026-06-01 08:14:04,612] INFO - inferred case=ToothFairy3F_052 tooth=45
[2026-06-01 08:14:04,956] INFO - inferred case=ToothFairy3F_052 tooth=46
[2026-06-01 08:14:05,332] INFO - inferred case=ToothFairy3F_052 tooth=47
[2026-06-01 08:14:10,281] INFO - stitched case=ToothFairy3F_040
[2026-06-01 08:14:14,466] INFO - stitched case=ToothFairy3F_044
[2026-06-01 08:14:18,975] INFO - stitched case=ToothFairy3F_052
[finished_at] 2026-06-01T08:14:20.058408+00:00
[returncode] 0
