[started_at] 2026-06-01T08:11:59.813509+00:00
[cmd] /usr/local/miniconda3/envs/py310/bin/python -m src.infer --config /root/cej_isolated_runs/C/stage1_data_learning_curve_20260601_075445/experiments/pct020/config/best_theta_0.20.yaml
[2026-06-01 08:12:05,758] INFO - inferred case=ToothFairy3F_040 tooth=11
[2026-06-01 08:12:05,965] INFO - inferred case=ToothFairy3F_040 tooth=12
[2026-06-01 08:12:06,223] INFO - inferred case=ToothFairy3F_040 tooth=13
[2026-06-01 08:12:06,428] INFO - inferred case=ToothFairy3F_040 tooth=14
[2026-06-01 08:12:06,684] INFO - inferred case=ToothFairy3F_040 tooth=15
[2026-06-01 08:12:06,944] INFO - inferred case=ToothFairy3F_040 tooth=16
[2026-06-01 08:12:07,199] INFO - inferred case=ToothFairy3F_040 tooth=17
[2026-06-01 08:12:07,371] INFO - inferred case=ToothFairy3F_040 tooth=21
[2026-06-01 08:12:07,517] INFO - inferred case=ToothFairy3F_040 tooth=22
[2026-06-01 08:12:07,675] INFO - inferred case=ToothFairy3F_040 tooth=23
[2026-06-01 08:12:07,825] INFO - inferred case=ToothFairy3F_040 tooth=24
[2026-06-01 08:12:07,972] INFO - inferred case=ToothFairy3F_040 tooth=25
[2026-06-01 08:12:08,177] INFO - inferred case=ToothFairy3F_040 tooth=26
[2026-06-01 08:12:08,380] INFO - inferred case=ToothFairy3F_040 tooth=27
[2026-06-01 08:12:08,585] INFO - inferred case=ToothFairy3F_040 tooth=31
[2026-06-01 08:12:08,818] INFO - inferred case=ToothFairy3F_040 tooth=32
[2026-06-01 08:12:09,101] INFO - inferred case=ToothFairy3F_040 tooth=33
[2026-06-01 08:12:09,352] INFO - inferred case=ToothFairy3F_040 tooth=34
[2026-06-01 08:12:09,630] INFO - inferred case=ToothFairy3F_040 tooth=35
[2026-06-01 08:12:09,975] INFO - inferred case=ToothFairy3F_040 tooth=36
[2026-06-01 08:12:10,359] INFO - inferred case=ToothFairy3F_040 tooth=37
[2026-06-01 08:12:10,730] INFO - inferred case=ToothFairy3F_040 tooth=38
[2026-06-01 08:12:10,961] INFO - inferred case=ToothFairy3F_040 tooth=41
[2026-06-01 08:12:11,167] INFO - inferred case=ToothFairy3F_040 tooth=42
[2026-06-01 08:12:11,423] INFO - inferred case=ToothFairy3F_040 tooth=43
[2026-06-01 08:12:11,709] INFO - inferred case=ToothFairy3F_040 tooth=44
[2026-06-01 08:12:11,937] INFO - inferred case=ToothFairy3F_040 tooth=45
[2026-06-01 08:12:12,412] INFO - inferred case=ToothFairy3F_040 tooth=46
[2026-06-01 08:12:12,927] INFO - inferred case=ToothFairy3F_040 tooth=47
[2026-06-01 08:12:13,383] INFO - inferred case=ToothFairy3F_040 tooth=48
[2026-06-01 08:12:13,620] INFO - inferred case=ToothFairy3F_044 tooth=11
[2026-06-01 08:12:13,827] INFO - inferred case=ToothFairy3F_044 tooth=12
[2026-06-01 08:12:14,028] INFO - inferred case=ToothFairy3F_044 tooth=13
[2026-06-01 08:12:14,224] INFO - inferred case=ToothFairy3F_044 tooth=14
[2026-06-01 08:12:14,404] INFO - inferred case=ToothFairy3F_044 tooth=15
[2026-06-01 08:12:14,674] INFO - inferred case=ToothFairy3F_044 tooth=16
[2026-06-01 08:12:14,858] INFO - inferred case=ToothFairy3F_044 tooth=21
[2026-06-01 08:12:15,116] INFO - inferred case=ToothFairy3F_044 tooth=22
[2026-06-01 08:12:15,311] INFO - inferred case=ToothFairy3F_044 tooth=23
[2026-06-01 08:12:15,530] INFO - inferred case=ToothFairy3F_044 tooth=24
[2026-06-01 08:12:15,726] INFO - inferred case=ToothFairy3F_044 tooth=25
[2026-06-01 08:12:16,171] INFO - inferred case=ToothFairy3F_044 tooth=26
[2026-06-01 08:12:16,540] INFO - inferred case=ToothFairy3F_044 tooth=27
[2026-06-01 08:12:16,790] INFO - inferred case=ToothFairy3F_044 tooth=28
[2026-06-01 08:12:17,019] INFO - inferred case=ToothFairy3F_044 tooth=31
[2026-06-01 08:12:17,239] INFO - inferred case=ToothFairy3F_044 tooth=32
[2026-06-01 08:12:17,514] INFO - inferred case=ToothFairy3F_044 tooth=33
[2026-06-01 08:12:17,769] INFO - inferred case=ToothFairy3F_044 tooth=34
[2026-06-01 08:12:18,022] INFO - inferred case=ToothFairy3F_044 tooth=35
[2026-06-01 08:12:18,383] INFO - inferred case=ToothFairy3F_044 tooth=36
[2026-06-01 08:12:18,588] INFO - inferred case=ToothFairy3F_044 tooth=41
[2026-06-01 08:12:18,797] INFO - inferred case=ToothFairy3F_044 tooth=42
[2026-06-01 08:12:19,073] INFO - inferred case=ToothFairy3F_044 tooth=43
[2026-06-01 08:12:19,311] INFO - inferred case=ToothFairy3F_044 tooth=44
[2026-06-01 08:12:19,553] INFO - inferred case=ToothFairy3F_044 tooth=45
[2026-06-01 08:12:20,001] INFO - inferred case=ToothFairy3F_044 tooth=46
[2026-06-01 08:12:20,401] INFO - inferred case=ToothFairy3F_044 tooth=47
[2026-06-01 08:12:20,741] INFO - inferred case=ToothFairy3F_044 tooth=48
[2026-06-01 08:12:20,961] INFO - inferred case=ToothFairy3F_052 tooth=11
[2026-06-01 08:12:21,163] INFO - inferred case=ToothFairy3F_052 tooth=12
[2026-06-01 08:12:21,393] INFO - inferred case=ToothFairy3F_052 tooth=13
[2026-06-01 08:12:21,615] INFO - inferred case=ToothFairy3F_052 tooth=14
[2026-06-01 08:12:21,844] INFO - inferred case=ToothFairy3F_052 tooth=15
[2026-06-01 08:12:22,155] INFO - inferred case=ToothFairy3F_052 tooth=16
[2026-06-01 08:12:22,462] INFO - inferred case=ToothFairy3F_052 tooth=17
[2026-06-01 08:12:22,708] INFO - inferred case=ToothFairy3F_052 tooth=18
[2026-06-01 08:12:22,931] INFO - inferred case=ToothFairy3F_052 tooth=21
[2026-06-01 08:12:23,158] INFO - inferred case=ToothFairy3F_052 tooth=22
[2026-06-01 08:12:23,395] INFO - inferred case=ToothFairy3F_052 tooth=23
[2026-06-01 08:12:23,621] INFO - inferred case=ToothFairy3F_052 tooth=24
[2026-06-01 08:12:23,835] INFO - inferred case=ToothFairy3F_052 tooth=25
[2026-06-01 08:12:24,140] INFO - inferred case=ToothFairy3F_052 tooth=26
[2026-06-01 08:12:24,547] INFO - inferred case=ToothFairy3F_052 tooth=27
[2026-06-01 08:12:24,805] INFO - inferred case=ToothFairy3F_052 tooth=31
[2026-06-01 08:12:25,066] INFO - inferred case=ToothFairy3F_052 tooth=32
[2026-06-01 08:12:25,347] INFO - inferred case=ToothFairy3F_052 tooth=33
[2026-06-01 08:12:25,586] INFO - inferred case=ToothFairy3F_052 tooth=34
[2026-06-01 08:12:25,901] INFO - inferred case=ToothFairy3F_052 tooth=35
[2026-06-01 08:12:26,257] INFO - inferred case=ToothFairy3F_052 tooth=36
[2026-06-01 08:12:26,601] INFO - inferred case=ToothFairy3F_052 tooth=37
[2026-06-01 08:12:26,970] INFO - inferred case=ToothFairy3F_052 tooth=38
[2026-06-01 08:12:27,257] INFO - inferred case=ToothFairy3F_052 tooth=41
[2026-06-01 08:12:27,522] INFO - inferred case=ToothFairy3F_052 tooth=42
[2026-06-01 08:12:27,809] INFO - inferred case=ToothFairy3F_052 tooth=43
[2026-06-01 08:12:28,034] INFO - inferred case=ToothFairy3F_052 tooth=44
[2026-06-01 08:12:28,286] INFO - inferred case=ToothFairy3F_052 tooth=45
[2026-06-01 08:12:28,636] INFO - inferred case=ToothFairy3F_052 tooth=46
[2026-06-01 08:12:28,971] INFO - inferred case=ToothFairy3F_052 tooth=47
[2026-06-01 08:12:33,473] INFO - stitched case=ToothFairy3F_040
[2026-06-01 08:12:37,796] INFO - stitched case=ToothFairy3F_044
[2026-06-01 08:12:42,551] INFO - stitched case=ToothFairy3F_052
[finished_at] 2026-06-01T08:12:43.713456+00:00
[returncode] 0
