[started_at] 2026-06-01T08:12:48.372292+00:00
[cmd] /usr/local/miniconda3/envs/py310/bin/python -m src.infer --config /root/cej_isolated_runs/C/stage1_data_learning_curve_20260601_075445/experiments/pct020/config/best_theta_0.25.yaml
[2026-06-01 08:12:54,145] INFO - inferred case=ToothFairy3F_040 tooth=11
[2026-06-01 08:12:54,376] INFO - inferred case=ToothFairy3F_040 tooth=12
[2026-06-01 08:12:54,606] INFO - inferred case=ToothFairy3F_040 tooth=13
[2026-06-01 08:12:54,769] INFO - inferred case=ToothFairy3F_040 tooth=14
[2026-06-01 08:12:55,012] INFO - inferred case=ToothFairy3F_040 tooth=15
[2026-06-01 08:12:55,338] INFO - inferred case=ToothFairy3F_040 tooth=16
[2026-06-01 08:12:55,596] INFO - inferred case=ToothFairy3F_040 tooth=17
[2026-06-01 08:12:55,866] INFO - inferred case=ToothFairy3F_040 tooth=21
[2026-06-01 08:12:56,037] INFO - inferred case=ToothFairy3F_040 tooth=22
[2026-06-01 08:12:56,329] INFO - inferred case=ToothFairy3F_040 tooth=23
[2026-06-01 08:12:56,565] INFO - inferred case=ToothFairy3F_040 tooth=24
[2026-06-01 08:12:56,788] INFO - inferred case=ToothFairy3F_040 tooth=25
[2026-06-01 08:12:57,080] INFO - inferred case=ToothFairy3F_040 tooth=26
[2026-06-01 08:12:57,325] INFO - inferred case=ToothFairy3F_040 tooth=27
[2026-06-01 08:12:57,916] INFO - inferred case=ToothFairy3F_040 tooth=31
[2026-06-01 08:12:58,176] INFO - inferred case=ToothFairy3F_040 tooth=32
[2026-06-01 08:12:58,474] INFO - inferred case=ToothFairy3F_040 tooth=33
[2026-06-01 08:12:58,726] INFO - inferred case=ToothFairy3F_040 tooth=34
[2026-06-01 08:12:59,030] INFO - inferred case=ToothFairy3F_040 tooth=35
[2026-06-01 08:12:59,366] INFO - inferred case=ToothFairy3F_040 tooth=36
[2026-06-01 08:12:59,804] INFO - inferred case=ToothFairy3F_040 tooth=37
[2026-06-01 08:13:00,183] INFO - inferred case=ToothFairy3F_040 tooth=38
[2026-06-01 08:13:00,390] INFO - inferred case=ToothFairy3F_040 tooth=41
[2026-06-01 08:13:00,594] INFO - inferred case=ToothFairy3F_040 tooth=42
[2026-06-01 08:13:00,840] INFO - inferred case=ToothFairy3F_040 tooth=43
[2026-06-01 08:13:01,094] INFO - inferred case=ToothFairy3F_040 tooth=44
[2026-06-01 08:13:01,331] INFO - inferred case=ToothFairy3F_040 tooth=45
[2026-06-01 08:13:01,780] INFO - inferred case=ToothFairy3F_040 tooth=46
[2026-06-01 08:13:02,288] INFO - inferred case=ToothFairy3F_040 tooth=47
[2026-06-01 08:13:02,696] INFO - inferred case=ToothFairy3F_040 tooth=48
[2026-06-01 08:13:02,888] INFO - inferred case=ToothFairy3F_044 tooth=11
[2026-06-01 08:13:03,072] INFO - inferred case=ToothFairy3F_044 tooth=12
[2026-06-01 08:13:03,294] INFO - inferred case=ToothFairy3F_044 tooth=13
[2026-06-01 08:13:03,491] INFO - inferred case=ToothFairy3F_044 tooth=14
[2026-06-01 08:13:03,637] INFO - inferred case=ToothFairy3F_044 tooth=15
[2026-06-01 08:13:03,899] INFO - inferred case=ToothFairy3F_044 tooth=16
[2026-06-01 08:13:04,073] INFO - inferred case=ToothFairy3F_044 tooth=21
[2026-06-01 08:13:04,304] INFO - inferred case=ToothFairy3F_044 tooth=22
[2026-06-01 08:13:04,496] INFO - inferred case=ToothFairy3F_044 tooth=23
[2026-06-01 08:13:04,670] INFO - inferred case=ToothFairy3F_044 tooth=24
[2026-06-01 08:13:04,826] INFO - inferred case=ToothFairy3F_044 tooth=25
[2026-06-01 08:13:05,379] INFO - inferred case=ToothFairy3F_044 tooth=26
[2026-06-01 08:13:05,946] INFO - inferred case=ToothFairy3F_044 tooth=27
[2026-06-01 08:13:06,207] INFO - inferred case=ToothFairy3F_044 tooth=28
[2026-06-01 08:13:06,523] INFO - inferred case=ToothFairy3F_044 tooth=31
[2026-06-01 08:13:06,781] INFO - inferred case=ToothFairy3F_044 tooth=32
[2026-06-01 08:13:07,104] INFO - inferred case=ToothFairy3F_044 tooth=33
[2026-06-01 08:13:07,373] INFO - inferred case=ToothFairy3F_044 tooth=34
[2026-06-01 08:13:07,630] INFO - inferred case=ToothFairy3F_044 tooth=35
[2026-06-01 08:13:07,999] INFO - inferred case=ToothFairy3F_044 tooth=36
[2026-06-01 08:13:08,227] INFO - inferred case=ToothFairy3F_044 tooth=41
[2026-06-01 08:13:08,474] INFO - inferred case=ToothFairy3F_044 tooth=42
[2026-06-01 08:13:08,774] INFO - inferred case=ToothFairy3F_044 tooth=43
[2026-06-01 08:13:09,018] INFO - inferred case=ToothFairy3F_044 tooth=44
[2026-06-01 08:13:09,266] INFO - inferred case=ToothFairy3F_044 tooth=45
[2026-06-01 08:13:09,723] INFO - inferred case=ToothFairy3F_044 tooth=46
[2026-06-01 08:13:10,131] INFO - inferred case=ToothFairy3F_044 tooth=47
[2026-06-01 08:13:10,479] INFO - inferred case=ToothFairy3F_044 tooth=48
[2026-06-01 08:13:10,734] INFO - inferred case=ToothFairy3F_052 tooth=11
[2026-06-01 08:13:10,987] INFO - inferred case=ToothFairy3F_052 tooth=12
[2026-06-01 08:13:11,222] INFO - inferred case=ToothFairy3F_052 tooth=13
[2026-06-01 08:13:11,450] INFO - inferred case=ToothFairy3F_052 tooth=14
[2026-06-01 08:13:11,698] INFO - inferred case=ToothFairy3F_052 tooth=15
[2026-06-01 08:13:12,008] INFO - inferred case=ToothFairy3F_052 tooth=16
[2026-06-01 08:13:12,322] INFO - inferred case=ToothFairy3F_052 tooth=17
[2026-06-01 08:13:12,568] INFO - inferred case=ToothFairy3F_052 tooth=18
[2026-06-01 08:13:12,796] INFO - inferred case=ToothFairy3F_052 tooth=21
[2026-06-01 08:13:13,036] INFO - inferred case=ToothFairy3F_052 tooth=22
[2026-06-01 08:13:13,271] INFO - inferred case=ToothFairy3F_052 tooth=23
[2026-06-01 08:13:13,503] INFO - inferred case=ToothFairy3F_052 tooth=24
[2026-06-01 08:13:13,724] INFO - inferred case=ToothFairy3F_052 tooth=25
[2026-06-01 08:13:14,034] INFO - inferred case=ToothFairy3F_052 tooth=26
[2026-06-01 08:13:14,322] INFO - inferred case=ToothFairy3F_052 tooth=27
[2026-06-01 08:13:14,515] INFO - inferred case=ToothFairy3F_052 tooth=31
[2026-06-01 08:13:14,741] INFO - inferred case=ToothFairy3F_052 tooth=32
[2026-06-01 08:13:14,998] INFO - inferred case=ToothFairy3F_052 tooth=33
[2026-06-01 08:13:15,244] INFO - inferred case=ToothFairy3F_052 tooth=34
[2026-06-01 08:13:15,520] INFO - inferred case=ToothFairy3F_052 tooth=35
[2026-06-01 08:13:15,956] INFO - inferred case=ToothFairy3F_052 tooth=36
[2026-06-01 08:13:16,359] INFO - inferred case=ToothFairy3F_052 tooth=37
[2026-06-01 08:13:16,678] INFO - inferred case=ToothFairy3F_052 tooth=38
[2026-06-01 08:13:16,960] INFO - inferred case=ToothFairy3F_052 tooth=41
[2026-06-01 08:13:17,237] INFO - inferred case=ToothFairy3F_052 tooth=42
[2026-06-01 08:13:17,498] INFO - inferred case=ToothFairy3F_052 tooth=43
[2026-06-01 08:13:17,749] INFO - inferred case=ToothFairy3F_052 tooth=44
[2026-06-01 08:13:17,994] INFO - inferred case=ToothFairy3F_052 tooth=45
[2026-06-01 08:13:18,362] INFO - inferred case=ToothFairy3F_052 tooth=46
[2026-06-01 08:13:18,704] INFO - inferred case=ToothFairy3F_052 tooth=47
[2026-06-01 08:13:23,560] INFO - stitched case=ToothFairy3F_040
[2026-06-01 08:13:28,027] INFO - stitched case=ToothFairy3F_044
[2026-06-01 08:13:32,129] INFO - stitched case=ToothFairy3F_052
[finished_at] 2026-06-01T08:13:33.133126+00:00
[returncode] 0
