[started_at] 2026-06-01T08:14:24.851880+00:00
[cmd] /usr/local/miniconda3/envs/py310/bin/python -m src.infer --config /root/cej_isolated_runs/C/stage1_data_learning_curve_20260601_075445/experiments/pct020/config/best_theta_0.35.yaml
[2026-06-01 08:14:30,571] INFO - inferred case=ToothFairy3F_040 tooth=11
[2026-06-01 08:14:30,747] INFO - inferred case=ToothFairy3F_040 tooth=12
[2026-06-01 08:14:30,970] INFO - inferred case=ToothFairy3F_040 tooth=13
[2026-06-01 08:14:31,137] INFO - inferred case=ToothFairy3F_040 tooth=14
[2026-06-01 08:14:31,328] INFO - inferred case=ToothFairy3F_040 tooth=15
[2026-06-01 08:14:31,561] INFO - inferred case=ToothFairy3F_040 tooth=16
[2026-06-01 08:14:31,812] INFO - inferred case=ToothFairy3F_040 tooth=17
[2026-06-01 08:14:31,982] INFO - inferred case=ToothFairy3F_040 tooth=21
[2026-06-01 08:14:32,137] INFO - inferred case=ToothFairy3F_040 tooth=22
[2026-06-01 08:14:32,310] INFO - inferred case=ToothFairy3F_040 tooth=23
[2026-06-01 08:14:32,470] INFO - inferred case=ToothFairy3F_040 tooth=24
[2026-06-01 08:14:32,626] INFO - inferred case=ToothFairy3F_040 tooth=25
[2026-06-01 08:14:32,836] INFO - inferred case=ToothFairy3F_040 tooth=26
[2026-06-01 08:14:33,050] INFO - inferred case=ToothFairy3F_040 tooth=27
[2026-06-01 08:14:33,263] INFO - inferred case=ToothFairy3F_040 tooth=31
[2026-06-01 08:14:33,502] INFO - inferred case=ToothFairy3F_040 tooth=32
[2026-06-01 08:14:33,789] INFO - inferred case=ToothFairy3F_040 tooth=33
[2026-06-01 08:14:34,044] INFO - inferred case=ToothFairy3F_040 tooth=34
[2026-06-01 08:14:34,303] INFO - inferred case=ToothFairy3F_040 tooth=35
[2026-06-01 08:14:34,663] INFO - inferred case=ToothFairy3F_040 tooth=36
[2026-06-01 08:14:35,036] INFO - inferred case=ToothFairy3F_040 tooth=37
[2026-06-01 08:14:35,507] INFO - inferred case=ToothFairy3F_040 tooth=38
[2026-06-01 08:14:35,745] INFO - inferred case=ToothFairy3F_040 tooth=41
[2026-06-01 08:14:35,995] INFO - inferred case=ToothFairy3F_040 tooth=42
[2026-06-01 08:14:36,284] INFO - inferred case=ToothFairy3F_040 tooth=43
[2026-06-01 08:14:36,644] INFO - inferred case=ToothFairy3F_040 tooth=44
[2026-06-01 08:14:36,957] INFO - inferred case=ToothFairy3F_040 tooth=45
[2026-06-01 08:14:37,456] INFO - inferred case=ToothFairy3F_040 tooth=46
[2026-06-01 08:14:37,836] INFO - inferred case=ToothFairy3F_040 tooth=47
[2026-06-01 08:14:38,237] INFO - inferred case=ToothFairy3F_040 tooth=48
[2026-06-01 08:14:38,429] INFO - inferred case=ToothFairy3F_044 tooth=11
[2026-06-01 08:14:38,612] INFO - inferred case=ToothFairy3F_044 tooth=12
[2026-06-01 08:14:38,808] INFO - inferred case=ToothFairy3F_044 tooth=13
[2026-06-01 08:14:39,000] INFO - inferred case=ToothFairy3F_044 tooth=14
[2026-06-01 08:14:39,144] INFO - inferred case=ToothFairy3F_044 tooth=15
[2026-06-01 08:14:39,403] INFO - inferred case=ToothFairy3F_044 tooth=16
[2026-06-01 08:14:39,580] INFO - inferred case=ToothFairy3F_044 tooth=21
[2026-06-01 08:14:39,767] INFO - inferred case=ToothFairy3F_044 tooth=22
[2026-06-01 08:14:39,960] INFO - inferred case=ToothFairy3F_044 tooth=23
[2026-06-01 08:14:40,133] INFO - inferred case=ToothFairy3F_044 tooth=24
[2026-06-01 08:14:40,289] INFO - inferred case=ToothFairy3F_044 tooth=25
[2026-06-01 08:14:40,714] INFO - inferred case=ToothFairy3F_044 tooth=26
[2026-06-01 08:14:41,045] INFO - inferred case=ToothFairy3F_044 tooth=27
[2026-06-01 08:14:41,230] INFO - inferred case=ToothFairy3F_044 tooth=28
[2026-06-01 08:14:41,436] INFO - inferred case=ToothFairy3F_044 tooth=31
[2026-06-01 08:14:41,655] INFO - inferred case=ToothFairy3F_044 tooth=32
[2026-06-01 08:14:41,925] INFO - inferred case=ToothFairy3F_044 tooth=33
[2026-06-01 08:14:42,174] INFO - inferred case=ToothFairy3F_044 tooth=34
[2026-06-01 08:14:42,426] INFO - inferred case=ToothFairy3F_044 tooth=35
[2026-06-01 08:14:42,786] INFO - inferred case=ToothFairy3F_044 tooth=36
[2026-06-01 08:14:42,987] INFO - inferred case=ToothFairy3F_044 tooth=41
[2026-06-01 08:14:43,194] INFO - inferred case=ToothFairy3F_044 tooth=42
[2026-06-01 08:14:43,472] INFO - inferred case=ToothFairy3F_044 tooth=43
[2026-06-01 08:14:43,709] INFO - inferred case=ToothFairy3F_044 tooth=44
[2026-06-01 08:14:43,951] INFO - inferred case=ToothFairy3F_044 tooth=45
[2026-06-01 08:14:44,406] INFO - inferred case=ToothFairy3F_044 tooth=46
[2026-06-01 08:14:44,780] INFO - inferred case=ToothFairy3F_044 tooth=47
[2026-06-01 08:14:45,123] INFO - inferred case=ToothFairy3F_044 tooth=48
[2026-06-01 08:14:45,413] INFO - inferred case=ToothFairy3F_052 tooth=11
[2026-06-01 08:14:45,617] INFO - inferred case=ToothFairy3F_052 tooth=12
[2026-06-01 08:14:45,876] INFO - inferred case=ToothFairy3F_052 tooth=13
[2026-06-01 08:14:46,135] INFO - inferred case=ToothFairy3F_052 tooth=14
[2026-06-01 08:14:46,407] INFO - inferred case=ToothFairy3F_052 tooth=15
[2026-06-01 08:14:46,753] INFO - inferred case=ToothFairy3F_052 tooth=16
[2026-06-01 08:14:47,063] INFO - inferred case=ToothFairy3F_052 tooth=17
[2026-06-01 08:14:47,319] INFO - inferred case=ToothFairy3F_052 tooth=18
[2026-06-01 08:14:47,551] INFO - inferred case=ToothFairy3F_052 tooth=21
[2026-06-01 08:14:47,785] INFO - inferred case=ToothFairy3F_052 tooth=22
[2026-06-01 08:14:48,024] INFO - inferred case=ToothFairy3F_052 tooth=23
[2026-06-01 08:14:48,259] INFO - inferred case=ToothFairy3F_052 tooth=24
[2026-06-01 08:14:48,482] INFO - inferred case=ToothFairy3F_052 tooth=25
[2026-06-01 08:14:48,802] INFO - inferred case=ToothFairy3F_052 tooth=26
[2026-06-01 08:14:49,101] INFO - inferred case=ToothFairy3F_052 tooth=27
[2026-06-01 08:14:49,296] INFO - inferred case=ToothFairy3F_052 tooth=31
[2026-06-01 08:14:49,526] INFO - inferred case=ToothFairy3F_052 tooth=32
[2026-06-01 08:14:49,774] INFO - inferred case=ToothFairy3F_052 tooth=33
[2026-06-01 08:14:49,978] INFO - inferred case=ToothFairy3F_052 tooth=34
[2026-06-01 08:14:50,241] INFO - inferred case=ToothFairy3F_052 tooth=35
[2026-06-01 08:14:50,550] INFO - inferred case=ToothFairy3F_052 tooth=36
[2026-06-01 08:14:50,870] INFO - inferred case=ToothFairy3F_052 tooth=37
[2026-06-01 08:14:51,194] INFO - inferred case=ToothFairy3F_052 tooth=38
[2026-06-01 08:14:51,391] INFO - inferred case=ToothFairy3F_052 tooth=41
[2026-06-01 08:14:51,583] INFO - inferred case=ToothFairy3F_052 tooth=42
[2026-06-01 08:14:51,810] INFO - inferred case=ToothFairy3F_052 tooth=43
[2026-06-01 08:14:52,028] INFO - inferred case=ToothFairy3F_052 tooth=44
[2026-06-01 08:14:52,273] INFO - inferred case=ToothFairy3F_052 tooth=45
[2026-06-01 08:14:52,620] INFO - inferred case=ToothFairy3F_052 tooth=46
[2026-06-01 08:14:52,943] INFO - inferred case=ToothFairy3F_052 tooth=47
[2026-06-01 08:14:57,933] INFO - stitched case=ToothFairy3F_040
[2026-06-01 08:15:01,451] INFO - stitched case=ToothFairy3F_044
[2026-06-01 08:15:05,481] INFO - stitched case=ToothFairy3F_052
[finished_at] 2026-06-01T08:15:06.393804+00:00
[returncode] 0
