[started_at] 2026-06-01T08:03:12.779777+00:00
[cmd] /usr/local/miniconda3/envs/py310/bin/python -m src.train_loss_earlystop --config /root/cej_isolated_runs/C/stage1_data_learning_curve_20260601_075445/experiments/pct020/config/train.yaml
[2026-06-01 08:03:19,667] INFO - loaded pretrained=/root/cej_isolated_runs/C/stage1_data_learning_curve_20260601_075445/input/checkpoints/unsup_last.pt strict=False loaded_tensors=114 missing=0 unexpected=0 skipped_mismatch=0
[2026-06-01 08:04:40,121] INFO - epoch=0 train_loss=1.688817 holdout_loss=1.459555 score=9.418932 sym_p95=69.19537353515625 manual_p95=4.220741415023802 manual_sr1=0.37019607843137253 no_curve=0 bad_rate=1.0000 vox03=882479.3846153846 cc=428.4 wrap=0.44594284027378267 best_score=None best_epoch=None patience=0/8 active=False
[2026-06-01 08:05:06,479] INFO - epoch=1 train_loss=1.439288 holdout_loss=1.272798 score=16.973949 sym_p95=76.49182891845703 manual_p95=4.761257982254027 manual_sr1=0.15058823529411763 no_curve=0 bad_rate=1.0000 vox03=88679.41538461538 cc=1195.5846153846153 wrap=0.2142534617789588 best_score=None best_epoch=None patience=0/8 active=False
[2026-06-01 08:05:27,748] INFO - epoch=2 train_loss=1.218972 holdout_loss=1.095450 score=7.208502 sym_p95=44.96665573120117 manual_p95=8.01390562057495 manual_sr1=0.1011764705882353 no_curve=0 bad_rate=1.0000 vox03=25322.415384615386 cc=272.7230769230769 wrap=0.14743392766284255 best_score=None best_epoch=None patience=0/8 active=False
[2026-06-01 08:05:48,696] INFO - epoch=3 train_loss=1.028748 holdout_loss=0.966805 score=11.087506 sym_p95=44.41846466064453 manual_p95=11.779850482940674 manual_sr1=0.11764705882352941 no_curve=0 bad_rate=0.9385 vox03=16944.353846153845 cc=671.9846153846154 wrap=0.14140293147219762 best_score=None best_epoch=None patience=0/8 active=False
[2026-06-01 08:06:08,434] INFO - epoch=4 train_loss=0.829296 holdout_loss=0.783714 score=4.627850 sym_p95=43.382022857666016 manual_p95=13.826179790496825 manual_sr1=0.09176470588235294 no_curve=0 bad_rate=0.8615 vox03=12908.23076923077 cc=71.07692307692308 wrap=0.12535342192485882 best_score=None best_epoch=None patience=0/8 active=False
[2026-06-01 08:06:28,117] INFO - epoch=5 train_loss=0.616745 holdout_loss=0.729059 score=2.301568 sym_p95=18.16590118408203 manual_p95=11.977300071716307 manual_sr1=0.09098039215686274 no_curve=0 bad_rate=0.9385 vox03=17085.984615384616 cc=17.16923076923077 wrap=0.111869069209642 best_score=None best_epoch=None patience=0/8 active=False
[2026-06-01 08:06:48,280] INFO - epoch=6 train_loss=0.503561 holdout_loss=0.677118 score=2.629739 sym_p95=17.972200393676758 manual_p95=64.63111457824051 manual_sr1=0.08941176470588236 no_curve=3 bad_rate=0.6923 vox03=10184.523076923077 cc=4.2153846153846155 wrap=0.12227105494025498 best_score=None best_epoch=None patience=0/8 active=False
[2026-06-01 08:07:08,662] INFO - epoch=7 train_loss=0.469486 holdout_loss=0.640892 score=1.713809 sym_p95=13.190905570983887 manual_p95=13.491069030761718 manual_sr1=0.1011764705882353 no_curve=0 bad_rate=0.6769 vox03=9001.292307692307 cc=3.8461538461538463 wrap=0.14265850351169107 best_score=None best_epoch=None patience=0/8 active=False
[2026-06-01 08:07:29,174] INFO - epoch=8 train_loss=0.447504 holdout_loss=0.619971 score=2.075304 sym_p95=13.304134368896484 manual_p95=13.320970439910887 manual_sr1=0.09803921568627451 no_curve=1 bad_rate=0.6154 vox03=11141.430769230768 cc=2.6769230769230767 wrap=0.14107345999058726 best_score=None best_epoch=None patience=0/8 active=False
[2026-06-01 08:07:49,021] INFO - epoch=9 train_loss=0.429493 holdout_loss=0.660896 score=2.568212 sym_p95=17.464248657226562 manual_p95=66.10999488829921 manual_sr1=0.09019607843137255 no_curve=3 bad_rate=0.7077 vox03=9915.276923076923 cc=2.9076923076923076 wrap=0.12674780312762443 best_score=None best_epoch=None patience=0/8 active=False
[2026-06-01 08:08:20,107] INFO - epoch=10 train_loss=0.433850 holdout_loss=0.714067 score=5.208656 sym_p95=175.234130859375 manual_p95=176.35886535644514 manual_sr1=0.08 no_curve=7 bad_rate=0.7077 vox03=8435.523076923077 cc=2.6 wrap=0.10511539483102549 best_score=5.208655606235339 best_epoch=10 patience=0/8 active=True
[2026-06-01 08:08:50,606] INFO - epoch=11 train_loss=0.420671 holdout_loss=0.646279 score=4.984642 sym_p95=165.56268310546875 manual_p95=172.81345062255843 manual_sr1=0.09725490196078432 no_curve=5 bad_rate=0.6308 vox03=8846.707692307693 cc=1.6923076923076923 wrap=0.12729773302056432 best_score=4.984641744158393 best_epoch=11 patience=0/8 active=True
[2026-06-01 08:09:21,581] INFO - epoch=12 train_loss=0.413674 holdout_loss=0.627003 score=2.265697 sym_p95=14.798648834228516 manual_p95=17.257552528381346 manual_sr1=0.08235294117647059 no_curve=2 bad_rate=0.6615 vox03=10328.6 cc=1.9692307692307693 wrap=0.1120924345454577 best_score=2.265697469824363 best_epoch=12 patience=0/8 active=True
[2026-06-01 08:09:41,445] INFO - epoch=13 train_loss=0.411823 holdout_loss=0.687216 score=5.015773 sym_p95=165.56268310546875 manual_p95=172.81345062255843 manual_sr1=0.08392156862745098 no_curve=5 bad_rate=0.6769 vox03=7100.307692307692 cc=1.5384615384615385 wrap=0.12193534055774943 best_score=2.265697469824363 best_epoch=12 patience=1/8 active=True
[2026-06-01 08:10:00,796] INFO - epoch=14 train_loss=0.408571 holdout_loss=0.648682 score=4.988399 sym_p95=165.56268310546875 manual_p95=172.81345062255843 manual_sr1=0.09490196078431372 no_curve=5 bad_rate=0.6769 vox03=8749.415384615384 cc=1.523076923076923 wrap=0.12604245522486 best_score=2.265697469824363 best_epoch=12 patience=2/8 active=True
[2026-06-01 08:10:20,590] INFO - epoch=15 train_loss=0.406386 holdout_loss=0.661066 score=4.993603 sym_p95=165.56268310546875 manual_p95=172.81345062255843 manual_sr1=0.10588235294117647 no_curve=5 bad_rate=0.6615 vox03=8539.184615384615 cc=1.6 wrap=0.13444075152637763 best_score=2.265697469824363 best_epoch=12 patience=3/8 active=True
[2026-06-01 08:10:39,982] INFO - epoch=16 train_loss=0.406495 holdout_loss=0.641146 score=4.981845 sym_p95=165.56268310546875 manual_p95=172.81345062255843 manual_sr1=0.09568627450980392 no_curve=5 bad_rate=0.6923 vox03=9308.892307692307 cc=1.2769230769230768 wrap=0.1268498455435556 best_score=2.265697469824363 best_epoch=12 patience=4/8 active=True
[2026-06-01 08:10:59,262] INFO - epoch=17 train_loss=0.403189 holdout_loss=0.668605 score=5.002146 sym_p95=165.56268310546875 manual_p95=172.81345062255843 manual_sr1=0.10901960784313726 no_curve=5 bad_rate=0.6769 vox03=8303.784615384615 cc=1.5384615384615385 wrap=0.1319240784171253 best_score=2.265697469824363 best_epoch=12 patience=5/8 active=True
[2026-06-01 08:11:18,983] INFO - epoch=18 train_loss=0.401777 holdout_loss=0.725932 score=5.368182 sym_p95=178.98324584960938 manual_p95=178.98324584960938 manual_sr1=0.09176470588235294 no_curve=9 bad_rate=0.7231 vox03=5779.9384615384615 cc=1.4307692307692308 wrap=0.1187404990326771 best_score=2.265697469824363 best_epoch=12 patience=6/8 active=True
[2026-06-01 08:11:38,390] INFO - epoch=19 train_loss=0.401964 holdout_loss=0.768959 score=5.732114 sym_p95=178.98324584960938 manual_p95=178.98324584960938 manual_sr1=0.08705882352941176 no_curve=13 bad_rate=0.7846 vox03=5078.307692307692 cc=1.476923076923077 wrap=0.10326918252573795 best_score=2.265697469824363 best_epoch=12 patience=7/8 active=True
[2026-06-01 08:11:58,508] INFO - epoch=20 train_loss=0.399296 holdout_loss=0.689786 score=5.020169 sym_p95=165.56268310546875 manual_p95=172.81345062255843 manual_sr1=0.0988235294117647 no_curve=5 bad_rate=0.6923 vox03=6259.523076923077 cc=1.7076923076923076 wrap=0.1273858077666083 best_score=2.265697469824363 best_epoch=12 patience=8/8 active=True
[2026-06-01 08:11:58,508] INFO - early stopping at epoch=20 best_epoch=12 best_composite_score=2.265697
[finished_at] 2026-06-01T08:11:59.800237+00:00
[returncode] 0
