[started_at] 2026-06-01T09:31:13.593366+00:00
[cmd] /usr/local/miniconda3/envs/py310/bin/python -m src.infer --config /root/cej_isolated_runs/C/stage1_data_learning_curve_20260601_075445/experiments/pct100/config/best_theta_0.30.yaml
[2026-06-01 09:31:19,409] INFO - inferred case=ToothFairy3F_040 tooth=11
[2026-06-01 09:31:19,650] INFO - inferred case=ToothFairy3F_040 tooth=12
[2026-06-01 09:31:19,870] INFO - inferred case=ToothFairy3F_040 tooth=13
[2026-06-01 09:31:20,023] INFO - inferred case=ToothFairy3F_040 tooth=14
[2026-06-01 09:31:20,202] INFO - inferred case=ToothFairy3F_040 tooth=15
[2026-06-01 09:31:20,424] INFO - inferred case=ToothFairy3F_040 tooth=16
[2026-06-01 09:31:20,686] INFO - inferred case=ToothFairy3F_040 tooth=17
[2026-06-01 09:31:20,844] INFO - inferred case=ToothFairy3F_040 tooth=21
[2026-06-01 09:31:20,992] INFO - inferred case=ToothFairy3F_040 tooth=22
[2026-06-01 09:31:21,154] INFO - inferred case=ToothFairy3F_040 tooth=23
[2026-06-01 09:31:21,302] INFO - inferred case=ToothFairy3F_040 tooth=24
[2026-06-01 09:31:21,448] INFO - inferred case=ToothFairy3F_040 tooth=25
[2026-06-01 09:31:21,657] INFO - inferred case=ToothFairy3F_040 tooth=26
[2026-06-01 09:31:21,845] INFO - inferred case=ToothFairy3F_040 tooth=27
[2026-06-01 09:31:22,059] INFO - inferred case=ToothFairy3F_040 tooth=31
[2026-06-01 09:31:22,304] INFO - inferred case=ToothFairy3F_040 tooth=32
[2026-06-01 09:31:22,595] INFO - inferred case=ToothFairy3F_040 tooth=33
[2026-06-01 09:31:22,856] INFO - inferred case=ToothFairy3F_040 tooth=34
[2026-06-01 09:31:23,117] INFO - inferred case=ToothFairy3F_040 tooth=35
[2026-06-01 09:31:23,510] INFO - inferred case=ToothFairy3F_040 tooth=36
[2026-06-01 09:31:23,875] INFO - inferred case=ToothFairy3F_040 tooth=37
[2026-06-01 09:31:24,239] INFO - inferred case=ToothFairy3F_040 tooth=38
[2026-06-01 09:31:24,453] INFO - inferred case=ToothFairy3F_040 tooth=41
[2026-06-01 09:31:24,666] INFO - inferred case=ToothFairy3F_040 tooth=42
[2026-06-01 09:31:24,914] INFO - inferred case=ToothFairy3F_040 tooth=43
[2026-06-01 09:31:25,229] INFO - inferred case=ToothFairy3F_040 tooth=44
[2026-06-01 09:31:25,509] INFO - inferred case=ToothFairy3F_040 tooth=45
[2026-06-01 09:31:25,909] INFO - inferred case=ToothFairy3F_040 tooth=46
[2026-06-01 09:31:26,271] INFO - inferred case=ToothFairy3F_040 tooth=47
[2026-06-01 09:31:26,832] INFO - inferred case=ToothFairy3F_040 tooth=48
[2026-06-01 09:31:27,034] INFO - inferred case=ToothFairy3F_044 tooth=11
[2026-06-01 09:31:27,269] INFO - inferred case=ToothFairy3F_044 tooth=12
[2026-06-01 09:31:27,490] INFO - inferred case=ToothFairy3F_044 tooth=13
[2026-06-01 09:31:27,694] INFO - inferred case=ToothFairy3F_044 tooth=14
[2026-06-01 09:31:27,851] INFO - inferred case=ToothFairy3F_044 tooth=15
[2026-06-01 09:31:28,106] INFO - inferred case=ToothFairy3F_044 tooth=16
[2026-06-01 09:31:28,279] INFO - inferred case=ToothFairy3F_044 tooth=21
[2026-06-01 09:31:28,485] INFO - inferred case=ToothFairy3F_044 tooth=22
[2026-06-01 09:31:28,667] INFO - inferred case=ToothFairy3F_044 tooth=23
[2026-06-01 09:31:28,851] INFO - inferred case=ToothFairy3F_044 tooth=24
[2026-06-01 09:31:29,012] INFO - inferred case=ToothFairy3F_044 tooth=25
[2026-06-01 09:31:29,287] INFO - inferred case=ToothFairy3F_044 tooth=26
[2026-06-01 09:31:29,493] INFO - inferred case=ToothFairy3F_044 tooth=27
[2026-06-01 09:31:29,678] INFO - inferred case=ToothFairy3F_044 tooth=28
[2026-06-01 09:31:29,897] INFO - inferred case=ToothFairy3F_044 tooth=31
[2026-06-01 09:31:30,128] INFO - inferred case=ToothFairy3F_044 tooth=32
[2026-06-01 09:31:30,414] INFO - inferred case=ToothFairy3F_044 tooth=33
[2026-06-01 09:31:30,676] INFO - inferred case=ToothFairy3F_044 tooth=34
[2026-06-01 09:31:30,939] INFO - inferred case=ToothFairy3F_044 tooth=35
[2026-06-01 09:31:31,307] INFO - inferred case=ToothFairy3F_044 tooth=36
[2026-06-01 09:31:31,522] INFO - inferred case=ToothFairy3F_044 tooth=41
[2026-06-01 09:31:31,746] INFO - inferred case=ToothFairy3F_044 tooth=42
[2026-06-01 09:31:32,034] INFO - inferred case=ToothFairy3F_044 tooth=43
[2026-06-01 09:31:32,280] INFO - inferred case=ToothFairy3F_044 tooth=44
[2026-06-01 09:31:32,532] INFO - inferred case=ToothFairy3F_044 tooth=45
[2026-06-01 09:31:32,900] INFO - inferred case=ToothFairy3F_044 tooth=46
[2026-06-01 09:31:33,303] INFO - inferred case=ToothFairy3F_044 tooth=47
[2026-06-01 09:31:33,657] INFO - inferred case=ToothFairy3F_044 tooth=48
[2026-06-01 09:31:33,886] INFO - inferred case=ToothFairy3F_052 tooth=11
[2026-06-01 09:31:34,088] INFO - inferred case=ToothFairy3F_052 tooth=12
[2026-06-01 09:31:34,324] INFO - inferred case=ToothFairy3F_052 tooth=13
[2026-06-01 09:31:34,552] INFO - inferred case=ToothFairy3F_052 tooth=14
[2026-06-01 09:31:34,787] INFO - inferred case=ToothFairy3F_052 tooth=15
[2026-06-01 09:31:35,133] INFO - inferred case=ToothFairy3F_052 tooth=16
[2026-06-01 09:31:35,470] INFO - inferred case=ToothFairy3F_052 tooth=17
[2026-06-01 09:31:35,729] INFO - inferred case=ToothFairy3F_052 tooth=18
[2026-06-01 09:31:36,020] INFO - inferred case=ToothFairy3F_052 tooth=21
[2026-06-01 09:31:36,305] INFO - inferred case=ToothFairy3F_052 tooth=22
[2026-06-01 09:31:36,602] INFO - inferred case=ToothFairy3F_052 tooth=23
[2026-06-01 09:31:36,908] INFO - inferred case=ToothFairy3F_052 tooth=24
[2026-06-01 09:31:37,185] INFO - inferred case=ToothFairy3F_052 tooth=25
[2026-06-01 09:31:37,549] INFO - inferred case=ToothFairy3F_052 tooth=26
[2026-06-01 09:31:37,859] INFO - inferred case=ToothFairy3F_052 tooth=27
[2026-06-01 09:31:38,133] INFO - inferred case=ToothFairy3F_052 tooth=31
[2026-06-01 09:31:38,454] INFO - inferred case=ToothFairy3F_052 tooth=32
[2026-06-01 09:31:38,712] INFO - inferred case=ToothFairy3F_052 tooth=33
[2026-06-01 09:31:38,918] INFO - inferred case=ToothFairy3F_052 tooth=34
[2026-06-01 09:31:39,174] INFO - inferred case=ToothFairy3F_052 tooth=35
[2026-06-01 09:31:39,492] INFO - inferred case=ToothFairy3F_052 tooth=36
[2026-06-01 09:31:39,803] INFO - inferred case=ToothFairy3F_052 tooth=37
[2026-06-01 09:31:40,096] INFO - inferred case=ToothFairy3F_052 tooth=38
[2026-06-01 09:31:40,295] INFO - inferred case=ToothFairy3F_052 tooth=41
[2026-06-01 09:31:40,496] INFO - inferred case=ToothFairy3F_052 tooth=42
[2026-06-01 09:31:40,726] INFO - inferred case=ToothFairy3F_052 tooth=43
[2026-06-01 09:31:40,937] INFO - inferred case=ToothFairy3F_052 tooth=44
[2026-06-01 09:31:41,178] INFO - inferred case=ToothFairy3F_052 tooth=45
[2026-06-01 09:31:41,523] INFO - inferred case=ToothFairy3F_052 tooth=46
[2026-06-01 09:31:41,817] INFO - inferred case=ToothFairy3F_052 tooth=47
[2026-06-01 09:31:45,881] INFO - stitched case=ToothFairy3F_040
[2026-06-01 09:31:49,733] INFO - stitched case=ToothFairy3F_044
[2026-06-01 09:31:53,669] INFO - stitched case=ToothFairy3F_052
[finished_at] 2026-06-01T09:31:54.665013+00:00
[returncode] 0
