[started_at] 2026-06-01T09:31:59.468946+00:00
[cmd] /usr/local/miniconda3/envs/py310/bin/python -m src.infer --config /root/cej_isolated_runs/C/stage1_data_learning_curve_20260601_075445/experiments/pct100/config/best_theta_0.35.yaml
[2026-06-01 09:32:05,172] INFO - inferred case=ToothFairy3F_040 tooth=11
[2026-06-01 09:32:05,417] INFO - inferred case=ToothFairy3F_040 tooth=12
[2026-06-01 09:32:05,663] INFO - inferred case=ToothFairy3F_040 tooth=13
[2026-06-01 09:32:05,890] INFO - inferred case=ToothFairy3F_040 tooth=14
[2026-06-01 09:32:06,108] INFO - inferred case=ToothFairy3F_040 tooth=15
[2026-06-01 09:32:06,333] INFO - inferred case=ToothFairy3F_040 tooth=16
[2026-06-01 09:32:06,646] INFO - inferred case=ToothFairy3F_040 tooth=17
[2026-06-01 09:32:06,892] INFO - inferred case=ToothFairy3F_040 tooth=21
[2026-06-01 09:32:07,107] INFO - inferred case=ToothFairy3F_040 tooth=22
[2026-06-01 09:32:07,274] INFO - inferred case=ToothFairy3F_040 tooth=23
[2026-06-01 09:32:07,454] INFO - inferred case=ToothFairy3F_040 tooth=24
[2026-06-01 09:32:07,655] INFO - inferred case=ToothFairy3F_040 tooth=25
[2026-06-01 09:32:07,871] INFO - inferred case=ToothFairy3F_040 tooth=26
[2026-06-01 09:32:08,070] INFO - inferred case=ToothFairy3F_040 tooth=27
[2026-06-01 09:32:08,285] INFO - inferred case=ToothFairy3F_040 tooth=31
[2026-06-01 09:32:08,565] INFO - inferred case=ToothFairy3F_040 tooth=32
[2026-06-01 09:32:08,862] INFO - inferred case=ToothFairy3F_040 tooth=33
[2026-06-01 09:32:09,132] INFO - inferred case=ToothFairy3F_040 tooth=34
[2026-06-01 09:32:09,392] INFO - inferred case=ToothFairy3F_040 tooth=35
[2026-06-01 09:32:09,830] INFO - inferred case=ToothFairy3F_040 tooth=36
[2026-06-01 09:32:10,183] INFO - inferred case=ToothFairy3F_040 tooth=37
[2026-06-01 09:32:10,551] INFO - inferred case=ToothFairy3F_040 tooth=38
[2026-06-01 09:32:10,772] INFO - inferred case=ToothFairy3F_040 tooth=41
[2026-06-01 09:32:10,997] INFO - inferred case=ToothFairy3F_040 tooth=42
[2026-06-01 09:32:11,251] INFO - inferred case=ToothFairy3F_040 tooth=43
[2026-06-01 09:32:11,510] INFO - inferred case=ToothFairy3F_040 tooth=44
[2026-06-01 09:32:11,742] INFO - inferred case=ToothFairy3F_040 tooth=45
[2026-06-01 09:32:12,084] INFO - inferred case=ToothFairy3F_040 tooth=46
[2026-06-01 09:32:12,428] INFO - inferred case=ToothFairy3F_040 tooth=47
[2026-06-01 09:32:12,866] INFO - inferred case=ToothFairy3F_040 tooth=48
[2026-06-01 09:32:13,055] INFO - inferred case=ToothFairy3F_044 tooth=11
[2026-06-01 09:32:13,246] INFO - inferred case=ToothFairy3F_044 tooth=12
[2026-06-01 09:32:13,432] INFO - inferred case=ToothFairy3F_044 tooth=13
[2026-06-01 09:32:13,633] INFO - inferred case=ToothFairy3F_044 tooth=14
[2026-06-01 09:32:13,786] INFO - inferred case=ToothFairy3F_044 tooth=15
[2026-06-01 09:32:14,040] INFO - inferred case=ToothFairy3F_044 tooth=16
[2026-06-01 09:32:14,212] INFO - inferred case=ToothFairy3F_044 tooth=21
[2026-06-01 09:32:14,413] INFO - inferred case=ToothFairy3F_044 tooth=22
[2026-06-01 09:32:14,597] INFO - inferred case=ToothFairy3F_044 tooth=23
[2026-06-01 09:32:14,781] INFO - inferred case=ToothFairy3F_044 tooth=24
[2026-06-01 09:32:15,001] INFO - inferred case=ToothFairy3F_044 tooth=25
[2026-06-01 09:32:15,290] INFO - inferred case=ToothFairy3F_044 tooth=26
[2026-06-01 09:32:15,532] INFO - inferred case=ToothFairy3F_044 tooth=27
[2026-06-01 09:32:15,755] INFO - inferred case=ToothFairy3F_044 tooth=28
[2026-06-01 09:32:16,008] INFO - inferred case=ToothFairy3F_044 tooth=31
[2026-06-01 09:32:16,308] INFO - inferred case=ToothFairy3F_044 tooth=32
[2026-06-01 09:32:16,611] INFO - inferred case=ToothFairy3F_044 tooth=33
[2026-06-01 09:32:16,963] INFO - inferred case=ToothFairy3F_044 tooth=34
[2026-06-01 09:32:17,270] INFO - inferred case=ToothFairy3F_044 tooth=35
[2026-06-01 09:32:17,676] INFO - inferred case=ToothFairy3F_044 tooth=36
[2026-06-01 09:32:17,886] INFO - inferred case=ToothFairy3F_044 tooth=41
[2026-06-01 09:32:18,098] INFO - inferred case=ToothFairy3F_044 tooth=42
[2026-06-01 09:32:18,375] INFO - inferred case=ToothFairy3F_044 tooth=43
[2026-06-01 09:32:18,612] INFO - inferred case=ToothFairy3F_044 tooth=44
[2026-06-01 09:32:18,850] INFO - inferred case=ToothFairy3F_044 tooth=45
[2026-06-01 09:32:19,202] INFO - inferred case=ToothFairy3F_044 tooth=46
[2026-06-01 09:32:19,580] INFO - inferred case=ToothFairy3F_044 tooth=47
[2026-06-01 09:32:19,913] INFO - inferred case=ToothFairy3F_044 tooth=48
[2026-06-01 09:32:20,160] INFO - inferred case=ToothFairy3F_052 tooth=11
[2026-06-01 09:32:20,424] INFO - inferred case=ToothFairy3F_052 tooth=12
[2026-06-01 09:32:20,714] INFO - inferred case=ToothFairy3F_052 tooth=13
[2026-06-01 09:32:21,016] INFO - inferred case=ToothFairy3F_052 tooth=14
[2026-06-01 09:32:21,286] INFO - inferred case=ToothFairy3F_052 tooth=15
[2026-06-01 09:32:21,662] INFO - inferred case=ToothFairy3F_052 tooth=16
[2026-06-01 09:32:22,060] INFO - inferred case=ToothFairy3F_052 tooth=17
[2026-06-01 09:32:22,359] INFO - inferred case=ToothFairy3F_052 tooth=18
[2026-06-01 09:32:22,598] INFO - inferred case=ToothFairy3F_052 tooth=21
[2026-06-01 09:32:22,826] INFO - inferred case=ToothFairy3F_052 tooth=22
[2026-06-01 09:32:23,049] INFO - inferred case=ToothFairy3F_052 tooth=23
[2026-06-01 09:32:23,280] INFO - inferred case=ToothFairy3F_052 tooth=24
[2026-06-01 09:32:23,493] INFO - inferred case=ToothFairy3F_052 tooth=25
[2026-06-01 09:32:23,780] INFO - inferred case=ToothFairy3F_052 tooth=26
[2026-06-01 09:32:24,054] INFO - inferred case=ToothFairy3F_052 tooth=27
[2026-06-01 09:32:24,258] INFO - inferred case=ToothFairy3F_052 tooth=31
[2026-06-01 09:32:24,491] INFO - inferred case=ToothFairy3F_052 tooth=32
[2026-06-01 09:32:24,749] INFO - inferred case=ToothFairy3F_052 tooth=33
[2026-06-01 09:32:24,990] INFO - inferred case=ToothFairy3F_052 tooth=34
[2026-06-01 09:32:25,286] INFO - inferred case=ToothFairy3F_052 tooth=35
[2026-06-01 09:32:25,739] INFO - inferred case=ToothFairy3F_052 tooth=36
[2026-06-01 09:32:26,164] INFO - inferred case=ToothFairy3F_052 tooth=37
[2026-06-01 09:32:26,521] INFO - inferred case=ToothFairy3F_052 tooth=38
[2026-06-01 09:32:26,758] INFO - inferred case=ToothFairy3F_052 tooth=41
[2026-06-01 09:32:26,975] INFO - inferred case=ToothFairy3F_052 tooth=42
[2026-06-01 09:32:27,249] INFO - inferred case=ToothFairy3F_052 tooth=43
[2026-06-01 09:32:27,466] INFO - inferred case=ToothFairy3F_052 tooth=44
[2026-06-01 09:32:27,731] INFO - inferred case=ToothFairy3F_052 tooth=45
[2026-06-01 09:32:28,096] INFO - inferred case=ToothFairy3F_052 tooth=46
[2026-06-01 09:32:28,407] INFO - inferred case=ToothFairy3F_052 tooth=47
[2026-06-01 09:32:32,968] INFO - stitched case=ToothFairy3F_040
[2026-06-01 09:32:36,851] INFO - stitched case=ToothFairy3F_044
[2026-06-01 09:32:40,981] INFO - stitched case=ToothFairy3F_052
[finished_at] 2026-06-01T09:32:41.947124+00:00
[returncode] 0
