[started_at] 2026-06-01T09:29:34.714610+00:00
[cmd] /usr/local/miniconda3/envs/py310/bin/python -m src.infer --config /root/cej_isolated_runs/C/stage1_data_learning_curve_20260601_075445/experiments/pct100/config/best_theta_0.20.yaml
[2026-06-01 09:29:40,606] INFO - inferred case=ToothFairy3F_040 tooth=11
[2026-06-01 09:29:40,785] INFO - inferred case=ToothFairy3F_040 tooth=12
[2026-06-01 09:29:40,981] INFO - inferred case=ToothFairy3F_040 tooth=13
[2026-06-01 09:29:41,142] INFO - inferred case=ToothFairy3F_040 tooth=14
[2026-06-01 09:29:41,323] INFO - inferred case=ToothFairy3F_040 tooth=15
[2026-06-01 09:29:41,561] INFO - inferred case=ToothFairy3F_040 tooth=16
[2026-06-01 09:29:41,843] INFO - inferred case=ToothFairy3F_040 tooth=17
[2026-06-01 09:29:42,007] INFO - inferred case=ToothFairy3F_040 tooth=21
[2026-06-01 09:29:42,163] INFO - inferred case=ToothFairy3F_040 tooth=22
[2026-06-01 09:29:42,330] INFO - inferred case=ToothFairy3F_040 tooth=23
[2026-06-01 09:29:42,482] INFO - inferred case=ToothFairy3F_040 tooth=24
[2026-06-01 09:29:42,636] INFO - inferred case=ToothFairy3F_040 tooth=25
[2026-06-01 09:29:42,845] INFO - inferred case=ToothFairy3F_040 tooth=26
[2026-06-01 09:29:43,041] INFO - inferred case=ToothFairy3F_040 tooth=27
[2026-06-01 09:29:43,257] INFO - inferred case=ToothFairy3F_040 tooth=31
[2026-06-01 09:29:43,522] INFO - inferred case=ToothFairy3F_040 tooth=32
[2026-06-01 09:29:43,819] INFO - inferred case=ToothFairy3F_040 tooth=33
[2026-06-01 09:29:44,085] INFO - inferred case=ToothFairy3F_040 tooth=34
[2026-06-01 09:29:44,382] INFO - inferred case=ToothFairy3F_040 tooth=35
[2026-06-01 09:29:44,756] INFO - inferred case=ToothFairy3F_040 tooth=36
[2026-06-01 09:29:45,261] INFO - inferred case=ToothFairy3F_040 tooth=37
[2026-06-01 09:29:45,645] INFO - inferred case=ToothFairy3F_040 tooth=38
[2026-06-01 09:29:45,905] INFO - inferred case=ToothFairy3F_040 tooth=41
[2026-06-01 09:29:46,182] INFO - inferred case=ToothFairy3F_040 tooth=42
[2026-06-01 09:29:46,535] INFO - inferred case=ToothFairy3F_040 tooth=43
[2026-06-01 09:29:46,927] INFO - inferred case=ToothFairy3F_040 tooth=44
[2026-06-01 09:29:47,207] INFO - inferred case=ToothFairy3F_040 tooth=45
[2026-06-01 09:29:47,570] INFO - inferred case=ToothFairy3F_040 tooth=46
[2026-06-01 09:29:47,930] INFO - inferred case=ToothFairy3F_040 tooth=47
[2026-06-01 09:29:48,353] INFO - inferred case=ToothFairy3F_040 tooth=48
[2026-06-01 09:29:48,546] INFO - inferred case=ToothFairy3F_044 tooth=11
[2026-06-01 09:29:48,741] INFO - inferred case=ToothFairy3F_044 tooth=12
[2026-06-01 09:29:48,931] INFO - inferred case=ToothFairy3F_044 tooth=13
[2026-06-01 09:29:49,135] INFO - inferred case=ToothFairy3F_044 tooth=14
[2026-06-01 09:29:49,290] INFO - inferred case=ToothFairy3F_044 tooth=15
[2026-06-01 09:29:49,546] INFO - inferred case=ToothFairy3F_044 tooth=16
[2026-06-01 09:29:49,719] INFO - inferred case=ToothFairy3F_044 tooth=21
[2026-06-01 09:29:49,925] INFO - inferred case=ToothFairy3F_044 tooth=22
[2026-06-01 09:29:50,114] INFO - inferred case=ToothFairy3F_044 tooth=23
[2026-06-01 09:29:50,296] INFO - inferred case=ToothFairy3F_044 tooth=24
[2026-06-01 09:29:50,460] INFO - inferred case=ToothFairy3F_044 tooth=25
[2026-06-01 09:29:50,741] INFO - inferred case=ToothFairy3F_044 tooth=26
[2026-06-01 09:29:50,955] INFO - inferred case=ToothFairy3F_044 tooth=27
[2026-06-01 09:29:51,143] INFO - inferred case=ToothFairy3F_044 tooth=28
[2026-06-01 09:29:51,364] INFO - inferred case=ToothFairy3F_044 tooth=31
[2026-06-01 09:29:51,596] INFO - inferred case=ToothFairy3F_044 tooth=32
[2026-06-01 09:29:51,893] INFO - inferred case=ToothFairy3F_044 tooth=33
[2026-06-01 09:29:52,159] INFO - inferred case=ToothFairy3F_044 tooth=34
[2026-06-01 09:29:52,428] INFO - inferred case=ToothFairy3F_044 tooth=35
[2026-06-01 09:29:52,791] INFO - inferred case=ToothFairy3F_044 tooth=36
[2026-06-01 09:29:53,009] INFO - inferred case=ToothFairy3F_044 tooth=41
[2026-06-01 09:29:53,231] INFO - inferred case=ToothFairy3F_044 tooth=42
[2026-06-01 09:29:53,522] INFO - inferred case=ToothFairy3F_044 tooth=43
[2026-06-01 09:29:53,772] INFO - inferred case=ToothFairy3F_044 tooth=44
[2026-06-01 09:29:54,018] INFO - inferred case=ToothFairy3F_044 tooth=45
[2026-06-01 09:29:54,385] INFO - inferred case=ToothFairy3F_044 tooth=46
[2026-06-01 09:29:54,793] INFO - inferred case=ToothFairy3F_044 tooth=47
[2026-06-01 09:29:55,187] INFO - inferred case=ToothFairy3F_044 tooth=48
[2026-06-01 09:29:55,456] INFO - inferred case=ToothFairy3F_052 tooth=11
[2026-06-01 09:29:55,791] INFO - inferred case=ToothFairy3F_052 tooth=12
[2026-06-01 09:29:56,126] INFO - inferred case=ToothFairy3F_052 tooth=13
[2026-06-01 09:29:56,432] INFO - inferred case=ToothFairy3F_052 tooth=14
[2026-06-01 09:29:56,674] INFO - inferred case=ToothFairy3F_052 tooth=15
[2026-06-01 09:29:57,026] INFO - inferred case=ToothFairy3F_052 tooth=16
[2026-06-01 09:29:57,382] INFO - inferred case=ToothFairy3F_052 tooth=17
[2026-06-01 09:29:57,634] INFO - inferred case=ToothFairy3F_052 tooth=18
[2026-06-01 09:29:57,869] INFO - inferred case=ToothFairy3F_052 tooth=21
[2026-06-01 09:29:58,112] INFO - inferred case=ToothFairy3F_052 tooth=22
[2026-06-01 09:29:58,350] INFO - inferred case=ToothFairy3F_052 tooth=23
[2026-06-01 09:29:58,591] INFO - inferred case=ToothFairy3F_052 tooth=24
[2026-06-01 09:29:58,824] INFO - inferred case=ToothFairy3F_052 tooth=25
[2026-06-01 09:29:59,152] INFO - inferred case=ToothFairy3F_052 tooth=26
[2026-06-01 09:29:59,436] INFO - inferred case=ToothFairy3F_052 tooth=27
[2026-06-01 09:29:59,675] INFO - inferred case=ToothFairy3F_052 tooth=31
[2026-06-01 09:29:59,923] INFO - inferred case=ToothFairy3F_052 tooth=32
[2026-06-01 09:30:00,189] INFO - inferred case=ToothFairy3F_052 tooth=33
[2026-06-01 09:30:00,396] INFO - inferred case=ToothFairy3F_052 tooth=34
[2026-06-01 09:30:00,670] INFO - inferred case=ToothFairy3F_052 tooth=35
[2026-06-01 09:30:01,009] INFO - inferred case=ToothFairy3F_052 tooth=36
[2026-06-01 09:30:01,330] INFO - inferred case=ToothFairy3F_052 tooth=37
[2026-06-01 09:30:01,640] INFO - inferred case=ToothFairy3F_052 tooth=38
[2026-06-01 09:30:01,846] INFO - inferred case=ToothFairy3F_052 tooth=41
[2026-06-01 09:30:02,058] INFO - inferred case=ToothFairy3F_052 tooth=42
[2026-06-01 09:30:02,292] INFO - inferred case=ToothFairy3F_052 tooth=43
[2026-06-01 09:30:02,512] INFO - inferred case=ToothFairy3F_052 tooth=44
[2026-06-01 09:30:02,759] INFO - inferred case=ToothFairy3F_052 tooth=45
[2026-06-01 09:30:03,116] INFO - inferred case=ToothFairy3F_052 tooth=46
[2026-06-01 09:30:03,417] INFO - inferred case=ToothFairy3F_052 tooth=47
[2026-06-01 09:30:08,544] INFO - stitched case=ToothFairy3F_040
[2026-06-01 09:30:13,305] INFO - stitched case=ToothFairy3F_044
[2026-06-01 09:30:18,802] INFO - stitched case=ToothFairy3F_052
[finished_at] 2026-06-01T09:30:20.172719+00:00
[returncode] 0
