[started_at] 2026-06-01T09:30:25.124512+00:00
[cmd] /usr/local/miniconda3/envs/py310/bin/python -m src.infer --config /root/cej_isolated_runs/C/stage1_data_learning_curve_20260601_075445/experiments/pct100/config/best_theta_0.25.yaml
[2026-06-01 09:30:30,726] INFO - inferred case=ToothFairy3F_040 tooth=11
[2026-06-01 09:30:30,918] INFO - inferred case=ToothFairy3F_040 tooth=12
[2026-06-01 09:30:31,115] INFO - inferred case=ToothFairy3F_040 tooth=13
[2026-06-01 09:30:31,273] INFO - inferred case=ToothFairy3F_040 tooth=14
[2026-06-01 09:30:31,473] INFO - inferred case=ToothFairy3F_040 tooth=15
[2026-06-01 09:30:31,704] INFO - inferred case=ToothFairy3F_040 tooth=16
[2026-06-01 09:30:31,983] INFO - inferred case=ToothFairy3F_040 tooth=17
[2026-06-01 09:30:32,151] INFO - inferred case=ToothFairy3F_040 tooth=21
[2026-06-01 09:30:32,308] INFO - inferred case=ToothFairy3F_040 tooth=22
[2026-06-01 09:30:32,475] INFO - inferred case=ToothFairy3F_040 tooth=23
[2026-06-01 09:30:32,630] INFO - inferred case=ToothFairy3F_040 tooth=24
[2026-06-01 09:30:32,783] INFO - inferred case=ToothFairy3F_040 tooth=25
[2026-06-01 09:30:32,989] INFO - inferred case=ToothFairy3F_040 tooth=26
[2026-06-01 09:30:33,183] INFO - inferred case=ToothFairy3F_040 tooth=27
[2026-06-01 09:30:33,401] INFO - inferred case=ToothFairy3F_040 tooth=31
[2026-06-01 09:30:33,659] INFO - inferred case=ToothFairy3F_040 tooth=32
[2026-06-01 09:30:33,960] INFO - inferred case=ToothFairy3F_040 tooth=33
[2026-06-01 09:30:34,220] INFO - inferred case=ToothFairy3F_040 tooth=34
[2026-06-01 09:30:34,488] INFO - inferred case=ToothFairy3F_040 tooth=35
[2026-06-01 09:30:34,870] INFO - inferred case=ToothFairy3F_040 tooth=36
[2026-06-01 09:30:35,315] INFO - inferred case=ToothFairy3F_040 tooth=37
[2026-06-01 09:30:35,768] INFO - inferred case=ToothFairy3F_040 tooth=38
[2026-06-01 09:30:36,106] INFO - inferred case=ToothFairy3F_040 tooth=41
[2026-06-01 09:30:36,391] INFO - inferred case=ToothFairy3F_040 tooth=42
[2026-06-01 09:30:36,687] INFO - inferred case=ToothFairy3F_040 tooth=43
[2026-06-01 09:30:36,965] INFO - inferred case=ToothFairy3F_040 tooth=44
[2026-06-01 09:30:37,246] INFO - inferred case=ToothFairy3F_040 tooth=45
[2026-06-01 09:30:37,646] INFO - inferred case=ToothFairy3F_040 tooth=46
[2026-06-01 09:30:38,039] INFO - inferred case=ToothFairy3F_040 tooth=47
[2026-06-01 09:30:38,615] INFO - inferred case=ToothFairy3F_040 tooth=48
[2026-06-01 09:30:38,856] INFO - inferred case=ToothFairy3F_044 tooth=11
[2026-06-01 09:30:39,131] INFO - inferred case=ToothFairy3F_044 tooth=12
[2026-06-01 09:30:39,370] INFO - inferred case=ToothFairy3F_044 tooth=13
[2026-06-01 09:30:39,606] INFO - inferred case=ToothFairy3F_044 tooth=14
[2026-06-01 09:30:39,806] INFO - inferred case=ToothFairy3F_044 tooth=15
[2026-06-01 09:30:40,084] INFO - inferred case=ToothFairy3F_044 tooth=16
[2026-06-01 09:30:40,304] INFO - inferred case=ToothFairy3F_044 tooth=21
[2026-06-01 09:30:40,566] INFO - inferred case=ToothFairy3F_044 tooth=22
[2026-06-01 09:30:40,813] INFO - inferred case=ToothFairy3F_044 tooth=23
[2026-06-01 09:30:41,000] INFO - inferred case=ToothFairy3F_044 tooth=24
[2026-06-01 09:30:41,179] INFO - inferred case=ToothFairy3F_044 tooth=25
[2026-06-01 09:30:41,523] INFO - inferred case=ToothFairy3F_044 tooth=26
[2026-06-01 09:30:41,789] INFO - inferred case=ToothFairy3F_044 tooth=27
[2026-06-01 09:30:42,005] INFO - inferred case=ToothFairy3F_044 tooth=28
[2026-06-01 09:30:42,268] INFO - inferred case=ToothFairy3F_044 tooth=31
[2026-06-01 09:30:42,569] INFO - inferred case=ToothFairy3F_044 tooth=32
[2026-06-01 09:30:42,906] INFO - inferred case=ToothFairy3F_044 tooth=33
[2026-06-01 09:30:43,221] INFO - inferred case=ToothFairy3F_044 tooth=34
[2026-06-01 09:30:43,547] INFO - inferred case=ToothFairy3F_044 tooth=35
[2026-06-01 09:30:44,027] INFO - inferred case=ToothFairy3F_044 tooth=36
[2026-06-01 09:30:44,324] INFO - inferred case=ToothFairy3F_044 tooth=41
[2026-06-01 09:30:44,594] INFO - inferred case=ToothFairy3F_044 tooth=42
[2026-06-01 09:30:44,932] INFO - inferred case=ToothFairy3F_044 tooth=43
[2026-06-01 09:30:45,261] INFO - inferred case=ToothFairy3F_044 tooth=44
[2026-06-01 09:30:45,623] INFO - inferred case=ToothFairy3F_044 tooth=45
[2026-06-01 09:30:46,117] INFO - inferred case=ToothFairy3F_044 tooth=46
[2026-06-01 09:30:46,578] INFO - inferred case=ToothFairy3F_044 tooth=47
[2026-06-01 09:30:46,945] INFO - inferred case=ToothFairy3F_044 tooth=48
[2026-06-01 09:30:47,173] INFO - inferred case=ToothFairy3F_052 tooth=11
[2026-06-01 09:30:47,378] INFO - inferred case=ToothFairy3F_052 tooth=12
[2026-06-01 09:30:47,614] INFO - inferred case=ToothFairy3F_052 tooth=13
[2026-06-01 09:30:47,843] INFO - inferred case=ToothFairy3F_052 tooth=14
[2026-06-01 09:30:48,083] INFO - inferred case=ToothFairy3F_052 tooth=15
[2026-06-01 09:30:48,394] INFO - inferred case=ToothFairy3F_052 tooth=16
[2026-06-01 09:30:48,715] INFO - inferred case=ToothFairy3F_052 tooth=17
[2026-06-01 09:30:48,965] INFO - inferred case=ToothFairy3F_052 tooth=18
[2026-06-01 09:30:49,203] INFO - inferred case=ToothFairy3F_052 tooth=21
[2026-06-01 09:30:49,445] INFO - inferred case=ToothFairy3F_052 tooth=22
[2026-06-01 09:30:49,674] INFO - inferred case=ToothFairy3F_052 tooth=23
[2026-06-01 09:30:49,912] INFO - inferred case=ToothFairy3F_052 tooth=24
[2026-06-01 09:30:50,137] INFO - inferred case=ToothFairy3F_052 tooth=25
[2026-06-01 09:30:50,441] INFO - inferred case=ToothFairy3F_052 tooth=26
[2026-06-01 09:30:50,724] INFO - inferred case=ToothFairy3F_052 tooth=27
[2026-06-01 09:30:50,933] INFO - inferred case=ToothFairy3F_052 tooth=31
[2026-06-01 09:30:51,174] INFO - inferred case=ToothFairy3F_052 tooth=32
[2026-06-01 09:30:51,435] INFO - inferred case=ToothFairy3F_052 tooth=33
[2026-06-01 09:30:51,644] INFO - inferred case=ToothFairy3F_052 tooth=34
[2026-06-01 09:30:51,906] INFO - inferred case=ToothFairy3F_052 tooth=35
[2026-06-01 09:30:52,234] INFO - inferred case=ToothFairy3F_052 tooth=36
[2026-06-01 09:30:52,547] INFO - inferred case=ToothFairy3F_052 tooth=37
[2026-06-01 09:30:52,857] INFO - inferred case=ToothFairy3F_052 tooth=38
[2026-06-01 09:30:53,064] INFO - inferred case=ToothFairy3F_052 tooth=41
[2026-06-01 09:30:53,277] INFO - inferred case=ToothFairy3F_052 tooth=42
[2026-06-01 09:30:53,512] INFO - inferred case=ToothFairy3F_052 tooth=43
[2026-06-01 09:30:53,729] INFO - inferred case=ToothFairy3F_052 tooth=44
[2026-06-01 09:30:53,976] INFO - inferred case=ToothFairy3F_052 tooth=45
[2026-06-01 09:30:54,338] INFO - inferred case=ToothFairy3F_052 tooth=46
[2026-06-01 09:30:54,642] INFO - inferred case=ToothFairy3F_052 tooth=47
[2026-06-01 09:30:59,173] INFO - stitched case=ToothFairy3F_040
[2026-06-01 09:31:03,211] INFO - stitched case=ToothFairy3F_044
[2026-06-01 09:31:08,023] INFO - stitched case=ToothFairy3F_052
[finished_at] 2026-06-01T09:31:09.114901+00:00
[returncode] 0
