[started_at] 2026-06-01T09:15:00.233427+00:00
[cmd] /usr/local/miniconda3/envs/py310/bin/python -m src.train_loss_earlystop --config /root/cej_isolated_runs/C/stage1_data_learning_curve_20260601_075445/experiments/pct100/config/train.yaml
[2026-06-01 09:15:13,273] INFO - loaded pretrained=/root/cej_isolated_runs/C/stage1_data_learning_curve_20260601_075445/input/checkpoints/unsup_last.pt strict=False loaded_tensors=114 missing=0 unexpected=0 skipped_mismatch=0
[2026-06-01 09:15:50,787] INFO - epoch=0 train_loss=1.111744 holdout_loss=0.677009 score=2.490708 sym_p95=16.155494689941406 manual_p95=19.35215816497802 manual_sr1=0.09803921568627451 no_curve=3 bad_rate=0.6308 vox03=8355.584615384616 cc=3.8615384615384616 wrap=0.13599456478686994 best_score=None best_epoch=None patience=0/8 active=False
[2026-06-01 09:16:28,791] INFO - epoch=1 train_loss=0.479842 holdout_loss=0.614098 score=2.021780 sym_p95=12.767145156860352 manual_p95=13.206958198547362 manual_sr1=0.10745098039215686 no_curve=1 bad_rate=0.6154 vox03=8776.6 cc=1.6615384615384616 wrap=0.1272539971542081 best_score=None best_epoch=None patience=0/8 active=False
[2026-06-01 09:17:03,227] INFO - epoch=2 train_loss=0.449416 holdout_loss=0.637132 score=2.287994 sym_p95=15.264337539672852 manual_p95=19.118224716186518 manual_sr1=0.11843137254901961 no_curve=2 bad_rate=0.5385 vox03=6568.430769230769 cc=1.4 wrap=0.14297882093098188 best_score=None best_epoch=None patience=0/8 active=False
[2026-06-01 09:17:39,162] INFO - epoch=3 train_loss=0.439296 holdout_loss=0.591453 score=2.005376 sym_p95=11.789826393127441 manual_p95=12.860195064544676 manual_sr1=0.15529411764705883 no_curve=2 bad_rate=0.4769 vox03=7693.615384615385 cc=1.6 wrap=0.17637829405254782 best_score=None best_epoch=None patience=0/8 active=False
[2026-06-01 09:18:13,770] INFO - epoch=4 train_loss=0.431414 holdout_loss=0.559605 score=1.636161 sym_p95=8.185352325439453 manual_p95=9.944187164306639 manual_sr1=0.1780392156862745 no_curve=1 bad_rate=0.3692 vox03=8354.938461538462 cc=1.4153846153846155 wrap=0.20381824893249592 best_score=None best_epoch=None patience=0/8 active=False
[2026-06-01 09:18:48,378] INFO - epoch=5 train_loss=0.423233 holdout_loss=0.538167 score=1.157483 sym_p95=7.141428470611572 manual_p95=6.854697322845449 manual_sr1=0.19372549019607843 no_curve=0 bad_rate=0.3846 vox03=7975.830769230769 cc=1.8615384615384616 wrap=0.21874080742658156 best_score=None best_epoch=None patience=0/8 active=False
[2026-06-01 09:19:21,641] INFO - epoch=6 train_loss=0.419022 holdout_loss=0.554936 score=1.806562 sym_p95=10.677078247070312 manual_p95=13.716625118255608 manual_sr1=0.1952941176470588 no_curve=1 bad_rate=0.4000 vox03=7109.138461538461 cc=1.4307692307692308 wrap=0.21827184195455693 best_score=None best_epoch=None patience=0/8 active=False
[2026-06-01 09:19:55,453] INFO - epoch=7 train_loss=0.416402 holdout_loss=0.530296 score=1.647018 sym_p95=8.602325439453125 manual_p95=8.976435756683347 manual_sr1=0.19607843137254902 no_curve=1 bad_rate=0.4154 vox03=8156.076923076923 cc=1.6 wrap=0.21805299573717224 best_score=None best_epoch=None patience=0/8 active=False
[2026-06-01 09:20:29,564] INFO - epoch=8 train_loss=0.412094 holdout_loss=0.561131 score=1.309902 sym_p95=8.99442720413196 manual_p95=11.05070123672485 manual_sr1=0.1984313725490196 no_curve=0 bad_rate=0.3692 vox03=6508.615384615385 cc=1.2153846153846153 wrap=0.2243146962627879 best_score=None best_epoch=None patience=0/8 active=False
[2026-06-01 09:21:02,944] INFO - epoch=9 train_loss=0.409041 holdout_loss=0.544612 score=1.170063 sym_p95=7.348469257354736 manual_p95=8.365507221221922 manual_sr1=0.2203921568627451 no_curve=0 bad_rate=0.3231 vox03=6597.953846153846 cc=1.353846153846154 wrap=0.23892224322647376 best_score=None best_epoch=None patience=0/8 active=False
[2026-06-01 09:21:49,294] INFO - epoch=10 train_loss=0.407560 holdout_loss=0.531550 score=1.107722 sym_p95=6.7082037925720215 manual_p95=7.123732519149775 manual_sr1=0.21333333333333335 no_curve=0 bad_rate=0.3231 vox03=7023.8 cc=1.3076923076923077 wrap=0.23821740960285143 best_score=1.1077216758424655 best_epoch=10 patience=0/8 active=True
[2026-06-01 09:22:30,925] INFO - epoch=11 train_loss=0.406974 holdout_loss=0.513713 score=0.997641 sym_p95=5.916079998016357 manual_p95=5.910345315933224 manual_sr1=0.19215686274509805 no_curve=0 bad_rate=0.3385 vox03=7687.215384615384 cc=1.2307692307692308 wrap=0.2147021662042091 best_score=0.9976406381833589 best_epoch=11 patience=0/8 active=True
[2026-06-01 09:23:02,820] INFO - epoch=12 train_loss=0.406455 holdout_loss=0.553534 score=1.698554 sym_p95=9.273618698120117 manual_p95=11.623135375976561 manual_sr1=0.19215686274509805 no_curve=1 bad_rate=0.3231 vox03=6214.892307692307 cc=1.1846153846153846 wrap=0.2210983717977564 best_score=0.9976406381833589 best_epoch=11 patience=1/8 active=True
[2026-06-01 09:23:36,332] INFO - epoch=13 train_loss=0.404421 holdout_loss=0.523982 score=1.548972 sym_p95=7.4833149909973145 manual_p95=9.336588191986081 manual_sr1=0.22588235294117648 no_curve=1 bad_rate=0.3077 vox03=6947.907692307693 cc=1.0923076923076922 wrap=0.2447607575726379 best_score=0.9976406381833589 best_epoch=11 patience=2/8 active=True
[2026-06-01 09:24:10,927] INFO - epoch=14 train_loss=0.402471 holdout_loss=0.548872 score=1.819900 sym_p95=9.899495124816895 manual_p95=13.537629127502422 manual_sr1=0.22509803921568627 no_curve=2 bad_rate=0.2923 vox03=6054.123076923077 cc=1.0769230769230769 wrap=0.23214439250806265 best_score=0.9976406381833589 best_epoch=11 patience=3/8 active=True
[2026-06-01 09:24:57,135] INFO - epoch=15 train_loss=0.400374 holdout_loss=0.489505 score=0.950258 sym_p95=5.4772257804870605 manual_p95=5.234070348739621 manual_sr1=0.2203921568627451 no_curve=0 bad_rate=0.3231 vox03=8774.892307692307 cc=1.2 wrap=0.24127001870161321 best_score=0.9502584052029794 best_epoch=15 patience=0/8 active=True
[2026-06-01 09:25:31,246] INFO - epoch=16 train_loss=0.399940 holdout_loss=0.545688 score=1.545114 sym_p95=7.211102485656738 manual_p95=7.9620794296264625 manual_sr1=0.22980392156862745 no_curve=1 bad_rate=0.2923 vox03=6059.569230769231 cc=1.1692307692307693 wrap=0.23703771642076746 best_score=0.9502584052029794 best_epoch=15 patience=1/8 active=True
[2026-06-01 09:26:06,890] INFO - epoch=17 train_loss=0.399512 holdout_loss=0.509955 score=0.990634 sym_p95=5.916079998016357 manual_p95=6.155178356170653 manual_sr1=0.20941176470588235 no_curve=0 bad_rate=0.2923 vox03=6786.0 cc=1.2307692307692308 wrap=0.2273399493079662 best_score=0.9502584052029794 best_epoch=15 patience=2/8 active=True
[2026-06-01 09:26:42,199] INFO - epoch=18 train_loss=0.398129 holdout_loss=0.509159 score=1.027057 sym_p95=5.916079998016357 manual_p95=6.312506628036498 manual_sr1=0.23372549019607844 no_curve=0 bad_rate=0.2769 vox03=6647.969230769231 cc=1.123076923076923 wrap=0.2557744628963034 best_score=0.9502584052029794 best_epoch=15 patience=3/8 active=True
[2026-06-01 09:27:17,567] INFO - epoch=19 train_loss=0.398087 holdout_loss=0.525221 score=1.513165 sym_p95=7.0 manual_p95=9.001170921325668 manual_sr1=0.22901960784313727 no_curve=1 bad_rate=0.2615 vox03=6202.446153846154 cc=1.1692307692307693 wrap=0.24341442895586893 best_score=0.9502584052029794 best_epoch=15 patience=4/8 active=True
[2026-06-01 09:27:51,238] INFO - epoch=20 train_loss=0.398110 holdout_loss=0.504529 score=1.007215 sym_p95=5.74456262588501 manual_p95=5.814482831954951 manual_sr1=0.21176470588235294 no_curve=0 bad_rate=0.2308 vox03=7057.584615384615 cc=1.1846153846153846 wrap=0.22410433824187131 best_score=0.9502584052029794 best_epoch=15 patience=5/8 active=True
[2026-06-01 09:28:24,450] INFO - epoch=21 train_loss=0.397544 holdout_loss=0.498319 score=0.998982 sym_p95=5.385164737701416 manual_p95=5.497599363327021 manual_sr1=0.24235294117647058 no_curve=0 bad_rate=0.2769 vox03=7229.9384615384615 cc=1.1076923076923078 wrap=0.25114000673711984 best_score=0.9502584052029794 best_epoch=15 patience=6/8 active=True
[2026-06-01 09:28:59,262] INFO - epoch=22 train_loss=0.396575 holdout_loss=0.503271 score=0.955663 sym_p95=5.385164737701416 manual_p95=5.5115445613861045 manual_sr1=0.2203921568627451 no_curve=0 bad_rate=0.2308 vox03=6863.461538461538 cc=1.2 wrap=0.23837655663218166 best_score=0.9502584052029794 best_epoch=15 patience=7/8 active=True
[2026-06-01 09:29:33,317] INFO - epoch=23 train_loss=0.397023 holdout_loss=0.521646 score=1.516361 sym_p95=7.0 manual_p95=7.695665502548216 manual_sr1=0.20627450980392156 no_curve=1 bad_rate=0.2923 vox03=6634.476923076923 cc=1.1692307692307693 wrap=0.2311271042685268 best_score=0.9502584052029794 best_epoch=15 patience=8/8 active=True
[2026-06-01 09:29:33,318] INFO - early stopping at epoch=23 best_epoch=15 best_composite_score=0.950258
[finished_at] 2026-06-01T09:29:34.701857+00:00
[returncode] 0
