[started_at] 2026-06-01T11:31:13.453598+00:00
[cmd] /usr/local/miniconda3/envs/py310/bin/python -m src.infer --config /root/cej_isolated_runs/C/stage1_geometry_prior_loss_only_20260601_110722/config/best_theta_0.35.yaml
[2026-06-01 11:31:17,213] INFO - inferred case=ToothFairy3F_040 tooth=11
[2026-06-01 11:31:17,387] INFO - inferred case=ToothFairy3F_040 tooth=12
[2026-06-01 11:31:17,573] INFO - inferred case=ToothFairy3F_040 tooth=13
[2026-06-01 11:31:17,728] INFO - inferred case=ToothFairy3F_040 tooth=14
[2026-06-01 11:31:17,903] INFO - inferred case=ToothFairy3F_040 tooth=15
[2026-06-01 11:31:18,116] INFO - inferred case=ToothFairy3F_040 tooth=16
[2026-06-01 11:31:18,348] INFO - inferred case=ToothFairy3F_040 tooth=17
[2026-06-01 11:31:18,511] INFO - inferred case=ToothFairy3F_040 tooth=21
[2026-06-01 11:31:18,662] INFO - inferred case=ToothFairy3F_040 tooth=22
[2026-06-01 11:31:18,821] INFO - inferred case=ToothFairy3F_040 tooth=23
[2026-06-01 11:31:18,970] INFO - inferred case=ToothFairy3F_040 tooth=24
[2026-06-01 11:31:19,117] INFO - inferred case=ToothFairy3F_040 tooth=25
[2026-06-01 11:31:19,312] INFO - inferred case=ToothFairy3F_040 tooth=26
[2026-06-01 11:31:19,509] INFO - inferred case=ToothFairy3F_040 tooth=27
[2026-06-01 11:31:19,723] INFO - inferred case=ToothFairy3F_040 tooth=31
[2026-06-01 11:31:19,965] INFO - inferred case=ToothFairy3F_040 tooth=32
[2026-06-01 11:31:20,247] INFO - inferred case=ToothFairy3F_040 tooth=33
[2026-06-01 11:31:20,510] INFO - inferred case=ToothFairy3F_040 tooth=34
[2026-06-01 11:31:20,763] INFO - inferred case=ToothFairy3F_040 tooth=35
[2026-06-01 11:31:21,087] INFO - inferred case=ToothFairy3F_040 tooth=36
[2026-06-01 11:31:21,446] INFO - inferred case=ToothFairy3F_040 tooth=37
[2026-06-01 11:31:21,796] INFO - inferred case=ToothFairy3F_040 tooth=38
[2026-06-01 11:31:22,012] INFO - inferred case=ToothFairy3F_040 tooth=41
[2026-06-01 11:31:22,264] INFO - inferred case=ToothFairy3F_040 tooth=42
[2026-06-01 11:31:22,507] INFO - inferred case=ToothFairy3F_040 tooth=43
[2026-06-01 11:31:22,785] INFO - inferred case=ToothFairy3F_040 tooth=44
[2026-06-01 11:31:23,040] INFO - inferred case=ToothFairy3F_040 tooth=45
[2026-06-01 11:31:23,380] INFO - inferred case=ToothFairy3F_040 tooth=46
[2026-06-01 11:31:23,704] INFO - inferred case=ToothFairy3F_040 tooth=47
[2026-06-01 11:31:24,062] INFO - inferred case=ToothFairy3F_040 tooth=48
[2026-06-01 11:31:24,245] INFO - inferred case=ToothFairy3F_044 tooth=11
[2026-06-01 11:31:24,434] INFO - inferred case=ToothFairy3F_044 tooth=12
[2026-06-01 11:31:24,617] INFO - inferred case=ToothFairy3F_044 tooth=13
[2026-06-01 11:31:24,817] INFO - inferred case=ToothFairy3F_044 tooth=14
[2026-06-01 11:31:25,002] INFO - inferred case=ToothFairy3F_044 tooth=15
[2026-06-01 11:31:25,308] INFO - inferred case=ToothFairy3F_044 tooth=16
[2026-06-01 11:31:25,487] INFO - inferred case=ToothFairy3F_044 tooth=21
[2026-06-01 11:31:25,732] INFO - inferred case=ToothFairy3F_044 tooth=22
[2026-06-01 11:31:25,959] INFO - inferred case=ToothFairy3F_044 tooth=23
[2026-06-01 11:31:26,168] INFO - inferred case=ToothFairy3F_044 tooth=24
[2026-06-01 11:31:26,333] INFO - inferred case=ToothFairy3F_044 tooth=25
[2026-06-01 11:31:26,666] INFO - inferred case=ToothFairy3F_044 tooth=26
[2026-06-01 11:31:26,907] INFO - inferred case=ToothFairy3F_044 tooth=27
[2026-06-01 11:31:27,092] INFO - inferred case=ToothFairy3F_044 tooth=28
[2026-06-01 11:31:27,308] INFO - inferred case=ToothFairy3F_044 tooth=31
[2026-06-01 11:31:27,531] INFO - inferred case=ToothFairy3F_044 tooth=32
[2026-06-01 11:31:27,805] INFO - inferred case=ToothFairy3F_044 tooth=33
[2026-06-01 11:31:28,063] INFO - inferred case=ToothFairy3F_044 tooth=34
[2026-06-01 11:31:28,344] INFO - inferred case=ToothFairy3F_044 tooth=35
[2026-06-01 11:31:28,704] INFO - inferred case=ToothFairy3F_044 tooth=36
[2026-06-01 11:31:28,911] INFO - inferred case=ToothFairy3F_044 tooth=41
[2026-06-01 11:31:29,123] INFO - inferred case=ToothFairy3F_044 tooth=42
[2026-06-01 11:31:29,406] INFO - inferred case=ToothFairy3F_044 tooth=43
[2026-06-01 11:31:29,649] INFO - inferred case=ToothFairy3F_044 tooth=44
[2026-06-01 11:31:29,895] INFO - inferred case=ToothFairy3F_044 tooth=45
[2026-06-01 11:31:30,273] INFO - inferred case=ToothFairy3F_044 tooth=46
[2026-06-01 11:31:30,632] INFO - inferred case=ToothFairy3F_044 tooth=47
[2026-06-01 11:31:30,961] INFO - inferred case=ToothFairy3F_044 tooth=48
[2026-06-01 11:31:31,183] INFO - inferred case=ToothFairy3F_052 tooth=11
[2026-06-01 11:31:31,382] INFO - inferred case=ToothFairy3F_052 tooth=12
[2026-06-01 11:31:31,616] INFO - inferred case=ToothFairy3F_052 tooth=13
[2026-06-01 11:31:31,843] INFO - inferred case=ToothFairy3F_052 tooth=14
[2026-06-01 11:31:32,073] INFO - inferred case=ToothFairy3F_052 tooth=15
[2026-06-01 11:31:32,371] INFO - inferred case=ToothFairy3F_052 tooth=16
[2026-06-01 11:31:32,667] INFO - inferred case=ToothFairy3F_052 tooth=17
[2026-06-01 11:31:32,907] INFO - inferred case=ToothFairy3F_052 tooth=18
[2026-06-01 11:31:33,135] INFO - inferred case=ToothFairy3F_052 tooth=21
[2026-06-01 11:31:33,370] INFO - inferred case=ToothFairy3F_052 tooth=22
[2026-06-01 11:31:33,597] INFO - inferred case=ToothFairy3F_052 tooth=23
[2026-06-01 11:31:33,834] INFO - inferred case=ToothFairy3F_052 tooth=24
[2026-06-01 11:31:34,047] INFO - inferred case=ToothFairy3F_052 tooth=25
[2026-06-01 11:31:34,337] INFO - inferred case=ToothFairy3F_052 tooth=26
[2026-06-01 11:31:34,615] INFO - inferred case=ToothFairy3F_052 tooth=27
[2026-06-01 11:31:34,822] INFO - inferred case=ToothFairy3F_052 tooth=31
[2026-06-01 11:31:35,062] INFO - inferred case=ToothFairy3F_052 tooth=32
[2026-06-01 11:31:35,354] INFO - inferred case=ToothFairy3F_052 tooth=33
[2026-06-01 11:31:35,594] INFO - inferred case=ToothFairy3F_052 tooth=34
[2026-06-01 11:31:35,860] INFO - inferred case=ToothFairy3F_052 tooth=35
[2026-06-01 11:31:36,192] INFO - inferred case=ToothFairy3F_052 tooth=36
[2026-06-01 11:31:36,564] INFO - inferred case=ToothFairy3F_052 tooth=37
[2026-06-01 11:31:36,912] INFO - inferred case=ToothFairy3F_052 tooth=38
[2026-06-01 11:31:37,116] INFO - inferred case=ToothFairy3F_052 tooth=41
[2026-06-01 11:31:37,316] INFO - inferred case=ToothFairy3F_052 tooth=42
[2026-06-01 11:31:37,539] INFO - inferred case=ToothFairy3F_052 tooth=43
[2026-06-01 11:31:37,751] INFO - inferred case=ToothFairy3F_052 tooth=44
[2026-06-01 11:31:37,993] INFO - inferred case=ToothFairy3F_052 tooth=45
[2026-06-01 11:31:38,335] INFO - inferred case=ToothFairy3F_052 tooth=46
[2026-06-01 11:31:38,629] INFO - inferred case=ToothFairy3F_052 tooth=47
[2026-06-01 11:31:42,822] INFO - stitched case=ToothFairy3F_040
[2026-06-01 11:31:46,712] INFO - stitched case=ToothFairy3F_044
[2026-06-01 11:31:51,035] INFO - stitched case=ToothFairy3F_052
[finished_at] 2026-06-01T11:31:51.720259+00:00
[returncode] 0
