[started_at] 2026-06-01T11:12:55.681170+00:00
[cmd] /usr/local/miniconda3/envs/py310/bin/python -m src.train_loss_earlystop --config /root/cej_isolated_runs/C/stage1_geometry_prior_loss_only_20260601_110722/config/train.yaml
[2026-06-01 11:13:07,215] INFO - loaded pretrained=/root/cej_isolated_runs/C/stage1_geometry_prior_loss_only_20260601_110722/input/checkpoints/unsup_last.pt strict=False loaded_tensors=114 missing=0 unexpected=0 skipped_mismatch=0
[2026-06-01 11:13:50,923] INFO - epoch=0 train_loss=1.112411 holdout_loss=0.614695 score=1.254933 sym_p95=7.280109882354736 manual_p95=6.405678081512448 manual_sr1=0.18352941176470589 no_curve=0 bad_rate=0.5231 vox03=8545.36923076923 cc=4.476923076923077 wrap=0.22333736892834014 best_score=None best_epoch=None patience=0/8 active=False
[2026-06-01 11:14:30,006] INFO - epoch=1 train_loss=0.478222 holdout_loss=0.627839 score=2.111487 sym_p95=11.747340202331543 manual_p95=19.460432243347167 manual_sr1=0.15529411764705883 no_curve=3 bad_rate=0.5077 vox03=7340.369230769231 cc=1.5692307692307692 wrap=0.19370089797468534 best_score=None best_epoch=None patience=0/8 active=False
[2026-06-01 11:15:06,928] INFO - epoch=2 train_loss=0.449456 holdout_loss=0.579390 score=1.327155 sym_p95=9.0 manual_p95=7.978592109680174 manual_sr1=0.1631372549019608 no_curve=0 bad_rate=0.4923 vox03=8223.846153846154 cc=1.523076923076923 wrap=0.19960370678163164 best_score=None best_epoch=None patience=0/8 active=False
[2026-06-01 11:15:43,847] INFO - epoch=3 train_loss=0.438939 holdout_loss=0.577093 score=1.702635 sym_p95=9.05538558959961 manual_p95=12.319757556915274 manual_sr1=0.19058823529411764 no_curve=1 bad_rate=0.3385 vox03=7220.753846153846 cc=1.4307692307692308 wrap=0.234866323701452 best_score=None best_epoch=None patience=0/8 active=False
[2026-06-01 11:16:21,841] INFO - epoch=4 train_loss=0.430300 holdout_loss=0.543996 score=1.189026 sym_p95=7.549834251403809 manual_p95=8.313579082489008 manual_sr1=0.21803921568627452 no_curve=0 bad_rate=0.3846 vox03=8116.876923076923 cc=1.2461538461538462 wrap=0.251978948899483 best_score=None best_epoch=None patience=0/8 active=False
[2026-06-01 11:17:01,180] INFO - epoch=5 train_loss=0.423333 holdout_loss=0.524995 score=1.170375 sym_p95=7.8102498054504395 manual_p95=5.910825443267821 manual_sr1=0.21568627450980393 no_curve=0 bad_rate=0.3692 vox03=9003.676923076922 cc=1.4615384615384615 wrap=0.2552983585400283 best_score=None best_epoch=None patience=0/8 active=False
[2026-06-01 11:17:39,667] INFO - epoch=6 train_loss=0.419517 holdout_loss=0.546539 score=1.069185 sym_p95=5.916079998016357 manual_p95=7.387902736663814 manual_sr1=0.2407843137254902 no_curve=0 bad_rate=0.2308 vox03=6866.261538461538 cc=1.1846153846153846 wrap=0.2764627285118181 best_score=None best_epoch=None patience=0/8 active=False
[2026-06-01 11:18:19,119] INFO - epoch=7 train_loss=0.415936 holdout_loss=0.522069 score=1.231034 sym_p95=8.602325439453125 manual_p95=6.607334661483754 manual_sr1=0.2415686274509804 no_curve=0 bad_rate=0.3231 vox03=7897.415384615385 cc=1.2153846153846153 wrap=0.27343613819792084 best_score=None best_epoch=None patience=0/8 active=False
[2026-06-01 11:18:57,576] INFO - epoch=8 train_loss=0.412313 holdout_loss=0.552014 score=1.923857 sym_p95=10.104431200027035 manual_p95=62.23232498168274 manual_sr1=0.2007843137254902 no_curve=3 bad_rate=0.3385 vox03=6781.461538461538 cc=1.2307692307692308 wrap=0.2374633728560632 best_score=None best_epoch=None patience=0/8 active=False
[2026-06-01 11:19:33,973] INFO - epoch=9 train_loss=0.409108 holdout_loss=0.572282 score=2.298027 sym_p95=14.177447319030762 manual_p95=165.56268310546875 manual_sr1=0.24 no_curve=4 bad_rate=0.2769 vox03=6047.846153846154 cc=1.123076923076923 wrap=0.2645988481330645 best_score=None best_epoch=None patience=0/8 active=False
[2026-06-01 11:20:23,949] INFO - epoch=10 train_loss=0.408421 holdout_loss=0.518886 score=1.082139 sym_p95=6.633249759674072 manual_p95=6.721349334716776 manual_sr1=0.25019607843137254 no_curve=0 bad_rate=0.3231 vox03=7225.092307692307 cc=1.2615384615384615 wrap=0.27884938299036444 best_score=1.082139156822246 best_epoch=10 patience=0/8 active=True
[2026-06-01 11:21:13,941] INFO - epoch=11 train_loss=0.406992 holdout_loss=0.535002 score=1.041573 sym_p95=5.916079998016357 manual_p95=6.538092565536498 manual_sr1=0.22823529411764706 no_curve=0 bad_rate=0.2462 vox03=6626.446153846154 cc=1.1384615384615384 wrap=0.2599211066446855 best_score=1.0415727129235322 best_epoch=11 patience=0/8 active=True
[2026-06-01 11:21:52,153] INFO - epoch=12 train_loss=0.406237 holdout_loss=0.536640 score=1.299743 sym_p95=9.295061302184747 manual_p95=10.419238662719719 manual_sr1=0.2415686274509804 no_curve=0 bad_rate=0.2923 vox03=7065.138461538461 cc=1.2769230769230768 wrap=0.2647166020682007 best_score=1.0415727129235322 best_epoch=11 patience=1/8 active=True
[2026-06-01 11:22:30,053] INFO - epoch=13 train_loss=0.404074 holdout_loss=0.561464 score=2.111915 sym_p95=12.845232963562012 manual_p95=62.32716674804017 manual_sr1=0.25333333333333335 no_curve=3 bad_rate=0.2769 vox03=6387.046153846154 cc=1.1538461538461537 wrap=0.2744773589176978 best_score=1.0415727129235322 best_epoch=11 patience=2/8 active=True
[2026-06-01 11:23:09,290] INFO - epoch=14 train_loss=0.402827 holdout_loss=0.573113 score=2.061980 sym_p95=13.152946472167969 manual_p95=16.442942237854 manual_sr1=0.24235294117647058 no_curve=2 bad_rate=0.2923 vox03=5772.984615384616 cc=1.2153846153846153 wrap=0.25739637657208086 best_score=1.0415727129235322 best_epoch=11 patience=3/8 active=True
[2026-06-01 11:24:03,665] INFO - epoch=15 train_loss=0.400994 holdout_loss=0.489675 score=0.960585 sym_p95=6.082762718200684 manual_p95=4.699500370025631 manual_sr1=0.25254901960784315 no_curve=0 bad_rate=0.3385 vox03=8440.676923076922 cc=1.2769230769230768 wrap=0.28008887320453685 best_score=0.9605852799825471 best_epoch=15 patience=0/8 active=True
[2026-06-01 11:24:41,180] INFO - epoch=16 train_loss=0.400361 holdout_loss=0.543903 score=1.631811 sym_p95=8.5440034866333 manual_p95=11.882498931884763 manual_sr1=0.26666666666666666 no_curve=1 bad_rate=0.2615 vox03=6182.953846153846 cc=1.1692307692307693 wrap=0.2852679530615004 best_score=0.9605852799825471 best_epoch=15 patience=1/8 active=True
[2026-06-01 11:25:19,782] INFO - epoch=17 train_loss=0.399666 holdout_loss=0.527905 score=1.192322 sym_p95=8.062257766723633 manual_p95=9.146627998352047 manual_sr1=0.22509803921568627 no_curve=0 bad_rate=0.2769 vox03=6567.538461538462 cc=1.1846153846153846 wrap=0.2664214727462036 best_score=0.9605852799825471 best_epoch=15 patience=2/8 active=True
[2026-06-01 11:25:58,189] INFO - epoch=18 train_loss=0.398291 holdout_loss=0.519731 score=1.035141 sym_p95=6.082762718200684 manual_p95=6.998713159561156 manual_sr1=0.2407843137254902 no_curve=0 bad_rate=0.2308 vox03=6897.415384615385 cc=1.1076923076923078 wrap=0.27545327056717533 best_score=0.9605852799825471 best_epoch=15 patience=3/8 active=True
[2026-06-01 11:26:35,697] INFO - epoch=19 train_loss=0.399086 holdout_loss=0.527027 score=1.060271 sym_p95=6.164413928985596 manual_p95=7.19321870803833 manual_sr1=0.26745098039215687 no_curve=0 bad_rate=0.2615 vox03=6423.307692307692 cc=1.1538461538461537 wrap=0.28850338133852366 best_score=0.9605852799825471 best_epoch=15 patience=4/8 active=True
[2026-06-01 11:27:11,633] INFO - epoch=20 train_loss=0.398137 holdout_loss=0.547341 score=1.666379 sym_p95=7.874007701873779 manual_p95=10.22727994918823 manual_sr1=0.23215686274509803 no_curve=2 bad_rate=0.2154 vox03=5910.707692307692 cc=1.123076923076923 wrap=0.2733690914732362 best_score=0.9605852799825471 best_epoch=15 patience=5/8 active=True
[2026-06-01 11:27:49,165] INFO - epoch=21 train_loss=0.396598 holdout_loss=0.536793 score=1.782122 sym_p95=9.486832618713379 manual_p95=12.842023372650116 manual_sr1=0.24313725490196078 no_curve=2 bad_rate=0.3231 vox03=6522.923076923077 cc=1.2769230769230768 wrap=0.2721092756434841 best_score=0.9605852799825471 best_epoch=15 patience=6/8 active=True
[2026-06-01 11:28:26,641] INFO - epoch=22 train_loss=0.396623 holdout_loss=0.502644 score=1.103407 sym_p95=7.071067810058594 manual_p95=6.904701805114743 manual_sr1=0.27058823529411763 no_curve=0 bad_rate=0.2615 vox03=7469.661538461539 cc=1.2 wrap=0.29364784403344446 best_score=0.9605852799825471 best_epoch=15 patience=7/8 active=True
[2026-06-01 11:29:02,175] INFO - epoch=23 train_loss=0.396092 holdout_loss=0.552555 score=1.714590 sym_p95=8.306623458862305 manual_p95=11.980788803100584 manual_sr1=0.24 no_curve=2 bad_rate=0.3385 vox03=6072.815384615385 cc=1.1846153846153846 wrap=0.25142110928755246 best_score=0.9605852799825471 best_epoch=15 patience=8/8 active=True
[2026-06-01 11:29:02,175] INFO - early stopping at epoch=23 best_epoch=15 best_composite_score=0.960585
[finished_at] 2026-06-01T11:29:02.982995+00:00
[returncode] 0
