[started_at] 2026-05-07T18:01:14.264620+00:00
[cmd] /usr/local/miniconda3/envs/py310/bin/python -m src.train_loss_earlystop --config /root/cej_isolated_runs/C/cej_loss_earlystop_20260507_004/experiments/exp01_dice_focal_bce/config/train.yaml
[2026-05-07 18:01:24,431] INFO - loaded pretrained=/root/cej_isolated_runs/C/cej_loss_earlystop_20260507_004/input/checkpoints/unsup_last.pt strict=False missing=0 unexpected=0
[2026-05-07 18:02:05,294] INFO - epoch=0 train_loss=1.059389 holdout_loss=0.713855 score=2.275287 sym_p95=15.132745742797852 no_curve=2 bad_rate=0.9231 vox03=13487.83076923077 cc=7.323076923076923 wrap=0.1355863403393573 best_score=None best_epoch=None patience=0/8 active=False
[2026-05-07 18:02:37,614] INFO - epoch=1 train_loss=0.477839 holdout_loss=0.680960 score=5.000750 sym_p95=171.54299926757812 no_curve=12 bad_rate=0.6000 vox03=7682.0615384615385 cc=1.3076923076923077 wrap=0.1551669205510761 best_score=None best_epoch=None patience=0/8 active=False
[2026-05-07 18:03:10,524] INFO - epoch=2 train_loss=0.449973 holdout_loss=0.670356 score=4.848963 sym_p95=169.5258026123047 no_curve=10 bad_rate=0.5692 vox03=7997.153846153846 cc=1.3076923076923077 wrap=0.15809029393354504 best_score=None best_epoch=None patience=0/8 active=False
[2026-05-07 18:03:43,869] INFO - epoch=3 train_loss=0.439316 holdout_loss=0.639960 score=2.261589 sym_p95=15.620499610900879 no_curve=3 bad_rate=0.6000 vox03=11785.815384615385 cc=1.323076923076923 wrap=0.1558120381106325 best_score=None best_epoch=None patience=0/8 active=False
[2026-05-07 18:04:17,992] INFO - epoch=4 train_loss=0.432127 holdout_loss=0.634445 score=2.235917 sym_p95=14.071247100830078 no_curve=4 bad_rate=0.5231 vox03=8829.523076923077 cc=1.4153846153846155 wrap=0.1751163109408619 best_score=None best_epoch=None patience=0/8 active=False
[2026-05-07 18:04:52,267] INFO - epoch=5 train_loss=0.425510 holdout_loss=0.659208 score=4.692448 sym_p95=168.00892639160156 no_curve=8 bad_rate=0.4923 vox03=7960.784615384616 cc=1.2769230769230768 wrap=0.1797944329280689 best_score=None best_epoch=None patience=0/8 active=False
[2026-05-07 18:05:26,970] INFO - epoch=6 train_loss=0.421768 holdout_loss=0.634316 score=4.461610 sym_p95=165.56268310546875 no_curve=5 bad_rate=0.5077 vox03=9308.107692307693 cc=1.123076923076923 wrap=0.17133417252902333 best_score=None best_epoch=None patience=0/8 active=False
[2026-05-07 18:06:03,818] INFO - epoch=7 train_loss=0.417681 holdout_loss=0.641140 score=2.219407 sym_p95=15.0 no_curve=3 bad_rate=0.5077 vox03=7135.246153846154 cc=1.2615384615384615 wrap=0.19305397450359912 best_score=None best_epoch=None patience=0/8 active=False
[2026-05-07 18:06:38,741] INFO - epoch=8 train_loss=0.413294 holdout_loss=0.641972 score=2.462156 sym_p95=16.569544029235708 no_curve=5 bad_rate=0.4923 vox03=6881.584615384615 cc=1.7076923076923076 wrap=0.20188234779055161 best_score=None best_epoch=None patience=0/8 active=False
[2026-05-07 18:07:13,078] INFO - epoch=9 train_loss=0.410569 holdout_loss=0.627988 score=2.348838 sym_p95=16.11054830551134 no_curve=4 bad_rate=0.4769 vox03=6497.338461538461 cc=1.3846153846153846 wrap=0.21714026060265623 best_score=None best_epoch=None patience=0/8 active=False
[2026-05-07 18:08:00,013] INFO - epoch=10 train_loss=0.407776 holdout_loss=0.602771 score=2.170769 sym_p95=13.416407585144043 no_curve=4 bad_rate=0.4308 vox03=7502.415384615385 cc=1.7846153846153847 wrap=0.2383235351576824 best_score=2.170769494901732 best_epoch=10 patience=0/8 active=True
[2026-05-07 18:08:32,756] INFO - epoch=11 train_loss=0.405201 holdout_loss=0.647115 score=2.403017 sym_p95=16.911535263061523 no_curve=4 bad_rate=0.4000 vox03=5521.430769230769 cc=1.4153846153846155 wrap=0.22120478127515866 best_score=2.170769494901732 best_epoch=10 patience=1/8 active=True
[2026-05-07 18:09:21,731] INFO - epoch=12 train_loss=0.402341 holdout_loss=0.560153 score=1.827444 sym_p95=11.789826393127441 no_curve=1 bad_rate=0.4769 vox03=8220.492307692308 cc=1.6615384615384616 wrap=0.23767639119048975 best_score=1.8274435972089162 best_epoch=12 patience=0/8 active=True
[2026-05-07 18:09:56,007] INFO - epoch=13 train_loss=0.400936 holdout_loss=0.566381 score=2.063373 sym_p95=13.416407585144043 no_curve=3 bad_rate=0.4000 vox03=7425.569230769231 cc=1.2307692307692308 wrap=0.23591729016607854 best_score=1.8274435972089162 best_epoch=12 patience=1/8 active=True
[2026-05-07 18:10:30,136] INFO - epoch=14 train_loss=0.399669 holdout_loss=0.567037 score=1.908738 sym_p95=10.770329475402832 no_curve=3 bad_rate=0.3692 vox03=7263.0 cc=1.2923076923076924 wrap=0.25234367801423174 best_score=1.8274435972089162 best_epoch=12 patience=2/8 active=True
[2026-05-07 18:11:16,352] INFO - epoch=15 train_loss=0.398458 holdout_loss=0.564647 score=1.726239 sym_p95=10.220049476623393 no_curve=1 bad_rate=0.4000 vox03=7131.015384615384 cc=1.1384615384615384 wrap=0.2458201279604918 best_score=1.7262386925790705 best_epoch=15 patience=0/8 active=True
[2026-05-07 18:12:02,237] INFO - epoch=16 train_loss=0.397089 holdout_loss=0.528414 score=1.148540 sym_p95=8.5440034866333 no_curve=0 bad_rate=0.3692 vox03=8272.0 cc=1.2307692307692308 wrap=0.2608532976595597 best_score=1.1485404114877014 best_epoch=16 patience=0/8 active=True
[2026-05-07 18:12:34,976] INFO - epoch=17 train_loss=0.396014 holdout_loss=0.568388 score=1.776548 sym_p95=11.045360565185547 no_curve=1 bad_rate=0.3231 vox03=6867.9384615384615 cc=1.2 wrap=0.23894259472408338 best_score=1.1485404114877014 best_epoch=16 patience=1/8 active=True
[2026-05-07 18:13:06,987] INFO - epoch=18 train_loss=0.394761 holdout_loss=0.571451 score=1.789062 sym_p95=10.049875259399414 no_curve=2 bad_rate=0.3385 vox03=6594.415384615385 cc=1.1846153846153846 wrap=0.2500649711472099 best_score=1.1485404114877014 best_epoch=16 patience=2/8 active=True
[2026-05-07 18:13:38,887] INFO - epoch=19 train_loss=0.393948 holdout_loss=0.576712 score=1.811164 sym_p95=11.640386819839478 no_curve=1 bad_rate=0.2923 vox03=6388.784615384616 cc=1.1538461538461537 wrap=0.2480365224253232 best_score=1.1485404114877014 best_epoch=16 patience=3/8 active=True
[2026-05-07 18:14:11,785] INFO - epoch=20 train_loss=0.394551 holdout_loss=0.566880 score=1.782745 sym_p95=11.180339813232422 no_curve=1 bad_rate=0.3692 vox03=6530.092307692307 cc=1.1538461538461537 wrap=0.25406790311766314 best_score=1.1485404114877014 best_epoch=16 patience=4/8 active=True
[2026-05-07 18:14:44,970] INFO - epoch=21 train_loss=0.393534 holdout_loss=0.562841 score=1.248455 sym_p95=9.643651008605957 no_curve=0 bad_rate=0.3077 vox03=6661.369230769231 cc=1.1692307692307693 wrap=0.2527838762546114 best_score=1.1485404114877014 best_epoch=16 patience=5/8 active=True
[2026-05-07 18:15:18,102] INFO - epoch=22 train_loss=0.392203 holdout_loss=0.562021 score=1.614991 sym_p95=8.485280990600586 no_curve=1 bad_rate=0.3231 vox03=6641.015384615384 cc=1.1384615384615384 wrap=0.249843347994134 best_score=1.1485404114877014 best_epoch=16 patience=6/8 active=True
[2026-05-07 18:15:51,843] INFO - epoch=23 train_loss=0.391744 holdout_loss=0.561249 score=1.686021 sym_p95=9.651407384872511 no_curve=1 bad_rate=0.3385 vox03=6378.107692307693 cc=1.123076923076923 wrap=0.2385586658743636 best_score=1.1485404114877014 best_epoch=16 patience=7/8 active=True
[2026-05-07 18:16:38,663] INFO - epoch=24 train_loss=0.391505 holdout_loss=0.503572 score=0.938596 sym_p95=6.4031243324279785 no_curve=0 bad_rate=0.3385 vox03=8030.0615384615385 cc=1.2769230769230768 wrap=0.2703520096960256 best_score=0.9385958497489517 best_epoch=24 patience=0/8 active=True
[2026-05-07 18:17:13,229] INFO - epoch=25 train_loss=0.390857 holdout_loss=0.580778 score=1.784456 sym_p95=9.899495124816895 no_curve=2 bad_rate=0.3385 vox03=5777.615384615385 cc=1.0769230769230769 wrap=0.25749722702373057 best_score=0.9385958497489517 best_epoch=24 patience=1/8 active=True
[2026-05-07 18:17:47,064] INFO - epoch=26 train_loss=0.390696 holdout_loss=0.553503 score=1.648564 sym_p95=9.165151596069336 no_curve=1 bad_rate=0.3077 vox03=6412.584615384615 cc=1.0615384615384615 wrap=0.2589394477724066 best_score=0.9385958497489517 best_epoch=24 patience=2/8 active=True
[2026-05-07 18:18:21,443] INFO - epoch=27 train_loss=0.390046 holdout_loss=0.561965 score=1.644869 sym_p95=9.05538558959961 no_curve=1 bad_rate=0.3077 vox03=6470.415384615385 cc=1.2 wrap=0.26093781205671535 best_score=0.9385958497489517 best_epoch=24 patience=3/8 active=True
[2026-05-07 18:18:55,303] INFO - epoch=28 train_loss=0.389842 holdout_loss=0.556976 score=1.560241 sym_p95=7.6157732009887695 no_curve=1 bad_rate=0.2923 vox03=6384.138461538461 cc=1.1538461538461537 wrap=0.26261529530880573 best_score=0.9385958497489517 best_epoch=24 patience=4/8 active=True
[2026-05-07 18:19:28,579] INFO - epoch=29 train_loss=0.389307 holdout_loss=0.579381 score=2.043903 sym_p95=13.03840446472168 no_curve=3 bad_rate=0.3231 vox03=5715.6 cc=1.1538461538461537 wrap=0.27098193440353446 best_score=0.9385958497489517 best_epoch=24 patience=5/8 active=True
[2026-05-07 18:20:02,139] INFO - epoch=30 train_loss=0.389229 holdout_loss=0.550101 score=1.599216 sym_p95=8.366600036621094 no_curve=1 bad_rate=0.3077 vox03=6609.046153846154 cc=1.2 wrap=0.26759104513624277 best_score=0.9385958497489517 best_epoch=24 patience=6/8 active=True
[2026-05-07 18:20:35,898] INFO - epoch=31 train_loss=0.388945 holdout_loss=0.549562 score=1.573209 sym_p95=7.874007701873779 no_curve=1 bad_rate=0.3385 vox03=7152.461538461538 cc=1.1384615384615384 wrap=0.22399107336701526 best_score=0.9385958497489517 best_epoch=24 patience=7/8 active=True
[2026-05-07 18:21:09,508] INFO - epoch=32 train_loss=0.388897 holdout_loss=0.547795 score=1.764301 sym_p95=9.899495124816895 no_curve=2 bad_rate=0.3231 vox03=6674.753846153846 cc=1.123076923076923 wrap=0.25018632962282694 best_score=0.9385958497489517 best_epoch=24 patience=8/8 active=True
[2026-05-07 18:21:09,508] INFO - early stopping at epoch=32 best_epoch=24 best_composite_score=0.938596
[finished_at] 2026-05-07T18:21:10.793653+00:00
[returncode] 0
