[started_at] 2026-05-07T16:37:34.728242+00:00
[cmd] /usr/local/miniconda3/envs/py310/bin/python -m src.train_loss_earlystop --config /root/cej_isolated_runs/C/cej_loss_earlystop_20260507_001/experiments/exp00_baseline_dicece/config/train.yaml
[2026-05-07 16:37:46,437] INFO - loaded pretrained=/root/cej_isolated_runs/C/cej_loss_earlystop_20260507_001/input/checkpoints/unsup_last.pt strict=False missing=0 unexpected=0
[2026-05-07 16:38:10,938] INFO - epoch=0 train_loss=1.051384 holdout_loss=0.699170 best=0.699170 best_epoch=0 patience=0/8
[2026-05-07 16:38:31,786] INFO - epoch=1 train_loss=0.478873 holdout_loss=0.692344 best=0.692344 best_epoch=1 patience=0/8
[2026-05-07 16:38:53,045] INFO - epoch=2 train_loss=0.448476 holdout_loss=0.685135 best=0.685135 best_epoch=2 patience=0/8
[2026-05-07 16:39:14,369] INFO - epoch=3 train_loss=0.438842 holdout_loss=0.674124 best=0.674124 best_epoch=3 patience=0/8
[2026-05-07 16:39:35,755] INFO - epoch=4 train_loss=0.430860 holdout_loss=0.632480 best=0.632480 best_epoch=4 patience=0/8
[2026-05-07 16:39:56,634] INFO - epoch=5 train_loss=0.425192 holdout_loss=0.644612 best=0.632480 best_epoch=4 patience=1/8
[2026-05-07 16:40:18,262] INFO - epoch=6 train_loss=0.421132 holdout_loss=0.607735 best=0.607735 best_epoch=6 patience=0/8
[2026-05-07 16:40:39,737] INFO - epoch=7 train_loss=0.416486 holdout_loss=0.652063 best=0.607735 best_epoch=6 patience=1/8
[2026-05-07 16:41:00,878] INFO - epoch=8 train_loss=0.412570 holdout_loss=0.628514 best=0.607735 best_epoch=6 patience=2/8
[2026-05-07 16:41:21,944] INFO - epoch=9 train_loss=0.410300 holdout_loss=0.609172 best=0.607735 best_epoch=6 patience=3/8
[2026-05-07 16:41:43,578] INFO - epoch=10 train_loss=0.406811 holdout_loss=0.594589 best=0.594589 best_epoch=10 patience=0/8
[2026-05-07 16:42:04,799] INFO - epoch=11 train_loss=0.404073 holdout_loss=0.630996 best=0.594589 best_epoch=10 patience=1/8
[2026-05-07 16:42:26,027] INFO - epoch=12 train_loss=0.402459 holdout_loss=0.559440 best=0.559440 best_epoch=12 patience=0/8
[2026-05-07 16:42:46,854] INFO - epoch=13 train_loss=0.400286 holdout_loss=0.573500 best=0.559440 best_epoch=12 patience=1/8
[2026-05-07 16:43:07,767] INFO - epoch=14 train_loss=0.399192 holdout_loss=0.583066 best=0.559440 best_epoch=12 patience=2/8
[2026-05-07 16:43:28,894] INFO - epoch=15 train_loss=0.397663 holdout_loss=0.548013 best=0.548013 best_epoch=15 patience=0/8
[2026-05-07 16:43:50,625] INFO - epoch=16 train_loss=0.396477 holdout_loss=0.538754 best=0.538754 best_epoch=16 patience=0/8
[2026-05-07 16:44:11,340] INFO - epoch=17 train_loss=0.395671 holdout_loss=0.550872 best=0.538754 best_epoch=16 patience=1/8
[2026-05-07 16:44:31,394] INFO - epoch=18 train_loss=0.394145 holdout_loss=0.549271 best=0.538754 best_epoch=16 patience=2/8
[2026-05-07 16:44:51,771] INFO - epoch=19 train_loss=0.393290 holdout_loss=0.568137 best=0.538754 best_epoch=16 patience=3/8
[2026-05-07 16:45:12,601] INFO - epoch=20 train_loss=0.393271 holdout_loss=0.565735 best=0.538754 best_epoch=16 patience=4/8
[2026-05-07 16:45:33,377] INFO - epoch=21 train_loss=0.392902 holdout_loss=0.551314 best=0.538754 best_epoch=16 patience=5/8
[2026-05-07 16:45:54,127] INFO - epoch=22 train_loss=0.392303 holdout_loss=0.520276 best=0.520276 best_epoch=22 patience=0/8
[2026-05-07 16:46:14,956] INFO - epoch=23 train_loss=0.391415 holdout_loss=0.567282 best=0.520276 best_epoch=22 patience=1/8
[2026-05-07 16:46:35,811] INFO - epoch=24 train_loss=0.391430 holdout_loss=0.528726 best=0.520276 best_epoch=22 patience=2/8
[2026-05-07 16:46:56,007] INFO - epoch=25 train_loss=0.390967 holdout_loss=0.559653 best=0.520276 best_epoch=22 patience=3/8
[2026-05-07 16:47:17,373] INFO - epoch=26 train_loss=0.389820 holdout_loss=0.544168 best=0.520276 best_epoch=22 patience=4/8
[2026-05-07 16:47:38,426] INFO - epoch=27 train_loss=0.389362 holdout_loss=0.540595 best=0.520276 best_epoch=22 patience=5/8
[2026-05-07 16:47:58,985] INFO - epoch=28 train_loss=0.389114 holdout_loss=0.533249 best=0.520276 best_epoch=22 patience=6/8
[2026-05-07 16:48:19,232] INFO - epoch=29 train_loss=0.388873 holdout_loss=0.539181 best=0.520276 best_epoch=22 patience=7/8
[2026-05-07 16:48:39,670] INFO - epoch=30 train_loss=0.388758 holdout_loss=0.527149 best=0.520276 best_epoch=22 patience=8/8
[2026-05-07 16:48:39,670] INFO - early stopping at epoch=30 best_epoch=22 best_holdout_loss=0.520276
[finished_at] 2026-05-07T16:48:40.796345+00:00
[returncode] 0
