[started_at] 2026-05-07T18:21:18.966136+00:00
[cmd] /usr/local/miniconda3/envs/py310/bin/python -m src.train_loss_earlystop --config /root/cej_isolated_runs/C/cej_loss_earlystop_20260507_004/experiments/exp02_focal_hard_sampling/config/train.yaml
[2026-05-07 18:21:30,467] INFO - loaded pretrained=/root/cej_isolated_runs/C/cej_loss_earlystop_20260507_004/input/checkpoints/unsup_last.pt strict=False missing=0 unexpected=0
[2026-05-07 18:22:10,474] INFO - epoch=0 train_loss=1.060184 holdout_loss=0.717502 score=3.097603 sym_p95=25.729360580444336 no_curve=5 bad_rate=0.7692 vox03=10067.676923076922 cc=4.923076923076923 wrap=0.19857677293699455 best_score=None best_epoch=None patience=0/8 active=False
[2026-05-07 18:22:43,865] INFO - epoch=1 train_loss=0.472278 holdout_loss=0.700104 score=4.653996 sym_p95=169.5258026123047 no_curve=7 bad_rate=0.6154 vox03=8696.815384615385 cc=1.2615384615384615 wrap=0.14709943550402949 best_score=None best_epoch=None patience=0/8 active=False
[2026-05-07 18:23:18,104] INFO - epoch=2 train_loss=0.446123 holdout_loss=0.657036 score=4.475287 sym_p95=163.6184539794922 no_curve=5 bad_rate=0.5846 vox03=8558.984615384616 cc=1.1846153846153846 wrap=0.16233647449881466 best_score=None best_epoch=None patience=0/8 active=False
[2026-05-07 18:23:52,118] INFO - epoch=3 train_loss=0.435883 holdout_loss=0.678194 score=4.837560 sym_p95=171.77601623535156 no_curve=10 bad_rate=0.4154 vox03=6939.661538461539 cc=1.2307692307692308 wrap=0.1907696209224244 best_score=None best_epoch=None patience=0/8 active=False
[2026-05-07 18:24:24,693] INFO - epoch=4 train_loss=0.427069 holdout_loss=0.653157 score=4.543040 sym_p95=165.56268310546875 no_curve=6 bad_rate=0.5077 vox03=7592.6461538461535 cc=1.2769230769230768 wrap=0.1918897011165263 best_score=None best_epoch=None patience=0/8 active=False
[2026-05-07 18:24:58,153] INFO - epoch=5 train_loss=0.420586 holdout_loss=0.613064 score=2.762035 sym_p95=22.099655151366395 no_curve=5 bad_rate=0.4308 vox03=7896.723076923077 cc=1.2923076923076924 wrap=0.22006600625737716 best_score=None best_epoch=None patience=0/8 active=False
[2026-05-07 18:25:31,202] INFO - epoch=6 train_loss=0.416969 holdout_loss=0.589735 score=2.186274 sym_p95=15.132745742797852 no_curve=3 bad_rate=0.4308 vox03=7986.507692307692 cc=1.3076923076923077 wrap=0.2348608778178583 best_score=None best_epoch=None patience=0/8 active=False
[2026-05-07 18:26:04,755] INFO - epoch=7 train_loss=0.412709 holdout_loss=0.565225 score=1.888485 sym_p95=13.03840446472168 no_curve=1 bad_rate=0.3846 vox03=9682.723076923077 cc=1.3384615384615384 wrap=0.21082132719991062 best_score=None best_epoch=None patience=0/8 active=False
[2026-05-07 18:26:36,952] INFO - epoch=8 train_loss=0.409387 holdout_loss=0.583436 score=1.807987 sym_p95=11.357816696166992 no_curve=1 bad_rate=0.3692 vox03=7286.246153846154 cc=1.2153846153846153 wrap=0.2326139281203499 best_score=None best_epoch=None patience=0/8 active=False
[2026-05-07 18:27:08,889] INFO - epoch=9 train_loss=0.405264 holdout_loss=0.655041 score=4.672758 sym_p95=171.54299926757812 no_curve=8 bad_rate=0.3538 vox03=5348.138461538461 cc=1.0769230769230769 wrap=0.23725560796732809 best_score=None best_epoch=None patience=0/8 active=False
[2026-05-07 18:27:54,060] INFO - epoch=10 train_loss=0.403602 holdout_loss=0.553528 score=1.377789 sym_p95=12.041594505310059 no_curve=0 bad_rate=0.4000 vox03=8609.030769230769 cc=1.2307692307692308 wrap=0.23093174747707138 best_score=1.3777890071701904 best_epoch=10 patience=0/8 active=True
[2026-05-07 18:28:26,062] INFO - epoch=11 train_loss=0.403005 holdout_loss=0.587041 score=1.943112 sym_p95=12.449899673461914 no_curve=2 bad_rate=0.3385 vox03=7263.415384615385 cc=1.2 wrap=0.23847985567547855 best_score=1.3777890071701904 best_epoch=10 patience=1/8 active=True
[2026-05-07 18:28:58,000] INFO - epoch=12 train_loss=0.402071 holdout_loss=0.545967 score=1.729033 sym_p95=10.630146026611328 no_curve=1 bad_rate=0.3385 vox03=7949.338461538461 cc=1.1538461538461537 wrap=0.2490381551408441 best_score=1.3777890071701904 best_epoch=10 patience=2/8 active=True
[2026-05-07 18:29:30,152] INFO - epoch=13 train_loss=0.399985 holdout_loss=0.561585 score=1.846495 sym_p95=11.224971771240234 no_curve=2 bad_rate=0.3077 vox03=7229.123076923077 cc=1.0615384615384615 wrap=0.2690879027437417 best_score=1.3777890071701904 best_epoch=10 patience=3/8 active=True
[2026-05-07 18:30:02,938] INFO - epoch=14 train_loss=0.397442 holdout_loss=0.601939 score=2.363900 sym_p95=16.89673900604248 no_curve=4 bad_rate=0.3385 vox03=5847.523076923077 cc=1.123076923076923 wrap=0.2511772466173788 best_score=1.3777890071701904 best_epoch=10 patience=4/8 active=True
[2026-05-07 18:30:35,739] INFO - epoch=15 train_loss=0.395594 holdout_loss=0.528043 score=1.828622 sym_p95=12.369317054748535 no_curve=1 bad_rate=0.4154 vox03=8769.076923076924 cc=1.2769230769230768 wrap=0.25532941478332405 best_score=1.3777890071701904 best_epoch=10 patience=5/8 active=True
[2026-05-07 18:31:08,555] INFO - epoch=16 train_loss=0.395556 holdout_loss=0.573431 score=1.942435 sym_p95=12.569805145263672 no_curve=2 bad_rate=0.3231 vox03=6810.861538461539 cc=1.1384615384615384 wrap=0.2643046054983556 best_score=1.3777890071701904 best_epoch=10 patience=6/8 active=True
[2026-05-07 18:31:41,958] INFO - epoch=17 train_loss=0.394717 holdout_loss=0.547009 score=1.685929 sym_p95=9.899495124816895 no_curve=1 bad_rate=0.3077 vox03=7441.461538461538 cc=1.0615384615384615 wrap=0.2524305104809974 best_score=1.3777890071701904 best_epoch=10 patience=7/8 active=True
[2026-05-07 18:32:15,230] INFO - epoch=18 train_loss=0.392825 holdout_loss=0.557733 score=1.864374 sym_p95=11.445523262023926 no_curve=2 bad_rate=0.3538 vox03=6818.969230769231 cc=1.0769230769230769 wrap=0.2593744617373329 best_score=1.3777890071701904 best_epoch=10 patience=8/8 active=True
[2026-05-07 18:32:15,230] INFO - early stopping at epoch=18 best_epoch=10 best_composite_score=1.377789
[finished_at] 2026-05-07T18:32:16.474882+00:00
[returncode] 0
