[started_at] 2026-05-07T15:52:55.900279+00:00
[cmd] /usr/local/miniconda3/envs/py310/bin/python -m src.train --config /root/cej_isolated_runs/C/cej_improve_20260507_001/experiments/exp03_focal_hard_sampling/config/train.yaml
[2026-05-07 15:53:01,795] INFO - supervised dataset audit total=244 used_labeled=188 skipped_unlabeled=56 invalid=0 audit=/root/cej_isolated_runs/C/cej_improve_20260507_001/experiments/exp03_focal_hard_sampling/outputs/train/supervised_dataset_audit.json
[2026-05-07 15:53:03,484] INFO - loaded pretrained=/root/cej_isolated_runs/C/cej_improve_20260507_001/input/checkpoints/seed_last.pt strict=False missing=0 unexpected=0
[2026-05-07 15:53:12,616] INFO - epoch 0 loss 0.3863
[2026-05-07 15:53:19,713] INFO - epoch 1 loss 0.3875
[2026-05-07 15:53:26,759] INFO - epoch 2 loss 0.3872
[2026-05-07 15:53:33,817] INFO - epoch 3 loss 0.3871
[2026-05-07 15:53:41,339] INFO - epoch 4 loss 0.3871
[2026-05-07 15:53:48,258] INFO - epoch 5 loss 0.3853
[2026-05-07 15:53:55,123] INFO - epoch 6 loss 0.3851
[2026-05-07 15:54:01,942] INFO - epoch 7 loss 0.3854
Traceback (most recent call last):
  File "/usr/local/miniconda3/envs/py310/lib/python3.10/runpy.py", line 196, in _run_module_as_main
    return _run_code(code, main_globals, None,
  File "/usr/local/miniconda3/envs/py310/lib/python3.10/runpy.py", line 86, in _run_code
    exec(code, run_globals)
  File "/root/workspace/CEJ_ABC/src/train.py", line 320, in <module>
    main()
  File "/root/workspace/CEJ_ABC/src/train.py", line 281, in main
    loss = train_one_epoch(model, loader, optimizer, device, loss_fn)
  File "/root/workspace/CEJ_ABC/src/train.py", line 201, in train_one_epoch
    loss.backward()
  File "/usr/local/miniconda3/envs/py310/lib/python3.10/site-packages/torch/_tensor.py", line 483, in backward
    return handle_torch_function(
  File "/usr/local/miniconda3/envs/py310/lib/python3.10/site-packages/torch/overrides.py", line 1577, in handle_torch_function
    result = torch_func_method(public_api, types, args, kwargs)
  File "/usr/local/miniconda3/envs/py310/lib/python3.10/site-packages/monai/data/meta_tensor.py", line 282, in __torch_function__
    ret = super().__torch_function__(func, types, args, kwargs)
  File "/usr/local/miniconda3/envs/py310/lib/python3.10/site-packages/torch/_tensor.py", line 1386, in __torch_function__
    ret = func(*args, **kwargs)
  File "/usr/local/miniconda3/envs/py310/lib/python3.10/site-packages/torch/_tensor.py", line 492, in backward
    torch.autograd.backward(
  File "/usr/local/miniconda3/envs/py310/lib/python3.10/site-packages/torch/autograd/__init__.py", line 251, in backward
    Variable._execution_engine.run_backward(  # Calls into the C++ engine to run the backward pass
KeyboardInterrupt
