[started_at] 2026-06-01T10:34:38.914329+00:00
[cmd] /usr/local/miniconda3/envs/py310/bin/python -m src.infer --config /root/cej_isolated_runs/C/stage1_geometry_prior_preprocess_20260601_101207/config/best_theta_0.25.yaml
[2026-06-01 10:34:42,589] INFO - inferred case=ToothFairy3F_040 tooth=11
[2026-06-01 10:34:42,762] INFO - inferred case=ToothFairy3F_040 tooth=12
[2026-06-01 10:34:42,947] INFO - inferred case=ToothFairy3F_040 tooth=13
[2026-06-01 10:34:43,100] INFO - inferred case=ToothFairy3F_040 tooth=14
[2026-06-01 10:34:43,307] INFO - inferred case=ToothFairy3F_040 tooth=15
[2026-06-01 10:34:43,544] INFO - inferred case=ToothFairy3F_040 tooth=16
[2026-06-01 10:34:43,775] INFO - inferred case=ToothFairy3F_040 tooth=17
[2026-06-01 10:34:43,958] INFO - inferred case=ToothFairy3F_040 tooth=21
[2026-06-01 10:34:44,107] INFO - inferred case=ToothFairy3F_040 tooth=22
[2026-06-01 10:34:44,265] INFO - inferred case=ToothFairy3F_040 tooth=23
[2026-06-01 10:34:44,413] INFO - inferred case=ToothFairy3F_040 tooth=24
[2026-06-01 10:34:44,594] INFO - inferred case=ToothFairy3F_040 tooth=25
[2026-06-01 10:34:44,861] INFO - inferred case=ToothFairy3F_040 tooth=26
[2026-06-01 10:34:45,082] INFO - inferred case=ToothFairy3F_040 tooth=27
[2026-06-01 10:34:45,329] INFO - inferred case=ToothFairy3F_040 tooth=31
[2026-06-01 10:34:45,607] INFO - inferred case=ToothFairy3F_040 tooth=32
[2026-06-01 10:34:45,906] INFO - inferred case=ToothFairy3F_040 tooth=33
[2026-06-01 10:34:46,191] INFO - inferred case=ToothFairy3F_040 tooth=34
[2026-06-01 10:34:46,457] INFO - inferred case=ToothFairy3F_040 tooth=35
[2026-06-01 10:34:46,849] INFO - inferred case=ToothFairy3F_040 tooth=36
[2026-06-01 10:34:47,248] INFO - inferred case=ToothFairy3F_040 tooth=37
[2026-06-01 10:34:47,666] INFO - inferred case=ToothFairy3F_040 tooth=38
[2026-06-01 10:34:47,879] INFO - inferred case=ToothFairy3F_040 tooth=41
[2026-06-01 10:34:48,089] INFO - inferred case=ToothFairy3F_040 tooth=42
[2026-06-01 10:34:48,334] INFO - inferred case=ToothFairy3F_040 tooth=43
[2026-06-01 10:34:48,594] INFO - inferred case=ToothFairy3F_040 tooth=44
[2026-06-01 10:34:48,858] INFO - inferred case=ToothFairy3F_040 tooth=45
[2026-06-01 10:34:49,219] INFO - inferred case=ToothFairy3F_040 tooth=46
[2026-06-01 10:34:49,708] INFO - inferred case=ToothFairy3F_040 tooth=47
[2026-06-01 10:34:50,104] INFO - inferred case=ToothFairy3F_040 tooth=48
[2026-06-01 10:34:50,292] INFO - inferred case=ToothFairy3F_044 tooth=11
[2026-06-01 10:34:50,476] INFO - inferred case=ToothFairy3F_044 tooth=12
[2026-06-01 10:34:50,660] INFO - inferred case=ToothFairy3F_044 tooth=13
[2026-06-01 10:34:50,858] INFO - inferred case=ToothFairy3F_044 tooth=14
[2026-06-01 10:34:51,006] INFO - inferred case=ToothFairy3F_044 tooth=15
[2026-06-01 10:34:51,272] INFO - inferred case=ToothFairy3F_044 tooth=16
[2026-06-01 10:34:51,441] INFO - inferred case=ToothFairy3F_044 tooth=21
[2026-06-01 10:34:51,639] INFO - inferred case=ToothFairy3F_044 tooth=22
[2026-06-01 10:34:51,824] INFO - inferred case=ToothFairy3F_044 tooth=23
[2026-06-01 10:34:51,999] INFO - inferred case=ToothFairy3F_044 tooth=24
[2026-06-01 10:34:52,156] INFO - inferred case=ToothFairy3F_044 tooth=25
[2026-06-01 10:34:52,508] INFO - inferred case=ToothFairy3F_044 tooth=26
[2026-06-01 10:34:52,727] INFO - inferred case=ToothFairy3F_044 tooth=27
[2026-06-01 10:34:52,911] INFO - inferred case=ToothFairy3F_044 tooth=28
[2026-06-01 10:34:53,115] INFO - inferred case=ToothFairy3F_044 tooth=31
[2026-06-01 10:34:53,337] INFO - inferred case=ToothFairy3F_044 tooth=32
[2026-06-01 10:34:53,615] INFO - inferred case=ToothFairy3F_044 tooth=33
[2026-06-01 10:34:53,874] INFO - inferred case=ToothFairy3F_044 tooth=34
[2026-06-01 10:34:54,131] INFO - inferred case=ToothFairy3F_044 tooth=35
[2026-06-01 10:34:54,479] INFO - inferred case=ToothFairy3F_044 tooth=36
[2026-06-01 10:34:54,682] INFO - inferred case=ToothFairy3F_044 tooth=41
[2026-06-01 10:34:54,899] INFO - inferred case=ToothFairy3F_044 tooth=42
[2026-06-01 10:34:55,203] INFO - inferred case=ToothFairy3F_044 tooth=43
[2026-06-01 10:34:55,476] INFO - inferred case=ToothFairy3F_044 tooth=44
[2026-06-01 10:34:55,802] INFO - inferred case=ToothFairy3F_044 tooth=45
[2026-06-01 10:34:56,292] INFO - inferred case=ToothFairy3F_044 tooth=46
[2026-06-01 10:34:56,820] INFO - inferred case=ToothFairy3F_044 tooth=47
[2026-06-01 10:34:57,185] INFO - inferred case=ToothFairy3F_044 tooth=48
[2026-06-01 10:34:57,405] INFO - inferred case=ToothFairy3F_052 tooth=11
[2026-06-01 10:34:57,601] INFO - inferred case=ToothFairy3F_052 tooth=12
[2026-06-01 10:34:57,830] INFO - inferred case=ToothFairy3F_052 tooth=13
[2026-06-01 10:34:58,052] INFO - inferred case=ToothFairy3F_052 tooth=14
[2026-06-01 10:34:58,280] INFO - inferred case=ToothFairy3F_052 tooth=15
[2026-06-01 10:34:58,615] INFO - inferred case=ToothFairy3F_052 tooth=16
[2026-06-01 10:34:58,916] INFO - inferred case=ToothFairy3F_052 tooth=17
[2026-06-01 10:34:59,160] INFO - inferred case=ToothFairy3F_052 tooth=18
[2026-06-01 10:34:59,384] INFO - inferred case=ToothFairy3F_052 tooth=21
[2026-06-01 10:34:59,613] INFO - inferred case=ToothFairy3F_052 tooth=22
[2026-06-01 10:34:59,836] INFO - inferred case=ToothFairy3F_052 tooth=23
[2026-06-01 10:35:00,065] INFO - inferred case=ToothFairy3F_052 tooth=24
[2026-06-01 10:35:00,279] INFO - inferred case=ToothFairy3F_052 tooth=25
[2026-06-01 10:35:00,582] INFO - inferred case=ToothFairy3F_052 tooth=26
[2026-06-01 10:35:00,899] INFO - inferred case=ToothFairy3F_052 tooth=27
[2026-06-01 10:35:01,083] INFO - inferred case=ToothFairy3F_052 tooth=31
[2026-06-01 10:35:01,301] INFO - inferred case=ToothFairy3F_052 tooth=32
[2026-06-01 10:35:01,552] INFO - inferred case=ToothFairy3F_052 tooth=33
[2026-06-01 10:35:01,755] INFO - inferred case=ToothFairy3F_052 tooth=34
[2026-06-01 10:35:02,013] INFO - inferred case=ToothFairy3F_052 tooth=35
[2026-06-01 10:35:02,323] INFO - inferred case=ToothFairy3F_052 tooth=36
[2026-06-01 10:35:02,689] INFO - inferred case=ToothFairy3F_052 tooth=37
[2026-06-01 10:35:03,015] INFO - inferred case=ToothFairy3F_052 tooth=38
[2026-06-01 10:35:03,253] INFO - inferred case=ToothFairy3F_052 tooth=41
[2026-06-01 10:35:03,453] INFO - inferred case=ToothFairy3F_052 tooth=42
[2026-06-01 10:35:03,687] INFO - inferred case=ToothFairy3F_052 tooth=43
[2026-06-01 10:35:03,899] INFO - inferred case=ToothFairy3F_052 tooth=44
[2026-06-01 10:35:04,136] INFO - inferred case=ToothFairy3F_052 tooth=45
[2026-06-01 10:35:04,493] INFO - inferred case=ToothFairy3F_052 tooth=46
[2026-06-01 10:35:04,793] INFO - inferred case=ToothFairy3F_052 tooth=47
[2026-06-01 10:35:08,920] INFO - stitched case=ToothFairy3F_040
[2026-06-01 10:35:12,277] INFO - stitched case=ToothFairy3F_044
[2026-06-01 10:35:16,133] INFO - stitched case=ToothFairy3F_052
[finished_at] 2026-06-01T10:35:16.711934+00:00
[returncode] 0
