[started_at] 2026-06-01T10:36:04.621764+00:00
[cmd] /usr/local/miniconda3/envs/py310/bin/python -m src.infer --config /root/cej_isolated_runs/C/stage1_geometry_prior_preprocess_20260601_101207/config/best_theta_0.35.yaml
[2026-06-01 10:36:08,766] INFO - inferred case=ToothFairy3F_040 tooth=11
[2026-06-01 10:36:08,942] INFO - inferred case=ToothFairy3F_040 tooth=12
[2026-06-01 10:36:09,133] INFO - inferred case=ToothFairy3F_040 tooth=13
[2026-06-01 10:36:09,288] INFO - inferred case=ToothFairy3F_040 tooth=14
[2026-06-01 10:36:09,485] INFO - inferred case=ToothFairy3F_040 tooth=15
[2026-06-01 10:36:09,745] INFO - inferred case=ToothFairy3F_040 tooth=16
[2026-06-01 10:36:09,987] INFO - inferred case=ToothFairy3F_040 tooth=17
[2026-06-01 10:36:10,159] INFO - inferred case=ToothFairy3F_040 tooth=21
[2026-06-01 10:36:10,309] INFO - inferred case=ToothFairy3F_040 tooth=22
[2026-06-01 10:36:10,469] INFO - inferred case=ToothFairy3F_040 tooth=23
[2026-06-01 10:36:10,639] INFO - inferred case=ToothFairy3F_040 tooth=24
[2026-06-01 10:36:10,789] INFO - inferred case=ToothFairy3F_040 tooth=25
[2026-06-01 10:36:11,008] INFO - inferred case=ToothFairy3F_040 tooth=26
[2026-06-01 10:36:11,205] INFO - inferred case=ToothFairy3F_040 tooth=27
[2026-06-01 10:36:11,460] INFO - inferred case=ToothFairy3F_040 tooth=31
[2026-06-01 10:36:11,703] INFO - inferred case=ToothFairy3F_040 tooth=32
[2026-06-01 10:36:12,003] INFO - inferred case=ToothFairy3F_040 tooth=33
[2026-06-01 10:36:12,257] INFO - inferred case=ToothFairy3F_040 tooth=34
[2026-06-01 10:36:12,521] INFO - inferred case=ToothFairy3F_040 tooth=35
[2026-06-01 10:36:12,876] INFO - inferred case=ToothFairy3F_040 tooth=36
[2026-06-01 10:36:13,257] INFO - inferred case=ToothFairy3F_040 tooth=37
[2026-06-01 10:36:13,671] INFO - inferred case=ToothFairy3F_040 tooth=38
[2026-06-01 10:36:13,888] INFO - inferred case=ToothFairy3F_040 tooth=41
[2026-06-01 10:36:14,099] INFO - inferred case=ToothFairy3F_040 tooth=42
[2026-06-01 10:36:14,349] INFO - inferred case=ToothFairy3F_040 tooth=43
[2026-06-01 10:36:14,614] INFO - inferred case=ToothFairy3F_040 tooth=44
[2026-06-01 10:36:14,851] INFO - inferred case=ToothFairy3F_040 tooth=45
[2026-06-01 10:36:15,198] INFO - inferred case=ToothFairy3F_040 tooth=46
[2026-06-01 10:36:15,646] INFO - inferred case=ToothFairy3F_040 tooth=47
[2026-06-01 10:36:16,083] INFO - inferred case=ToothFairy3F_040 tooth=48
[2026-06-01 10:36:16,321] INFO - inferred case=ToothFairy3F_044 tooth=11
[2026-06-01 10:36:16,563] INFO - inferred case=ToothFairy3F_044 tooth=12
[2026-06-01 10:36:16,789] INFO - inferred case=ToothFairy3F_044 tooth=13
[2026-06-01 10:36:17,030] INFO - inferred case=ToothFairy3F_044 tooth=14
[2026-06-01 10:36:17,183] INFO - inferred case=ToothFairy3F_044 tooth=15
[2026-06-01 10:36:17,477] INFO - inferred case=ToothFairy3F_044 tooth=16
[2026-06-01 10:36:17,652] INFO - inferred case=ToothFairy3F_044 tooth=21
[2026-06-01 10:36:17,854] INFO - inferred case=ToothFairy3F_044 tooth=22
[2026-06-01 10:36:18,046] INFO - inferred case=ToothFairy3F_044 tooth=23
[2026-06-01 10:36:18,237] INFO - inferred case=ToothFairy3F_044 tooth=24
[2026-06-01 10:36:18,439] INFO - inferred case=ToothFairy3F_044 tooth=25
[2026-06-01 10:36:18,890] INFO - inferred case=ToothFairy3F_044 tooth=26
[2026-06-01 10:36:19,145] INFO - inferred case=ToothFairy3F_044 tooth=27
[2026-06-01 10:36:19,355] INFO - inferred case=ToothFairy3F_044 tooth=28
[2026-06-01 10:36:19,555] INFO - inferred case=ToothFairy3F_044 tooth=31
[2026-06-01 10:36:19,772] INFO - inferred case=ToothFairy3F_044 tooth=32
[2026-06-01 10:36:20,055] INFO - inferred case=ToothFairy3F_044 tooth=33
[2026-06-01 10:36:20,336] INFO - inferred case=ToothFairy3F_044 tooth=34
[2026-06-01 10:36:20,589] INFO - inferred case=ToothFairy3F_044 tooth=35
[2026-06-01 10:36:20,953] INFO - inferred case=ToothFairy3F_044 tooth=36
[2026-06-01 10:36:21,151] INFO - inferred case=ToothFairy3F_044 tooth=41
[2026-06-01 10:36:21,358] INFO - inferred case=ToothFairy3F_044 tooth=42
[2026-06-01 10:36:21,651] INFO - inferred case=ToothFairy3F_044 tooth=43
[2026-06-01 10:36:21,888] INFO - inferred case=ToothFairy3F_044 tooth=44
[2026-06-01 10:36:22,140] INFO - inferred case=ToothFairy3F_044 tooth=45
[2026-06-01 10:36:22,512] INFO - inferred case=ToothFairy3F_044 tooth=46
[2026-06-01 10:36:22,912] INFO - inferred case=ToothFairy3F_044 tooth=47
[2026-06-01 10:36:23,238] INFO - inferred case=ToothFairy3F_044 tooth=48
[2026-06-01 10:36:23,480] INFO - inferred case=ToothFairy3F_052 tooth=11
[2026-06-01 10:36:23,677] INFO - inferred case=ToothFairy3F_052 tooth=12
[2026-06-01 10:36:23,910] INFO - inferred case=ToothFairy3F_052 tooth=13
[2026-06-01 10:36:24,152] INFO - inferred case=ToothFairy3F_052 tooth=14
[2026-06-01 10:36:24,380] INFO - inferred case=ToothFairy3F_052 tooth=15
[2026-06-01 10:36:24,691] INFO - inferred case=ToothFairy3F_052 tooth=16
[2026-06-01 10:36:24,995] INFO - inferred case=ToothFairy3F_052 tooth=17
[2026-06-01 10:36:25,288] INFO - inferred case=ToothFairy3F_052 tooth=18
[2026-06-01 10:36:25,549] INFO - inferred case=ToothFairy3F_052 tooth=21
[2026-06-01 10:36:25,830] INFO - inferred case=ToothFairy3F_052 tooth=22
[2026-06-01 10:36:26,057] INFO - inferred case=ToothFairy3F_052 tooth=23
[2026-06-01 10:36:26,325] INFO - inferred case=ToothFairy3F_052 tooth=24
[2026-06-01 10:36:26,584] INFO - inferred case=ToothFairy3F_052 tooth=25
[2026-06-01 10:36:26,959] INFO - inferred case=ToothFairy3F_052 tooth=26
[2026-06-01 10:36:27,239] INFO - inferred case=ToothFairy3F_052 tooth=27
[2026-06-01 10:36:27,424] INFO - inferred case=ToothFairy3F_052 tooth=31
[2026-06-01 10:36:27,645] INFO - inferred case=ToothFairy3F_052 tooth=32
[2026-06-01 10:36:27,900] INFO - inferred case=ToothFairy3F_052 tooth=33
[2026-06-01 10:36:28,106] INFO - inferred case=ToothFairy3F_052 tooth=34
[2026-06-01 10:36:28,365] INFO - inferred case=ToothFairy3F_052 tooth=35
[2026-06-01 10:36:28,683] INFO - inferred case=ToothFairy3F_052 tooth=36
[2026-06-01 10:36:29,021] INFO - inferred case=ToothFairy3F_052 tooth=37
[2026-06-01 10:36:29,325] INFO - inferred case=ToothFairy3F_052 tooth=38
[2026-06-01 10:36:29,513] INFO - inferred case=ToothFairy3F_052 tooth=41
[2026-06-01 10:36:29,712] INFO - inferred case=ToothFairy3F_052 tooth=42
[2026-06-01 10:36:29,935] INFO - inferred case=ToothFairy3F_052 tooth=43
[2026-06-01 10:36:30,148] INFO - inferred case=ToothFairy3F_052 tooth=44
[2026-06-01 10:36:30,388] INFO - inferred case=ToothFairy3F_052 tooth=45
[2026-06-01 10:36:30,744] INFO - inferred case=ToothFairy3F_052 tooth=46
[2026-06-01 10:36:31,047] INFO - inferred case=ToothFairy3F_052 tooth=47
[2026-06-01 10:36:35,115] INFO - stitched case=ToothFairy3F_040
[2026-06-01 10:36:39,129] INFO - stitched case=ToothFairy3F_044
[2026-06-01 10:36:43,516] INFO - stitched case=ToothFairy3F_052
[finished_at] 2026-06-01T10:36:44.273454+00:00
[returncode] 0
