[started_at] 2026-06-01T10:35:20.593377+00:00
[cmd] /usr/local/miniconda3/envs/py310/bin/python -m src.infer --config /root/cej_isolated_runs/C/stage1_geometry_prior_preprocess_20260601_101207/config/best_theta_0.30.yaml
[2026-06-01 10:35:24,221] INFO - inferred case=ToothFairy3F_040 tooth=11
[2026-06-01 10:35:24,393] INFO - inferred case=ToothFairy3F_040 tooth=12
[2026-06-01 10:35:24,578] INFO - inferred case=ToothFairy3F_040 tooth=13
[2026-06-01 10:35:24,730] INFO - inferred case=ToothFairy3F_040 tooth=14
[2026-06-01 10:35:24,910] INFO - inferred case=ToothFairy3F_040 tooth=15
[2026-06-01 10:35:25,170] INFO - inferred case=ToothFairy3F_040 tooth=16
[2026-06-01 10:35:25,425] INFO - inferred case=ToothFairy3F_040 tooth=17
[2026-06-01 10:35:25,609] INFO - inferred case=ToothFairy3F_040 tooth=21
[2026-06-01 10:35:25,795] INFO - inferred case=ToothFairy3F_040 tooth=22
[2026-06-01 10:35:25,988] INFO - inferred case=ToothFairy3F_040 tooth=23
[2026-06-01 10:35:26,175] INFO - inferred case=ToothFairy3F_040 tooth=24
[2026-06-01 10:35:26,361] INFO - inferred case=ToothFairy3F_040 tooth=25
[2026-06-01 10:35:26,619] INFO - inferred case=ToothFairy3F_040 tooth=26
[2026-06-01 10:35:26,850] INFO - inferred case=ToothFairy3F_040 tooth=27
[2026-06-01 10:35:27,058] INFO - inferred case=ToothFairy3F_040 tooth=31
[2026-06-01 10:35:27,295] INFO - inferred case=ToothFairy3F_040 tooth=32
[2026-06-01 10:35:27,589] INFO - inferred case=ToothFairy3F_040 tooth=33
[2026-06-01 10:35:27,836] INFO - inferred case=ToothFairy3F_040 tooth=34
[2026-06-01 10:35:28,090] INFO - inferred case=ToothFairy3F_040 tooth=35
[2026-06-01 10:35:28,438] INFO - inferred case=ToothFairy3F_040 tooth=36
[2026-06-01 10:35:28,811] INFO - inferred case=ToothFairy3F_040 tooth=37
[2026-06-01 10:35:29,217] INFO - inferred case=ToothFairy3F_040 tooth=38
[2026-06-01 10:35:29,428] INFO - inferred case=ToothFairy3F_040 tooth=41
[2026-06-01 10:35:29,641] INFO - inferred case=ToothFairy3F_040 tooth=42
[2026-06-01 10:35:29,893] INFO - inferred case=ToothFairy3F_040 tooth=43
[2026-06-01 10:35:30,153] INFO - inferred case=ToothFairy3F_040 tooth=44
[2026-06-01 10:35:30,382] INFO - inferred case=ToothFairy3F_040 tooth=45
[2026-06-01 10:35:30,735] INFO - inferred case=ToothFairy3F_040 tooth=46
[2026-06-01 10:35:31,318] INFO - inferred case=ToothFairy3F_040 tooth=47
[2026-06-01 10:35:31,756] INFO - inferred case=ToothFairy3F_040 tooth=48
[2026-06-01 10:35:31,953] INFO - inferred case=ToothFairy3F_044 tooth=11
[2026-06-01 10:35:32,142] INFO - inferred case=ToothFairy3F_044 tooth=12
[2026-06-01 10:35:32,331] INFO - inferred case=ToothFairy3F_044 tooth=13
[2026-06-01 10:35:32,530] INFO - inferred case=ToothFairy3F_044 tooth=14
[2026-06-01 10:35:32,684] INFO - inferred case=ToothFairy3F_044 tooth=15
[2026-06-01 10:35:32,998] INFO - inferred case=ToothFairy3F_044 tooth=16
[2026-06-01 10:35:33,227] INFO - inferred case=ToothFairy3F_044 tooth=21
[2026-06-01 10:35:33,446] INFO - inferred case=ToothFairy3F_044 tooth=22
[2026-06-01 10:35:33,630] INFO - inferred case=ToothFairy3F_044 tooth=23
[2026-06-01 10:35:33,815] INFO - inferred case=ToothFairy3F_044 tooth=24
[2026-06-01 10:35:33,974] INFO - inferred case=ToothFairy3F_044 tooth=25
[2026-06-01 10:35:34,320] INFO - inferred case=ToothFairy3F_044 tooth=26
[2026-06-01 10:35:34,546] INFO - inferred case=ToothFairy3F_044 tooth=27
[2026-06-01 10:35:34,734] INFO - inferred case=ToothFairy3F_044 tooth=28
[2026-06-01 10:35:34,946] INFO - inferred case=ToothFairy3F_044 tooth=31
[2026-06-01 10:35:35,212] INFO - inferred case=ToothFairy3F_044 tooth=32
[2026-06-01 10:35:35,509] INFO - inferred case=ToothFairy3F_044 tooth=33
[2026-06-01 10:35:35,828] INFO - inferred case=ToothFairy3F_044 tooth=34
[2026-06-01 10:35:36,154] INFO - inferred case=ToothFairy3F_044 tooth=35
[2026-06-01 10:35:36,625] INFO - inferred case=ToothFairy3F_044 tooth=36
[2026-06-01 10:35:36,866] INFO - inferred case=ToothFairy3F_044 tooth=41
[2026-06-01 10:35:37,078] INFO - inferred case=ToothFairy3F_044 tooth=42
[2026-06-01 10:35:37,351] INFO - inferred case=ToothFairy3F_044 tooth=43
[2026-06-01 10:35:37,628] INFO - inferred case=ToothFairy3F_044 tooth=44
[2026-06-01 10:35:37,877] INFO - inferred case=ToothFairy3F_044 tooth=45
[2026-06-01 10:35:38,237] INFO - inferred case=ToothFairy3F_044 tooth=46
[2026-06-01 10:35:38,617] INFO - inferred case=ToothFairy3F_044 tooth=47
[2026-06-01 10:35:38,951] INFO - inferred case=ToothFairy3F_044 tooth=48
[2026-06-01 10:35:39,171] INFO - inferred case=ToothFairy3F_052 tooth=11
[2026-06-01 10:35:39,370] INFO - inferred case=ToothFairy3F_052 tooth=12
[2026-06-01 10:35:39,614] INFO - inferred case=ToothFairy3F_052 tooth=13
[2026-06-01 10:35:39,914] INFO - inferred case=ToothFairy3F_052 tooth=14
[2026-06-01 10:35:40,163] INFO - inferred case=ToothFairy3F_052 tooth=15
[2026-06-01 10:35:40,619] INFO - inferred case=ToothFairy3F_052 tooth=16
[2026-06-01 10:35:40,916] INFO - inferred case=ToothFairy3F_052 tooth=17
[2026-06-01 10:35:41,159] INFO - inferred case=ToothFairy3F_052 tooth=18
[2026-06-01 10:35:41,381] INFO - inferred case=ToothFairy3F_052 tooth=21
[2026-06-01 10:35:41,609] INFO - inferred case=ToothFairy3F_052 tooth=22
[2026-06-01 10:35:41,837] INFO - inferred case=ToothFairy3F_052 tooth=23
[2026-06-01 10:35:42,071] INFO - inferred case=ToothFairy3F_052 tooth=24
[2026-06-01 10:35:42,289] INFO - inferred case=ToothFairy3F_052 tooth=25
[2026-06-01 10:35:42,586] INFO - inferred case=ToothFairy3F_052 tooth=26
[2026-06-01 10:35:42,874] INFO - inferred case=ToothFairy3F_052 tooth=27
[2026-06-01 10:35:43,060] INFO - inferred case=ToothFairy3F_052 tooth=31
[2026-06-01 10:35:43,282] INFO - inferred case=ToothFairy3F_052 tooth=32
[2026-06-01 10:35:43,541] INFO - inferred case=ToothFairy3F_052 tooth=33
[2026-06-01 10:35:43,742] INFO - inferred case=ToothFairy3F_052 tooth=34
[2026-06-01 10:35:44,002] INFO - inferred case=ToothFairy3F_052 tooth=35
[2026-06-01 10:35:44,333] INFO - inferred case=ToothFairy3F_052 tooth=36
[2026-06-01 10:35:44,693] INFO - inferred case=ToothFairy3F_052 tooth=37
[2026-06-01 10:35:45,001] INFO - inferred case=ToothFairy3F_052 tooth=38
[2026-06-01 10:35:45,194] INFO - inferred case=ToothFairy3F_052 tooth=41
[2026-06-01 10:35:45,430] INFO - inferred case=ToothFairy3F_052 tooth=42
[2026-06-01 10:35:45,693] INFO - inferred case=ToothFairy3F_052 tooth=43
[2026-06-01 10:35:45,915] INFO - inferred case=ToothFairy3F_052 tooth=44
[2026-06-01 10:35:46,193] INFO - inferred case=ToothFairy3F_052 tooth=45
[2026-06-01 10:35:46,601] INFO - inferred case=ToothFairy3F_052 tooth=46
[2026-06-01 10:35:46,916] INFO - inferred case=ToothFairy3F_052 tooth=47
[2026-06-01 10:35:51,138] INFO - stitched case=ToothFairy3F_040
[2026-06-01 10:35:55,141] INFO - stitched case=ToothFairy3F_044
[2026-06-01 10:35:59,518] INFO - stitched case=ToothFairy3F_052
[finished_at] 2026-06-01T10:36:00.319449+00:00
[returncode] 0
