[started_at] 2026-06-01T10:33:57.437837+00:00
[cmd] /usr/local/miniconda3/envs/py310/bin/python -m src.infer --config /root/cej_isolated_runs/C/stage1_geometry_prior_preprocess_20260601_101207/config/best_theta_0.20.yaml
[2026-06-01 10:34:01,083] INFO - inferred case=ToothFairy3F_040 tooth=11
[2026-06-01 10:34:01,256] INFO - inferred case=ToothFairy3F_040 tooth=12
[2026-06-01 10:34:01,444] INFO - inferred case=ToothFairy3F_040 tooth=13
[2026-06-01 10:34:01,600] INFO - inferred case=ToothFairy3F_040 tooth=14
[2026-06-01 10:34:01,780] INFO - inferred case=ToothFairy3F_040 tooth=15
[2026-06-01 10:34:02,017] INFO - inferred case=ToothFairy3F_040 tooth=16
[2026-06-01 10:34:02,253] INFO - inferred case=ToothFairy3F_040 tooth=17
[2026-06-01 10:34:02,412] INFO - inferred case=ToothFairy3F_040 tooth=21
[2026-06-01 10:34:02,560] INFO - inferred case=ToothFairy3F_040 tooth=22
[2026-06-01 10:34:02,724] INFO - inferred case=ToothFairy3F_040 tooth=23
[2026-06-01 10:34:02,873] INFO - inferred case=ToothFairy3F_040 tooth=24
[2026-06-01 10:34:03,020] INFO - inferred case=ToothFairy3F_040 tooth=25
[2026-06-01 10:34:03,282] INFO - inferred case=ToothFairy3F_040 tooth=26
[2026-06-01 10:34:03,471] INFO - inferred case=ToothFairy3F_040 tooth=27
[2026-06-01 10:34:03,679] INFO - inferred case=ToothFairy3F_040 tooth=31
[2026-06-01 10:34:03,920] INFO - inferred case=ToothFairy3F_040 tooth=32
[2026-06-01 10:34:04,213] INFO - inferred case=ToothFairy3F_040 tooth=33
[2026-06-01 10:34:04,461] INFO - inferred case=ToothFairy3F_040 tooth=34
[2026-06-01 10:34:04,720] INFO - inferred case=ToothFairy3F_040 tooth=35
[2026-06-01 10:34:05,127] INFO - inferred case=ToothFairy3F_040 tooth=36
[2026-06-01 10:34:05,534] INFO - inferred case=ToothFairy3F_040 tooth=37
[2026-06-01 10:34:05,944] INFO - inferred case=ToothFairy3F_040 tooth=38
[2026-06-01 10:34:06,166] INFO - inferred case=ToothFairy3F_040 tooth=41
[2026-06-01 10:34:06,423] INFO - inferred case=ToothFairy3F_040 tooth=42
[2026-06-01 10:34:06,737] INFO - inferred case=ToothFairy3F_040 tooth=43
[2026-06-01 10:34:07,109] INFO - inferred case=ToothFairy3F_040 tooth=44
[2026-06-01 10:34:07,359] INFO - inferred case=ToothFairy3F_040 tooth=45
[2026-06-01 10:34:07,733] INFO - inferred case=ToothFairy3F_040 tooth=46
[2026-06-01 10:34:08,165] INFO - inferred case=ToothFairy3F_040 tooth=47
[2026-06-01 10:34:08,649] INFO - inferred case=ToothFairy3F_040 tooth=48
[2026-06-01 10:34:08,832] INFO - inferred case=ToothFairy3F_044 tooth=11
[2026-06-01 10:34:09,016] INFO - inferred case=ToothFairy3F_044 tooth=12
[2026-06-01 10:34:09,203] INFO - inferred case=ToothFairy3F_044 tooth=13
[2026-06-01 10:34:09,397] INFO - inferred case=ToothFairy3F_044 tooth=14
[2026-06-01 10:34:09,545] INFO - inferred case=ToothFairy3F_044 tooth=15
[2026-06-01 10:34:09,817] INFO - inferred case=ToothFairy3F_044 tooth=16
[2026-06-01 10:34:10,003] INFO - inferred case=ToothFairy3F_044 tooth=21
[2026-06-01 10:34:10,197] INFO - inferred case=ToothFairy3F_044 tooth=22
[2026-06-01 10:34:10,377] INFO - inferred case=ToothFairy3F_044 tooth=23
[2026-06-01 10:34:10,551] INFO - inferred case=ToothFairy3F_044 tooth=24
[2026-06-01 10:34:10,707] INFO - inferred case=ToothFairy3F_044 tooth=25
[2026-06-01 10:34:11,067] INFO - inferred case=ToothFairy3F_044 tooth=26
[2026-06-01 10:34:11,281] INFO - inferred case=ToothFairy3F_044 tooth=27
[2026-06-01 10:34:11,530] INFO - inferred case=ToothFairy3F_044 tooth=28
[2026-06-01 10:34:11,736] INFO - inferred case=ToothFairy3F_044 tooth=31
[2026-06-01 10:34:11,953] INFO - inferred case=ToothFairy3F_044 tooth=32
[2026-06-01 10:34:12,226] INFO - inferred case=ToothFairy3F_044 tooth=33
[2026-06-01 10:34:12,480] INFO - inferred case=ToothFairy3F_044 tooth=34
[2026-06-01 10:34:12,735] INFO - inferred case=ToothFairy3F_044 tooth=35
[2026-06-01 10:34:13,079] INFO - inferred case=ToothFairy3F_044 tooth=36
[2026-06-01 10:34:13,274] INFO - inferred case=ToothFairy3F_044 tooth=41
[2026-06-01 10:34:13,481] INFO - inferred case=ToothFairy3F_044 tooth=42
[2026-06-01 10:34:13,755] INFO - inferred case=ToothFairy3F_044 tooth=43
[2026-06-01 10:34:13,993] INFO - inferred case=ToothFairy3F_044 tooth=44
[2026-06-01 10:34:14,232] INFO - inferred case=ToothFairy3F_044 tooth=45
[2026-06-01 10:34:14,595] INFO - inferred case=ToothFairy3F_044 tooth=46
[2026-06-01 10:34:14,978] INFO - inferred case=ToothFairy3F_044 tooth=47
[2026-06-01 10:34:15,341] INFO - inferred case=ToothFairy3F_044 tooth=48
[2026-06-01 10:34:15,597] INFO - inferred case=ToothFairy3F_052 tooth=11
[2026-06-01 10:34:15,833] INFO - inferred case=ToothFairy3F_052 tooth=12
[2026-06-01 10:34:16,121] INFO - inferred case=ToothFairy3F_052 tooth=13
[2026-06-01 10:34:16,386] INFO - inferred case=ToothFairy3F_052 tooth=14
[2026-06-01 10:34:16,650] INFO - inferred case=ToothFairy3F_052 tooth=15
[2026-06-01 10:34:17,022] INFO - inferred case=ToothFairy3F_052 tooth=16
[2026-06-01 10:34:17,320] INFO - inferred case=ToothFairy3F_052 tooth=17
[2026-06-01 10:34:17,562] INFO - inferred case=ToothFairy3F_052 tooth=18
[2026-06-01 10:34:17,787] INFO - inferred case=ToothFairy3F_052 tooth=21
[2026-06-01 10:34:18,017] INFO - inferred case=ToothFairy3F_052 tooth=22
[2026-06-01 10:34:18,239] INFO - inferred case=ToothFairy3F_052 tooth=23
[2026-06-01 10:34:18,467] INFO - inferred case=ToothFairy3F_052 tooth=24
[2026-06-01 10:34:18,679] INFO - inferred case=ToothFairy3F_052 tooth=25
[2026-06-01 10:34:18,971] INFO - inferred case=ToothFairy3F_052 tooth=26
[2026-06-01 10:34:19,257] INFO - inferred case=ToothFairy3F_052 tooth=27
[2026-06-01 10:34:19,443] INFO - inferred case=ToothFairy3F_052 tooth=31
[2026-06-01 10:34:19,664] INFO - inferred case=ToothFairy3F_052 tooth=32
[2026-06-01 10:34:19,918] INFO - inferred case=ToothFairy3F_052 tooth=33
[2026-06-01 10:34:20,119] INFO - inferred case=ToothFairy3F_052 tooth=34
[2026-06-01 10:34:20,378] INFO - inferred case=ToothFairy3F_052 tooth=35
[2026-06-01 10:34:20,702] INFO - inferred case=ToothFairy3F_052 tooth=36
[2026-06-01 10:34:21,061] INFO - inferred case=ToothFairy3F_052 tooth=37
[2026-06-01 10:34:21,378] INFO - inferred case=ToothFairy3F_052 tooth=38
[2026-06-01 10:34:21,564] INFO - inferred case=ToothFairy3F_052 tooth=41
[2026-06-01 10:34:21,762] INFO - inferred case=ToothFairy3F_052 tooth=42
[2026-06-01 10:34:21,989] INFO - inferred case=ToothFairy3F_052 tooth=43
[2026-06-01 10:34:22,207] INFO - inferred case=ToothFairy3F_052 tooth=44
[2026-06-01 10:34:22,444] INFO - inferred case=ToothFairy3F_052 tooth=45
[2026-06-01 10:34:22,807] INFO - inferred case=ToothFairy3F_052 tooth=46
[2026-06-01 10:34:23,112] INFO - inferred case=ToothFairy3F_052 tooth=47
[2026-06-01 10:34:26,900] INFO - stitched case=ToothFairy3F_040
[2026-06-01 10:34:30,464] INFO - stitched case=ToothFairy3F_044
[2026-06-01 10:34:34,372] INFO - stitched case=ToothFairy3F_052
[finished_at] 2026-06-01T10:34:34.979148+00:00
[returncode] 0
