[started_at] 2026-06-01T10:19:14.832351+00:00
[cmd] /usr/local/miniconda3/envs/py310/bin/python -m src.train_loss_earlystop --config /root/cej_isolated_runs/C/stage1_geometry_prior_preprocess_20260601_101207/config/train.yaml
[2026-06-01 10:19:25,370] INFO - loaded pretrained=/root/cej_isolated_runs/C/stage1_geometry_prior_preprocess_20260601_101207/input/checkpoints/unsup_last.pt strict=False loaded_tensors=114 missing=0 unexpected=0 skipped_mismatch=0
[2026-06-01 10:20:22,266] INFO - epoch=0 train_loss=1.122983 holdout_loss=0.785309 score=3.423208 sym_p95=20.14944076538086 manual_p95=169.5258026123047 manual_sr1=0.08078431372549019 no_curve=8 bad_rate=1.0000 vox03=17229.123076923075 cc=17.83076923076923 wrap=0.12961435421245304 best_score=None best_epoch=None patience=0/8 active=False
[2026-06-01 10:20:54,925] INFO - epoch=1 train_loss=0.497826 holdout_loss=0.787240 score=5.823834 sym_p95=173.02890014648438 manual_p95=178.98324584960938 manual_sr1=0.0815686274509804 no_curve=14 bad_rate=0.7538 vox03=8016.430769230769 cc=1.6153846153846154 wrap=0.10324650527409854 best_score=None best_epoch=None patience=0/8 active=False
[2026-06-01 10:21:28,352] INFO - epoch=2 train_loss=0.464403 holdout_loss=0.763586 score=5.724487 sym_p95=171.77601623535156 manual_p95=176.35886535644514 manual_sr1=0.08549019607843138 no_curve=13 bad_rate=0.7231 vox03=9549.676923076922 cc=1.4 wrap=0.11448767797716211 best_score=None best_epoch=None patience=0/8 active=False
[2026-06-01 10:22:01,797] INFO - epoch=3 train_loss=0.450321 holdout_loss=0.732145 score=5.605783 sym_p95=171.54299926757812 manual_p95=173.02890014648438 manual_sr1=0.11764705882352941 no_curve=12 bad_rate=0.6000 vox03=7511.092307692307 cc=1.2307692307692308 wrap=0.15876777564739172 best_score=None best_epoch=None patience=0/8 active=False
[2026-06-01 10:22:37,082] INFO - epoch=4 train_loss=0.443248 holdout_loss=0.706616 score=5.583183 sym_p95=171.54299926757812 manual_p95=173.02890014648438 manual_sr1=0.10823529411764705 no_curve=12 bad_rate=0.5538 vox03=10591.723076923077 cc=1.1076923076923078 wrap=0.1555524939681934 best_score=None best_epoch=None patience=0/8 active=False
[2026-06-01 10:23:10,495] INFO - epoch=5 train_loss=0.432945 holdout_loss=0.714897 score=5.593269 sym_p95=171.54299926757812 manual_p95=173.02890014648438 manual_sr1=0.10431372549019607 no_curve=12 bad_rate=0.6000 vox03=8313.692307692309 cc=1.1076923076923078 wrap=0.14559718626336077 best_score=None best_epoch=None patience=0/8 active=False
[2026-06-01 10:23:44,537] INFO - epoch=6 train_loss=0.427373 holdout_loss=0.730259 score=5.607886 sym_p95=171.54299926757812 manual_p95=173.02890014648438 manual_sr1=0.10352941176470588 no_curve=12 bad_rate=0.6462 vox03=7656.846153846154 cc=1.0923076923076922 wrap=0.14018262912555646 best_score=None best_epoch=None patience=0/8 active=False
[2026-06-01 10:24:18,981] INFO - epoch=7 train_loss=0.423761 holdout_loss=0.711890 score=5.591739 sym_p95=171.54299926757812 manual_p95=173.02890014648438 manual_sr1=0.11215686274509803 no_curve=12 bad_rate=0.6154 vox03=8930.0 cc=1.0307692307692307 wrap=0.1437086286540709 best_score=None best_epoch=None patience=0/8 active=False
[2026-06-01 10:24:53,337] INFO - epoch=8 train_loss=0.417460 holdout_loss=0.733432 score=5.769362 sym_p95=171.77601623535156 manual_p95=175.234130859375 manual_sr1=0.11137254901960784 no_curve=14 bad_rate=0.6462 vox03=6825.6 cc=1.0461538461538462 wrap=0.14490374450472174 best_score=None best_epoch=None patience=0/8 active=False
[2026-06-01 10:25:28,303] INFO - epoch=9 train_loss=0.414269 holdout_loss=0.717778 score=5.591427 sym_p95=171.54299926757812 manual_p95=173.02890014648438 manual_sr1=0.13725490196078433 no_curve=12 bad_rate=0.5692 vox03=6103.323076923077 cc=1.1384615384615384 wrap=0.17401496365522334 best_score=None best_epoch=None patience=0/8 active=False
[2026-06-01 10:26:16,509] INFO - epoch=10 train_loss=0.411542 holdout_loss=0.635908 score=5.040407 sym_p95=162.44076538085938 manual_p95=171.77601623535156 manual_sr1=0.13019607843137254 no_curve=6 bad_rate=0.5385 vox03=9345.507692307692 cc=1.1076923076923078 wrap=0.18970632033658116 best_score=5.040407254888349 best_epoch=10 patience=0/8 active=True
[2026-06-01 10:26:51,614] INFO - epoch=11 train_loss=0.411241 holdout_loss=0.636441 score=5.206333 sym_p95=165.56268310546875 manual_p95=171.77601623535156 manual_sr1=0.15137254901960784 no_curve=8 bad_rate=0.5231 vox03=8434.615384615385 cc=1.2461538461538462 wrap=0.18305785801972022 best_score=5.040407254888349 best_epoch=10 patience=1/8 active=True
[2026-06-01 10:27:25,169] INFO - epoch=12 train_loss=0.408666 holdout_loss=0.744175 score=5.690209 sym_p95=171.54299926757812 manual_p95=173.02890014648438 manual_sr1=0.13019607843137254 no_curve=13 bad_rate=0.5692 vox03=4989.384615384615 cc=1.0153846153846153 wrap=0.14843499046088562 best_score=5.040407254888349 best_epoch=10 patience=2/8 active=True
[2026-06-01 10:27:58,433] INFO - epoch=13 train_loss=0.405058 holdout_loss=0.644908 score=5.287645 sym_p95=168.00892639160156 manual_p95=171.77601623535156 manual_sr1=0.14666666666666667 no_curve=9 bad_rate=0.4923 vox03=6708.4 cc=1.1692307692307693 wrap=0.20613014801667764 best_score=5.040407254888349 best_epoch=10 patience=3/8 active=True
[2026-06-01 10:28:31,787] INFO - epoch=14 train_loss=0.403813 holdout_loss=0.714324 score=5.750932 sym_p95=171.77601623535156 manual_p95=175.234130859375 manual_sr1=0.13254901960784313 no_curve=14 bad_rate=0.6000 vox03=5648.861538461539 cc=0.9384615384615385 wrap=0.15991448860721125 best_score=5.040407254888349 best_epoch=10 patience=4/8 active=True
[2026-06-01 10:29:20,220] INFO - epoch=15 train_loss=0.402952 holdout_loss=0.587886 score=2.087266 sym_p95=13.076696395874023 manual_p95=13.545003604888914 manual_sr1=0.13333333333333333 no_curve=2 bad_rate=0.5385 vox03=10695.092307692308 cc=1.123076923076923 wrap=0.19050124681886563 best_score=2.0872664247311237 best_epoch=15 patience=0/8 active=True
[2026-06-01 10:29:56,130] INFO - epoch=16 train_loss=0.401869 holdout_loss=0.683191 score=5.480039 sym_p95=171.54299926757812 manual_p95=173.02890014648438 manual_sr1=0.16156862745098038 no_curve=11 bad_rate=0.4923 vox03=5935.784615384616 cc=1.0307692307692307 wrap=0.17312021350884246 best_score=2.0872664247311237 best_epoch=15 patience=1/8 active=True
[2026-06-01 10:30:30,968] INFO - epoch=17 train_loss=0.400586 holdout_loss=0.665865 score=5.544723 sym_p95=171.54299926757812 manual_p95=173.02890014648438 manual_sr1=0.1631372549019608 no_curve=12 bad_rate=0.4615 vox03=6041.107692307693 cc=0.9384615384615385 wrap=0.18009398939962545 best_score=2.0872664247311237 best_epoch=15 patience=2/8 active=True
[2026-06-01 10:31:06,652] INFO - epoch=18 train_loss=0.399833 holdout_loss=0.646591 score=5.290390 sym_p95=168.00892639160156 manual_p95=171.77601623535156 manual_sr1=0.15764705882352942 no_curve=9 bad_rate=0.5231 vox03=6266.507692307692 cc=0.9846153846153847 wrap=0.19283914774477187 best_score=2.0872664247311237 best_epoch=15 patience=3/8 active=True
[2026-06-01 10:31:40,824] INFO - epoch=19 train_loss=0.399049 holdout_loss=0.653853 score=5.369512 sym_p95=169.5258026123047 manual_p95=173.02890014648438 manual_sr1=0.18352941176470589 no_curve=10 bad_rate=0.4308 vox03=6101.2307692307695 cc=0.9846153846153847 wrap=0.210783870001687 best_score=2.0872664247311237 best_epoch=15 patience=4/8 active=True
[2026-06-01 10:32:17,072] INFO - epoch=20 train_loss=0.399210 holdout_loss=0.627741 score=5.034308 sym_p95=162.44076538085938 manual_p95=168.00892639160156 manual_sr1=0.14666666666666667 no_curve=6 bad_rate=0.5231 vox03=7118.723076923077 cc=1.0615384615384615 wrap=0.16786667166762617 best_score=2.0872664247311237 best_epoch=15 patience=5/8 active=True
[2026-06-01 10:32:51,311] INFO - epoch=21 train_loss=0.398089 holdout_loss=0.608179 score=5.009837 sym_p95=162.44076538085938 manual_p95=168.00892639160156 manual_sr1=0.15294117647058825 no_curve=6 bad_rate=0.4154 vox03=7518.492307692308 cc=1.0769230769230769 wrap=0.2064793755630815 best_score=2.0872664247311237 best_epoch=15 patience=6/8 active=True
[2026-06-01 10:33:23,644] INFO - epoch=22 train_loss=0.397549 holdout_loss=0.640934 score=5.281566 sym_p95=169.5258026123047 manual_p95=171.77601623535156 manual_sr1=0.15529411764705883 no_curve=9 bad_rate=0.4462 vox03=6239.953846153846 cc=1.0153846153846153 wrap=0.21556301654995152 best_score=2.0872664247311237 best_epoch=15 patience=7/8 active=True
[2026-06-01 10:33:56,669] INFO - epoch=23 train_loss=0.396828 holdout_loss=0.630033 score=5.190883 sym_p95=168.00892639160156 manual_p95=173.02890014648438 manual_sr1=0.1843137254901961 no_curve=8 bad_rate=0.4308 vox03=6084.907692307693 cc=1.0153846153846153 wrap=0.20426007642576058 best_score=2.0872664247311237 best_epoch=15 patience=8/8 active=True
[2026-06-01 10:33:56,670] INFO - early stopping at epoch=23 best_epoch=15 best_composite_score=2.087266
[finished_at] 2026-06-01T10:33:57.415470+00:00
[returncode] 0
